******************************************************************************
                  TI ARM Linker Unix v5.1.5                    
******************************************************************************
>> Linked Wed Apr  8 15:46:58 2015

OUTPUT FILE NAME:   <rtos_rom.xem3>
ENTRY POINT SYMBOL: "_c_int00"  address: 00001365


MEMORY CONFIGURATION

         name            origin    length      used     unused   attr    fill
----------------------  --------  ---------  --------  --------  ----  --------
  VECS                  00000000   00000100  0000003c  000000c4  R  X
  RTOS_FLASH            00000100   00000700  000004e8  00000218  R  X
  FLASH                 00000800   0001f000  00001556  0001daaa  R  X
  FLASH_CCFG            0001ffac   00000054  00000054  00000000  R  X
  RTOS_ROM              1001a000   00002c00  00002a9e  00000162  R  X
  VRAM                  20000000   00000100  000000dc  00000024  RW X
  RTOS_SRAM             20000100   00000500  00000104  000003fc  RW X
  SRAM                  20000600   00004a00  00001b3c  00002ec4  RW X


SEGMENT ALLOCATION MAP

run origin  load origin   length   init length attrs members
----------  ----------- ---------- ----------- ----- -------
00000000    00000000    0000003c   0000003c    r--
  00000000    00000000    0000003c   0000003c    r-- .resetVecs
00000100    00000100    000004ec   000004ec    r--
  00000100    00000100    00000413   00000413    r-- .sysbios_rom_const
  00000514    00000514    00000079   00000079    r-- .sysbios_rom_const
  00000590    00000590    0000003c   0000003c    r-- .sysbios_rom_const
  000005cc    000005cc    00000020   00000020    r-- .sysbios_rom_const
00000800    00000800    0000155c   0000155c    r-x
  00000800    00000800    00000e02   00000e02    r-x .text
  00001604    00001604    00000392   00000392    r-x .bigc_text
  00001998    00001998    000002b6   000002b6    r-x .mangled_apis_text
  00001c50    00001c50    0000010c   0000010c    r-- .const
0001ffac    0001ffac    00000054   00000054    r--
  0001ffac    0001ffac    00000054   00000054    r-- .ccfg
1001a000    1001a000    00002a9e   00002a9e    r-x
  1001a000    1001a000    0000230c   0000230c    r-x .sysbios_rom_text
  1001c30c    1001c30c    00000590   00000590    r-x .sysbios_rom_text
  1001c89c    1001c89c    000001dc   000001dc    r-x .sysbios_rom_text
  1001ca78    1001ca78    00000022   00000022    r-x .sysbios_rom_text
  1001ca9a    1001ca9a    00000004   00000004    r-x .sysbios_rom_text
20000000    20000000    000000dc   00000000    rw-
  20000000    20000000    000000dc   00000000    rw- .vecs
20000100    20000100    00000104   00000104    rw-
  20000100    20000100    000000f0   000000f0    rw- .sysbios_rom_data
  200001f0    200001f0    00000014   00000014    rw- .sysbios_rom_data
20000600    20000600    00000840   00000000    rw-
  20000600    20000600    00000840   00000000    rw- .bss
20000e40    20000e40    000002fc   000002fc    rw-
  20000e40    20000e40    000002fc   000002fc    rw- .data
20004000    20004000    00001000   00000000    rw-
  20004000    20004000    00001000   00000000    rw- .stack


SECTION ALLOCATION MAP

 output                                  attributes/
section   page    origin      length       input sections
--------  ----  ----------  ----------   ----------------
.cinit     0    00000800    00000000     UNINITIALIZED

.init_array 
*          0    00000800    00000000     UNINITIALIZED

.bootVecs 
*          0    00000000    00000008     DSECT
                  00000000    00000008     boot.aem3 : boot.oem3 (.bootVecs)

.resetVecs 
*          0    00000000    0000003c     
                  00000000    0000003c     CC26xx_pem3.obj (.resetVecs)

xdc.meta   0    00000000    000000f6     COPY SECTION
                  00000000    000000f6     CC26xx_pem3.obj (xdc.meta)

xdc.noload 
*          0    00000000    000019d6     COPY SECTION
                  00000000    000019d6     CC26xx_pem3.obj (xdc.noload)

.sysbios_rom_const 
*          0    00000100    00000413     
                  00000100    0000003c     CC26xx_pem3.obj (.const:ti_sysbios_knl_Task_Object__PARAMS__C)
                  0000013c    00000034     CC26xx_pem3.obj (.const:ti_sysbios_knl_Mailbox_Object__PARAMS__C)
                  00000170    00000030     CC26xx_pem3.obj (.const:ti_sysbios_family_arm_m3_Hwi_Object__PARAMS__C)
                  000001a0    0000002c     CC26xx_pem3.obj (.const:ti_sysbios_hal_Hwi_Object__PARAMS__C)
                  000001cc    00000028     CC26xx_pem3.obj (.const:ti_sysbios_heaps_HeapMem_Module__FXNS__C)
                  000001f4    00000028     CC26xx_pem3.obj (.const:ti_sysbios_knl_Swi_Object__PARAMS__C)
                  0000021c    00000024     CC26xx_pem3.obj (.const:ti_sysbios_gates_GateHwi_Module__FXNS__C)
                  00000240    00000024     CC26xx_pem3.obj (.const:ti_sysbios_gates_GateMutex_Module__FXNS__C)
                  00000264    00000024     CC26xx_pem3.obj (.const:ti_sysbios_heaps_HeapMem_Object__PARAMS__C)
                  00000288    00000024     CC26xx_pem3.obj (.const:ti_sysbios_knl_Clock_Object__PARAMS__C)
                  000002ac    00000024     CC26xx_pem3.obj (.const:ti_sysbios_knl_Semaphore_Object__PARAMS__C)
                  000002d0    00000020     CC26xx_pem3.obj (.const:ti_sysbios_family_arm_m3_Hwi_Object__DESC__C)
                  000002f0    00000020     CC26xx_pem3.obj (.const:ti_sysbios_gates_GateHwi_Object__DESC__C)
                  00000310    00000020     CC26xx_pem3.obj (.const:ti_sysbios_gates_GateMutex_Object__DESC__C)
                  00000330    00000020     CC26xx_pem3.obj (.const:ti_sysbios_hal_Hwi_Object__DESC__C)
                  00000350    00000020     CC26xx_pem3.obj (.const:ti_sysbios_heaps_HeapMem_Object__DESC__C)
                  00000370    00000020     CC26xx_pem3.obj (.const:ti_sysbios_knl_Clock_Object__DESC__C)
                  00000390    00000020     CC26xx_pem3.obj (.const:ti_sysbios_knl_Mailbox_Object__DESC__C)
                  000003b0    00000020     CC26xx_pem3.obj (.const:ti_sysbios_knl_Queue_Object__DESC__C)
                  000003d0    00000020     CC26xx_pem3.obj (.const:ti_sysbios_knl_Semaphore_Object__DESC__C)
                  000003f0    00000020     CC26xx_pem3.obj (.const:ti_sysbios_knl_Swi_Object__DESC__C)
                  00000410    00000020     CC26xx_pem3.obj (.const:ti_sysbios_knl_Task_Object__DESC__C)
                  00000430    00000018     CC26xx_pem3.obj (.const:ti_sysbios_gates_GateHwi_Object__PARAMS__C)
                  00000448    00000018     CC26xx_pem3.obj (.const:ti_sysbios_gates_GateMutex_Object__PARAMS__C)
                  00000460    00000018     CC26xx_pem3.obj (.const:ti_sysbios_knl_Queue_Object__PARAMS__C)
                  00000478    00000008     CC26xx_pem3.obj (.const:ti_sysbios_family_arm_m3_Hwi_hooks__C)
                  00000480    00000008     CC26xx_pem3.obj (.const:ti_sysbios_knl_Idle_funcList__C)
                  00000488    00000004     CC26xx_pem3.obj (.const:ti_sysbios_family_arm_cc26xx_Timer_startupNeeded__C)
                  0000048c    00000004     CC26xx_pem3.obj (.const:ti_sysbios_family_arm_m3_Hwi_E_alreadyDefined__C)
                  00000490    00000004     CC26xx_pem3.obj (.const:ti_sysbios_family_arm_m3_Hwi_E_hwiLimitExceeded__C)
                  00000494    00000004     CC26xx_pem3.obj (.const:ti_sysbios_family_arm_m3_Hwi_NUM_INTERRUPTS__C)
                  00000498    00000004     CC26xx_pem3.obj (.const:ti_sysbios_family_arm_m3_Hwi_Object__count__C)
                  0000049c    00000004     CC26xx_pem3.obj (.const:ti_sysbios_family_arm_m3_Hwi_Object__table__C)
                  000004a0    00000004     CC26xx_pem3.obj (.const:ti_sysbios_family_arm_m3_Hwi_ccr__C)
                  000004a4    00000004     CC26xx_pem3.obj (.const:ti_sysbios_family_arm_m3_Hwi_excHandlerFunc__C)
                  000004a8    00000004     CC26xx_pem3.obj (.const:ti_sysbios_family_arm_m3_Hwi_nullIsrFunc__C)
                  000004ac    00000004     CC26xx_pem3.obj (.const:ti_sysbios_family_arm_m3_Hwi_numSparseInterrupts__C)
                  000004b0    00000004     CC26xx_pem3.obj (.const:ti_sysbios_family_arm_m3_Hwi_priGroup__C)
                  000004b4    00000004     CC26xx_pem3.obj (.const:ti_sysbios_family_arm_m3_TaskSupport_stackAlignment__C)
                  000004b8    00000004     CC26xx_pem3.obj (.const:ti_sysbios_heaps_HeapMem_E_memory__C)
                  000004bc    00000004     CC26xx_pem3.obj (.const:ti_sysbios_heaps_HeapMem_Module__gateObj__C)
                  000004c0    00000004     CC26xx_pem3.obj (.const:ti_sysbios_heaps_HeapMem_Object__count__C)
                  000004c4    00000004     CC26xx_pem3.obj (.const:ti_sysbios_heaps_HeapMem_Object__table__C)
                  000004c8    00000004     CC26xx_pem3.obj (.const:ti_sysbios_heaps_HeapMem_reqAlign__C)
                  000004cc    00000004     CC26xx_pem3.obj (.const:ti_sysbios_knl_Mailbox_Object__count__C)
                  000004d0    00000004     CC26xx_pem3.obj (.const:ti_sysbios_knl_Mailbox_Object__table__C)
                  000004d4    00000004     CC26xx_pem3.obj (.const:ti_sysbios_knl_Mailbox_maxTypeAlign__C)
                  000004d8    00000004     CC26xx_pem3.obj (.const:ti_sysbios_knl_Queue_Object__count__C)
                  000004dc    00000004     CC26xx_pem3.obj (.const:ti_sysbios_knl_Queue_Object__table__C)
                  000004e0    00000004     CC26xx_pem3.obj (.const:ti_sysbios_knl_Swi_Object__count__C)
                  000004e4    00000004     CC26xx_pem3.obj (.const:ti_sysbios_knl_Swi_Object__table__C)
                  000004e8    00000004     CC26xx_pem3.obj (.const:ti_sysbios_knl_Swi_numPriorities__C)
                  000004ec    00000004     CC26xx_pem3.obj (.const:ti_sysbios_knl_Task_Object__count__C)
                  000004f0    00000004     CC26xx_pem3.obj (.const:ti_sysbios_knl_Task_Object__table__C)
                  000004f4    00000004     CC26xx_pem3.obj (.const:ti_sysbios_knl_Task_allBlockedFunc__C)
                  000004f8    00000004     CC26xx_pem3.obj (.const:ti_sysbios_knl_Task_defaultStackHeap__C)
                  000004fc    00000004     CC26xx_pem3.obj (.const:ti_sysbios_knl_Task_defaultStackSize__C)
                  00000500    00000004     CC26xx_pem3.obj (.const:ti_sysbios_knl_Task_numConstructedTasks__C)
                  00000504    00000002     CC26xx_pem3.obj (.const:ti_sysbios_family_arm_cc26xx_Timer_Module__id__C)
                  00000506    00000002     CC26xx_pem3.obj (.const:ti_sysbios_family_arm_cc26xx_TimestampProvider_useClockTimer__C)
                  00000508    00000002     CC26xx_pem3.obj (.const:ti_sysbios_family_arm_m3_Hwi_Module__id__C)
                  0000050a    00000002     CC26xx_pem3.obj (.const:ti_sysbios_gates_GateHwi_Module__id__C)
                  0000050c    00000002     CC26xx_pem3.obj (.const:ti_sysbios_gates_GateMutex_Module__id__C)
                  0000050e    00000002     CC26xx_pem3.obj (.const:ti_sysbios_heaps_HeapMem_Module__id__C)
                  00000510    00000002     CC26xx_pem3.obj (.const:ti_sysbios_knl_Task_initStackFlag__C)
                  00000512    00000001     CC26xx_pem3.obj (.const:ti_sysbios_knl_Clock_tickMode__C)

.sysbios_rom_const 
*          0    00000514    00000079     
                  00000514    00000008     CC26xx_pem3.obj (.const:xdc_runtime_Startup_firstFxns__C)
                  0000051c    00000008     CC26xx_pem3.obj (.const:xdc_runtime_Startup_lastFxns__C)
                  00000524    00000004     CC26xx_pem3.obj (.const:xdc_runtime_Assert_E_assertFailed__C)
                  00000528    00000004     CC26xx_pem3.obj (.const:xdc_runtime_Error_E_memory__C)
                  0000052c    00000004     CC26xx_pem3.obj (.const:xdc_runtime_Error_policyFxn__C)
                  00000530    00000004     CC26xx_pem3.obj (.const:xdc_runtime_IGateProvider_Interface__BASE__C)
                  00000534    00000004     CC26xx_pem3.obj (.const:xdc_runtime_IHeap_Interface__BASE__C)
                  00000538    00000004     CC26xx_pem3.obj (.const:xdc_runtime_IModule_Interface__BASE__C)
                  0000053c    00000004     CC26xx_pem3.obj (.const:xdc_runtime_Main_Module__diagsEnabled__C)
                  00000540    00000004     CC26xx_pem3.obj (.const:xdc_runtime_Main_Module__diagsIncluded__C)
                  00000544    00000004     CC26xx_pem3.obj (.const:xdc_runtime_Main_Module__diagsMask__C)
                  00000548    00000004     CC26xx_pem3.obj (.const:xdc_runtime_Memory_defaultHeapInstance__C)
                  0000054c    00000004     CC26xx_pem3.obj (.const:xdc_runtime_Startup_execImpl__C)
                  00000550    00000004     CC26xx_pem3.obj (.const:xdc_runtime_Startup_maxPasses__C)
                  00000554    00000004     CC26xx_pem3.obj (.const:xdc_runtime_Startup_sfxnRts__C)
                  00000558    00000004     CC26xx_pem3.obj (.const:xdc_runtime_Startup_sfxnTab__C)
                  0000055c    00000004     CC26xx_pem3.obj (.const:xdc_runtime_Startup_startModsFxn__C)
                  00000560    00000004     CC26xx_pem3.obj (.const:xdc_runtime_SysCallback_abortFxn__C)
                  00000564    00000004     CC26xx_pem3.obj (.const:xdc_runtime_SysCallback_exitFxn__C)
                  00000568    00000004     CC26xx_pem3.obj (.const:xdc_runtime_System_abortFxn__C)
                  0000056c    00000004     CC26xx_pem3.obj (.const:xdc_runtime_System_exitFxn__C)
                  00000570    00000004     CC26xx_pem3.obj (.const:xdc_runtime_System_maxAtexitHandlers__C)
                  00000574    00000004     CC26xx_pem3.obj (.const:xdc_runtime_Text_charTab__C)
                  00000578    00000004     CC26xx_pem3.obj (.const:xdc_runtime_Text_nameEmpty__C)
                  0000057c    00000004     CC26xx_pem3.obj (.const:xdc_runtime_Text_nameStatic__C)
                  00000580    00000004     CC26xx_pem3.obj (.const:xdc_runtime_Text_nameUnknown__C)
                  00000584    00000002     CC26xx_pem3.obj (.const:xdc_runtime_Main_Module__id__C)
                  00000586    00000002     CC26xx_pem3.obj (.const:xdc_runtime_Memory_Module__id__C)
                  00000588    00000002     CC26xx_pem3.obj (.const:xdc_runtime_Text_charCnt__C)
                  0000058a    00000002     CC26xx_pem3.obj (.const:xdc_runtime_Text_isLoaded__C)
                  0000058c    00000001     CC26xx_pem3.obj (.const:xdc_runtime_Error_policy__C)

.sysbios_rom_const 
*          0    00000590    0000003c     
                  00000590    00000004     CC26xx_pem3.obj (.const:ti_sysbios_rom_ROM_AONRTCChannelEnable)
                  00000594    00000004     CC26xx_pem3.obj (.const:ti_sysbios_rom_ROM_AONRTCCompareValueSet)
                  00000598    00000004     CC26xx_pem3.obj (.const:ti_sysbios_rom_ROM_AONRTCCurrentCompareValueGet)
                  0000059c    00000004     CC26xx_pem3.obj (.const:ti_sysbios_rom_ROM_AONRTCEventClear)
                  000005a0    00000004     CC26xx_pem3.obj (.const:ti_sysbios_rom_ROM_ti_sysbios_family_arm_cc26xx_Timer_getCount64__E)
                  000005a4    00000004     CC26xx_pem3.obj (.const:ti_sysbios_rom_ROM_ti_sysbios_family_arm_cc26xx_Timer_getCurrentTick__E)
                  000005a8    00000004     CC26xx_pem3.obj (.const:ti_sysbios_rom_ROM_ti_sysbios_family_arm_cc26xx_Timer_getMaxTicks__E)
                  000005ac    00000004     CC26xx_pem3.obj (.const:ti_sysbios_rom_ROM_ti_sysbios_family_arm_cc26xx_Timer_initDevice__I)
                  000005b0    00000004     CC26xx_pem3.obj (.const:ti_sysbios_rom_ROM_ti_sysbios_family_arm_cc26xx_Timer_setNextTick__E)
                  000005b4    00000004     CC26xx_pem3.obj (.const:ti_sysbios_rom_ROM_ti_sysbios_family_arm_cc26xx_Timer_setThreshold__I)
                  000005b8    00000004     CC26xx_pem3.obj (.const:ti_sysbios_rom_ROM_ti_sysbios_family_arm_cc26xx_Timer_start__E)
                  000005bc    00000004     CC26xx_pem3.obj (.const:ti_sysbios_rom_ROM_ti_sysbios_family_arm_cc26xx_TimestampProvider_get32__E)
                  000005c0    00000004     CC26xx_pem3.obj (.const:ti_sysbios_rom_ROM_xdc_runtime_Startup_getState__I)
                  000005c4    00000004     CC26xx_pem3.obj (.const:ti_sysbios_rom_ROM_xdc_runtime_System_SupportProxy_abort__E)
                  000005c8    00000004     CC26xx_pem3.obj (.const:ti_sysbios_rom_ROM_xdc_runtime_System_SupportProxy_exit__E)

.sysbios_rom_const 
*          0    000005cc    00000020     
                  000005cc    00000004     CC26xx_pem3.obj (.const:ti_sysbios_gates_GateMutex_Instance_State_sem__O)
                  000005d0    00000004     CC26xx_pem3.obj (.const:ti_sysbios_knl_Clock_Module_State_clockQ__O)
                  000005d4    00000004     CC26xx_pem3.obj (.const:ti_sysbios_knl_Mailbox_Instance_State_dataQue__O)
                  000005d8    00000004     CC26xx_pem3.obj (.const:ti_sysbios_knl_Mailbox_Instance_State_dataSem__O)
                  000005dc    00000004     CC26xx_pem3.obj (.const:ti_sysbios_knl_Mailbox_Instance_State_freeQue__O)
                  000005e0    00000004     CC26xx_pem3.obj (.const:ti_sysbios_knl_Mailbox_Instance_State_freeSem__O)
                  000005e4    00000004     CC26xx_pem3.obj (.const:ti_sysbios_knl_Semaphore_Instance_State_pendQ__O)
                  000005e8    00000004     CC26xx_pem3.obj (.const:ti_sysbios_knl_Task_Module_State_inactiveQ__O)

.text      0    00000800    00000e02     
                  00000800    000004f6     driverlib.lib : setup.obj (.text:HapiTrimDeviceShutDown)
                  00000cf6    000001f4     rtsv7M3_T_le_eabi.lib : ull_div_t2.obj (.text)
                  00000eea    0000019e     driverlib.lib : setup.obj (.text:trimDevice)
                  00001088    000000dc     CC26xx.obj (.text:main)
                  00001164    000000a0     auto_init.aem3 : auto_init.oem3 (.text)
                  00001204    00000064     driverlib.lib : osc.obj (.text:NOROM_OSCClockSourceSet)
                  00001268    00000056                   : ddi.obj (.text:NOROM_DDI16BitfieldWrite)
                  000012be    00000054                   : interrupt.obj (.text:NOROM_IntPendClear)
                  00001312    00000050                   : aon_event.obj (.text:NOROM_AONEventMcuWakeUpSet)
                  00001362    00000002     CC26xx.obj (.text:smallErrorPolicy)
                  00001364    00000044     boot.aem3 : boot.oem3 (.text)
                  000013a8    00000044     rtsv7M3_T_le_eabi.lib : cpy_tbl.obj (.text)
                  000013ec    00000044                           : exit.obj (.text)
                  00001430    00000036     driverlib.lib : chipinfo.obj (.text:ChipInfo_GetHwRevision)
                  00001466    00000024                   : chipinfo.obj (.text:ChipInfo_GetChipFamily)
                  0000148a    00000002     --HOLE-- [fill = 0]
                  0000148c    00000018     rtsv7M3_T_le_eabi.lib : args_main.obj (.text)
                  000014a4    00000018                           : ll_mul_t2.obj (.text)
                  000014bc    00000014     driverlib.lib : chipinfo.obj (.text:ThisCodeIsBuiltForCC26xxHwRev20AndLater_HaltIfViolated)
                  000014d0    00000014     rtsv7M3_T_le_eabi.lib : _lock.obj (.text)
                  000014e4    0000000c     driverlib.lib : cpu.obj (.text:NOROM_CPUcpsid)
                  000014f0    0000000c                   : cpu.obj (.text:NOROM_CPUcpsie)
                  000014fc    00000006                   : cpu.obj (.text:NOROM_CPUdelay)
                  00001502    00000006     mangled_BIOS_rom.obj (.text:__xdc__init)
                  00001508    0000000a     CC26xx.obj (.tramp.memcpy.1)
                  00001512    00000002     --HOLE-- [fill = 0]
                  00001514    0000000a     mangled_BIOS_rom.obj (.tramp.xdc_runtime_System_exit__E.1)
                  0000151e    00000002     --HOLE-- [fill = 0]
                  00001520    0000000a     mangled_BIOS_rom.obj (.tramp.ti_sysbios_knl_Clock_start__E.1)
                  0000152a    00000002     --HOLE-- [fill = 0]
                  0000152c    0000000a     mangled_BIOS_rom.obj (.tramp.ti_sysbios_knl_Semaphore_post__E.1)
                  00001536    00000002     --HOLE-- [fill = 0]
                  00001538    0000000a     mangled_BIOS_rom.obj (.tramp.ti_sysbios_knl_Semaphore_pend__E.1)
                  00001542    00000002     --HOLE-- [fill = 0]
                  00001544    0000000a     mangled_BIOS_rom.obj (.tramp.ti_sysbios_knl_Swi_construct.1)
                  0000154e    00000002     --HOLE-- [fill = 0]
                  00001550    0000000a     mangled_BIOS_rom.obj (.tramp.ti_sysbios_family_arm_m3_Hwi_construct.1)
                  0000155a    00000002     --HOLE-- [fill = 0]
                  0000155c    0000000a     mangled_BIOS_rom.obj (.tramp.ti_sysbios_knl_Clock_construct.1)
                  00001566    00000002     --HOLE-- [fill = 0]
                  00001568    0000000a     mangled_BIOS_rom.obj (.tramp.ti_sysbios_knl_Semaphore_construct.1)
                  00001572    00000002     --HOLE-- [fill = 0]
                  00001574    0000000a     mangled_BIOS_rom.obj (.tramp.ti_sysbios_knl_Task_construct.1)
                  0000157e    00000002     --HOLE-- [fill = 0]
                  00001580    0000000a     mangled_BIOS_rom.obj (.tramp.ti_sysbios_knl_Swi_create.1)
                  0000158a    00000002     --HOLE-- [fill = 0]
                  0000158c    0000000a     mangled_BIOS_rom.obj (.tramp.ti_sysbios_family_arm_m3_Hwi_create.1)
                  00001596    00000002     --HOLE-- [fill = 0]
                  00001598    0000000a     mangled_BIOS_rom.obj (.tramp.ti_sysbios_knl_Clock_create.1)
                  000015a2    00000002     --HOLE-- [fill = 0]
                  000015a4    0000000a     mangled_BIOS_rom.obj (.tramp.ti_sysbios_knl_Semaphore_create.1)
                  000015ae    00000002     --HOLE-- [fill = 0]
                  000015b0    0000000a     mangled_BIOS_rom.obj (.tramp.ti_sysbios_knl_Task_create.1)
                  000015ba    00000002     --HOLE-- [fill = 0]
                  000015bc    0000000a     mangled_BIOS_rom.obj (.tramp.ti_sysbios_knl_Swi_Params__init__S.1)
                  000015c6    00000002     --HOLE-- [fill = 0]
                  000015c8    0000000a     mangled_BIOS_rom.obj (.tramp.ti_sysbios_family_arm_m3_Hwi_Params__init__S.1)
                  000015d2    00000002     --HOLE-- [fill = 0]
                  000015d4    0000000a     mangled_BIOS_rom.obj (.tramp.ti_sysbios_knl_Semaphore_Params__init__S.1)
                  000015de    00000002     --HOLE-- [fill = 0]
                  000015e0    0000000a     mangled_BIOS_rom.obj (.tramp.ti_sysbios_knl_Clock_Params__init__S.1)
                  000015ea    00000002     --HOLE-- [fill = 0]
                  000015ec    0000000a     mangled_BIOS_rom.obj (.tramp.ti_sysbios_knl_Task_Params__init__S.1)
                  000015f6    00000002     --HOLE-- [fill = 0]
                  000015f8    0000000a     mangled_BIOS_rom.obj (.tramp.ti_sysbios_BIOS_start__E.1)

.bigc_text 
*          0    00001604    00000392     
                  00001604    0000009c     CC26xx_pem3.obj (.text:xdc_runtime_Startup_getState__I)
                  000016a0    00000094     CC26xx_pem3.obj (.text:ti_sysbios_BIOS_rtsUnlock__I)
                  00001734    00000030     CC26xx_pem3.obj (.text:ti_sysbios_BIOS_atExitFunc__I)
                  00001764    00000030     CC26xx_pem3.obj (.text:ti_sysbios_BIOS_rtsLock__I)
                  00001794    00000024     CC26xx_pem3.obj (.text:ti_sysbios_BIOS_registerRTSLock__I)
                  000017b8    00000024     CC26xx_pem3.obj (.text:ti_sysbios_BIOS_startFunc__I)
                  000017dc    00000020     CC26xx_pem3.obj (.text:ti_sysbios_BIOS_removeRTSLock__I)
                  000017fc    0000001c     CC26xx_pem3.obj (.text:ti_sysbios_rom_cortexm_cc26xx_CC26xx_checkRevision__E)
                  00001818    00000018     CC26xx_pem3.obj (.text:ti_sysbios_knl_Clock_doTick__I)
                  00001830    00000018     CC26xx_pem3.obj (.text:xdc_runtime_Startup_exec__I)
                  00001848    00000016     CC26xx_pem3.obj (.text:ti_sysbios_BIOS_exitFunc__I)
                  0000185e    0000000c     CC26xx_pem3.obj (.text:xdc_runtime_Startup_reset__I)
                  0000186a    0000000c     CC26xx_pem3.obj (.text:xdc_runtime_System_SupportProxy_abort__E)
                  00001876    0000000c     CC26xx_pem3.obj (.text:xdc_runtime_System_SupportProxy_exit__E)
                  00001882    00000002     CC26xx_pem3.obj (.text:ti_sysbios_BIOS_nullFunc__I)
                  00001884    00000008     CC26xx_pem3.obj (.text:ti_sysbios_family_arm_cc26xx_Timer_dynamicStub__E)
                  0000188c    00000008     CC26xx_pem3.obj (.text:ti_sysbios_family_arm_cc26xx_Timer_getCount64__E)
                  00001894    00000008     CC26xx_pem3.obj (.text:ti_sysbios_family_arm_cc26xx_Timer_getCurrentTick__E)
                  0000189c    00000008     CC26xx_pem3.obj (.text:ti_sysbios_family_arm_cc26xx_Timer_getMaxTicks__E)
                  000018a4    00000008     CC26xx_pem3.obj (.text:ti_sysbios_family_arm_cc26xx_Timer_initDevice__I)
                  000018ac    00000008     CC26xx_pem3.obj (.text:ti_sysbios_family_arm_cc26xx_Timer_setNextTick__E)
                  000018b4    00000008     CC26xx_pem3.obj (.text:ti_sysbios_family_arm_cc26xx_Timer_setThreshold__I)
                  000018bc    00000008     CC26xx_pem3.obj (.text:ti_sysbios_family_arm_cc26xx_Timer_start__E)
                  000018c4    00000008     CC26xx_pem3.obj (.text:ti_sysbios_family_arm_cc26xx_TimestampProvider_get32__E)
                  000018cc    00000008     CC26xx_pem3.obj (.text:ti_sysbios_knl_Clock_workFuncDynamic__E)
                  000018d4    00000002     CC26xx_pem3.obj (.text:ti_sysbios_rom_cortexm_cc26xx_CC26xx_badRomRevision__E)
                  000018d6    00000002     --HOLE-- [fill = 0]
                  000018d8    0000000a     mangled_BIOS_rom.obj (.tramp.xdc_runtime_SysCallback_exit__E.1)
                  000018e2    00000002     --HOLE-- [fill = 0]
                  000018e4    0000000a     mangled_BIOS_rom.obj (.tramp.xdc_runtime_SysCallback_abort__E.1)
                  000018ee    00000002     --HOLE-- [fill = 0]
                  000018f0    0000000a     mangled_BIOS_rom.obj (.tramp.xdc_runtime_System_exit__E.2)
                  000018fa    00000002     --HOLE-- [fill = 0]
                  000018fc    0000000a     mangled_BIOS_rom.obj (.tramp.ti_sysbios_knl_Swi_post__E.1)
                  00001906    00000002     --HOLE-- [fill = 0]
                  00001908    0000000a     mangled_BIOS_rom.obj (.tramp.ti_sysbios_knl_Clock_logTick__E.1)
                  00001912    00000002     --HOLE-- [fill = 0]
                  00001914    0000000a     mangled_BIOS_rom.obj (.tramp.ti_sysbios_knl_Task_startup__E.1)
                  0000191e    00000002     --HOLE-- [fill = 0]
                  00001920    0000000a     mangled_BIOS_rom.obj (.tramp.ti_sysbios_knl_Swi_startup__E.1)
                  0000192a    00000002     --HOLE-- [fill = 0]
                  0000192c    0000000a     mangled_BIOS_rom.obj (.tramp.ti_sysbios_hal_Hwi_HwiProxy_startup__E.1)
                  00001936    00000002     --HOLE-- [fill = 0]
                  00001938    0000000a     mangled_BIOS_rom.obj (.tramp.ti_sysbios_family_arm_cc26xx_Timer_startup__E.1)
                  00001942    00000002     --HOLE-- [fill = 0]
                  00001944    0000000a     mangled_BIOS_rom.obj (.tramp.xdc_runtime_System_atexit__E.1)
                  0000194e    00000002     --HOLE-- [fill = 0]
                  00001950    0000000a     mangled_BIOS_rom.obj (.tramp.ti_sysbios_BIOS_RtsGateProxy_enter__E.1)
                  0000195a    00000002     --HOLE-- [fill = 0]
                  0000195c    0000000a     mangled_BIOS_rom.obj (.tramp.ti_sysbios_BIOS_setThreadType__E.1)
                  00001966    00000002     --HOLE-- [fill = 0]
                  00001968    0000000a     mangled_BIOS_rom.obj (.tramp.ti_sysbios_knl_Task_disable__E.1)
                  00001972    00000002     --HOLE-- [fill = 0]
                  00001974    0000000a     mangled_BIOS_rom.obj (.tramp.ti_sysbios_knl_Swi_disable__E.1)
                  0000197e    00000002     --HOLE-- [fill = 0]
                  00001980    0000000a     mangled_BIOS_rom.obj (.tramp.ti_sysbios_BIOS_RtsGateProxy_leave__E.1)
                  0000198a    00000002     --HOLE-- [fill = 0]
                  0000198c    0000000a     mangled_BIOS_rom.obj (.tramp.xdc_runtime_Assert_raise__I.1)

.mangled_apis_text 
*          0    00001998    000002b6     
                  00001998    00000098     mangled_BIOS_rom.obj (.text:ti_sysbios_knl_Clock_workFuncDynamic__E__mangled__)
                  00001a30    00000074     mangled_BIOS_rom.obj (.text:ti_sysbios_family_arm_cc26xx_Timer_start__E__mangled__)
                  00001aa4    00000050     mangled_BIOS_rom.obj (.text:ti_sysbios_family_arm_cc26xx_Timer_getCurrentTick__E__mangled__)
                  00001af4    00000040     mangled_BIOS_rom.obj (.text:ti_sysbios_family_arm_cc26xx_Timer_setNextTick__E__mangled__)
                  00001b34    00000040     mangled_BIOS_rom.obj (.text:ti_sysbios_family_arm_cc26xx_Timer_setThreshold__I__mangled__)
                  00001b74    0000003c     mangled_BIOS_rom.obj (.text:ti_sysbios_family_arm_cc26xx_Timer_initDevice__I__mangled__)
                  00001bb0    00000028     mangled_BIOS_rom.obj (.text:ti_sysbios_family_arm_cc26xx_Timer_getMaxTicks__E__mangled__)
                  00001bd8    00000020     mangled_BIOS_rom.obj (.text:ti_sysbios_family_arm_cc26xx_Timer_dynamicStub__E__mangled__)
                  00001bf8    0000001c     mangled_BIOS_rom.obj (.text:ti_sysbios_family_arm_cc26xx_TimestampProvider_get32__E__mangled__)
                  00001c14    00000018     mangled_BIOS_rom.obj (.text:ti_sysbios_family_arm_cc26xx_Timer_getCount64__E__mangled__)
                  00001c2c    0000000a     mangled_BIOS_rom.obj (.tramp.ti_sysbios_knl_Clock_scheduleNextTick__E.1)
                  00001c36    00000002     --HOLE-- [fill = 0]
                  00001c38    0000000a     mangled_BIOS_rom.obj (.tramp.ti_sysbios_knl_Clock_walkQueueDynamic__E.1)
                  00001c42    00000002     --HOLE-- [fill = 0]
                  00001c44    0000000a     mangled_BIOS_rom.obj (.tramp.ti_sysbios_knl_Clock_TimerProxy_getCurrentTick__E.1)

.const     0    00001c50    0000010c     
                  00001c50    00000084     driverlib.lib : setup.obj (.const:.string:g_pui8InstructionCode)
                  00001cd4    00000048     CC26xx_pem3.obj (.const:.string)
                  00001d1c    00000024     CC26xx_pem3.obj (.const:xdc_runtime_Startup_sfxnTab__A)
                  00001d40    00000012     CC26xx_pem3.obj (.const:xdc_runtime_Startup_sfxnRts__A)
                  00001d52    00000002     --HOLE-- [fill = 0]
                  00001d54    00000008     CC26xx_pem3.obj (.const:xdc_runtime_Startup_firstFxns__A)

.ccfg      0    0001ffac    00000054     
                  0001ffac    00000054     CC26xx_pem3.obj (.ccfg:__ccfg)

.sysbios_rom_text 
*          0    1001a000    0000230c     
                  1001a000    000000cc     mangled_BIOS_rom.obj (.text:ti_sysbios_knl_Semaphore_pend__E)
                  1001a0cc    000000c8     mangled_BIOS_rom.obj (.text:ti_sysbios_knl_Mailbox_Instance_init__E)
                  1001a194    000000c4     mangled_BIOS_rom.obj (.text:ti_sysbios_heaps_HeapMem_alloc__E)
                  1001a258    000000bc     mangled_BIOS_rom.obj (.text:ti_sysbios_knl_Task_Instance_init__E)
                  1001a314    000000b4     mangled_BIOS_rom.obj (.text:ti_sysbios_family_arm_m3_Hwi_postInit__I)
                  1001a3c8    00000098     mangled_BIOS_rom.obj (.text:ti_sysbios_family_arm_m3_Hwi_Instance_init__E)
                  1001a460    00000094     mangled_BIOS_rom.obj (.text:ti_sysbios_family_arm_cc26xx_Timer_periodicStub__E)
                  1001a4f4    00000094     mangled_BIOS_rom.obj (.text:ti_sysbios_knl_Task_Instance_finalize__E)
                  1001a588    00000084     mangled_BIOS_rom.obj (.text:ti_sysbios_knl_Mailbox_post__E)
                  1001a60c    00000084     mangled_BIOS_rom.obj (.text:ti_sysbios_knl_Task_postInit__I)
                  1001a690    00000080     mangled_BIOS_rom.obj (.text:ti_sysbios_family_arm_m3_Hwi_initNVIC__E)
                  1001a710    0000007c     mangled_BIOS_rom.obj (.text:ti_sysbios_knl_Clock_startI__E)
                  1001a78c    00000078     mangled_BIOS_rom.obj (.text:ti_sysbios_heaps_HeapMem_free__E)
                  1001a804    00000078     mangled_BIOS_rom.obj (.text:ti_sysbios_knl_Clock_walkQueueDynamic__E)
                  1001a87c    00000078     mangled_BIOS_rom.obj (.text:ti_sysbios_knl_Clock_workFunc__E)
                  1001a8f4    00000070     mangled_BIOS_rom.obj (.text:ti_sysbios_knl_Mailbox_Instance_finalize__E)
                  1001a964    00000070     mangled_BIOS_rom.obj (.text:ti_sysbios_knl_Mailbox_pend__E)
                  1001a9d4    00000070     mangled_BIOS_rom.obj (.text:ti_sysbios_knl_Task_sleep__E)
                  1001aa44    00000068     mangled_BIOS_rom.obj (.text:ti_sysbios_family_arm_m3_Hwi_dispatchC__I)
                  1001aaac    00000064     mangled_BIOS_rom.obj (.text:ti_sysbios_family_arm_m3_Hwi_Object__create__S)
                  1001ab10    00000064     mangled_BIOS_rom.obj (.text:ti_sysbios_family_arm_m3_Hwi_create)
                  1001ab74    00000064     mangled_BIOS_rom.obj (.text:ti_sysbios_hal_Hwi_create)
                  1001abd8    00000064     mangled_BIOS_rom.obj (.text:ti_sysbios_knl_Mailbox_create)
                  1001ac3c    00000064     mangled_BIOS_rom.obj (.text:ti_sysbios_knl_Semaphore_post__E)
                  1001aca0    00000060     mangled_BIOS_rom.obj (.text:ti_sysbios_knl_Swi_Instance_init__E)
                  1001ad00    0000005c     mangled_BIOS_rom.obj (.text:ti_sysbios_family_arm_m3_Hwi_Instance_finalize__E)
                  1001ad5c    0000005c     mangled_BIOS_rom.obj (.text:ti_sysbios_knl_Swi_create)
                  1001adb8    0000005c     mangled_BIOS_rom.obj (.text:ti_sysbios_knl_Swi_restoreHwi__E)
                  1001ae14    0000005c     mangled_BIOS_rom.obj (.text:ti_sysbios_knl_Task_Module_startup__E)
                  1001ae70    0000005c     mangled_BIOS_rom.obj (.text:ti_sysbios_knl_Task_create)
                  1001aecc    0000005c     mangled_BIOS_rom.obj (.text:ti_sysbios_knl_Task_startCore__E)
                  1001af28    00000058     mangled_BIOS_rom.obj (.text:ti_sysbios_family_arm_m3_Hwi_construct)
                  1001af80    00000058     mangled_BIOS_rom.obj (.text:ti_sysbios_knl_Mailbox_construct)
                  1001afd8    00000058     mangled_BIOS_rom.obj (.text:ti_sysbios_knl_Swi_run__I)
                  1001b030    00000054     mangled_BIOS_rom.obj (.text:ti_sysbios_knl_Swi_schedule__I)
                  1001b084    00000050     mangled_BIOS_rom.obj (.text:ti_sysbios_knl_Swi_construct)
                  1001b0d4    00000050     mangled_BIOS_rom.obj (.text:ti_sysbios_knl_Swi_runLoop__I)
                  1001b124    00000050     mangled_BIOS_rom.obj (.text:ti_sysbios_knl_Task_construct)
                  1001b174    0000004c     mangled_BIOS_rom.obj (.text:ti_sysbios_family_arm_m3_Hwi_Module_startup__E)
                  1001b1c0    0000004c     mangled_BIOS_rom.obj (.text:ti_sysbios_knl_Task_schedule__I)
                  1001b20c    00000048     mangled_BIOS_rom.obj (.text:ti_sysbios_heaps_HeapMem_getStats__E)
                  1001b254    00000044     mangled_BIOS_rom.obj (.text:ti_sysbios_family_arm_m3_Hwi_disableInterrupt__E)
                  1001b298    00000044     mangled_BIOS_rom.obj (.text:ti_sysbios_family_arm_m3_Hwi_enableInterrupt__E)
                  1001b2dc    00000044     mangled_BIOS_rom.obj (.text:ti_sysbios_knl_Mailbox_Module_startup__E)
                  1001b320    00000044     mangled_BIOS_rom.obj (.text:ti_sysbios_knl_Swi_post__E)
                  1001b364    00000044     mangled_BIOS_rom.obj (.text:ti_sysbios_knl_Task_allBlockedFunction__I)
                  1001b3a8    00000044     mangled_BIOS_rom.obj (.text:ti_sysbios_knl_Task_yield__E)
                  1001b3ec    0000003c     mangled_BIOS_rom.obj (.text:ti_sysbios_knl_Clock_create)
                  1001b428    0000003a     mangled_BIOS_rom.obj (.text:ti_sysbios_knl_Task_exit__E)
                  1001b462    00000002     mangled_BIOS_rom.obj (.text:ti_sysbios_gates_GateHwi_Instance_init__E)
                  1001b464    00000038     mangled_BIOS_rom.obj (.text:ti_sysbios_family_arm_m3_Hwi_getStackInfo__E)
                  1001b49c    00000038     mangled_BIOS_rom.obj (.text:ti_sysbios_family_arm_m3_TaskSupport_start__E)
                  1001b4d4    00000038     mangled_BIOS_rom.obj (.text:ti_sysbios_heaps_HeapMem_Instance_init__E)
                  1001b50c    00000038     mangled_BIOS_rom.obj (.text:ti_sysbios_knl_Clock_Instance_init__E)
                  1001b544    00000034     mangled_BIOS_rom.obj (.text:ti_sysbios_heaps_HeapMem_init__I)
                  1001b578    00000034     mangled_BIOS_rom.obj (.text:ti_sysbios_knl_Clock_construct)
                  1001b5ac    00000034     mangled_BIOS_rom.obj (.text:ti_sysbios_knl_Semaphore_create)
                  1001b5e0    00000034     mangled_BIOS_rom.obj (.text:ti_sysbios_knl_Swi_restore__E)
                  1001b614    00000034     mangled_BIOS_rom.obj (.text:ti_sysbios_knl_Task_blockI__E)
                  1001b648    00000030     mangled_BIOS_rom.obj (.text:ti_sysbios_gates_GateMutex_Object__create__S)
                  1001b678    00000030     mangled_BIOS_rom.obj (.text:ti_sysbios_gates_GateMutex_create)
                  1001b6a8    00000030     mangled_BIOS_rom.obj (.text:ti_sysbios_gates_GateMutex_enter__E)
                  1001b6d8    00000030     mangled_BIOS_rom.obj (.text:ti_sysbios_knl_Clock_getTicks__E)
                  1001b708    00000030     mangled_BIOS_rom.obj (.text:ti_sysbios_knl_Semaphore_construct)
                  1001b738    00000030     mangled_BIOS_rom.obj (.text:ti_sysbios_knl_Task_processVitalTaskFlag__I)
                  1001b768    0000002c     mangled_BIOS_rom.obj (.text:ti_sysbios_family_arm_cc26xx_Timer_postInit__I)
                  1001b794    0000002c     mangled_BIOS_rom.obj (.text:ti_sysbios_family_arm_cc26xx_Timer_startup__E)
                  1001b7c0    0000002c     mangled_BIOS_rom.obj (.text:ti_sysbios_family_arm_m3_Hwi_Object__get__S)
                  1001b7ec    0000002c     mangled_BIOS_rom.obj (.text:ti_sysbios_gates_GateMutex_construct)
                  1001b818    0000002c     mangled_BIOS_rom.obj (.text:ti_sysbios_hal_Hwi_initStack)
                  1001b844    0000002c     mangled_BIOS_rom.obj (.text:ti_sysbios_heaps_HeapMem_Object__create__S)
                  1001b870    0000002c     mangled_BIOS_rom.obj (.text:ti_sysbios_heaps_HeapMem_Object__get__S)
                  1001b89c    0000002c     mangled_BIOS_rom.obj (.text:ti_sysbios_knl_Mailbox_Object__get__S)
                  1001b8c8    0000002c     mangled_BIOS_rom.obj (.text:ti_sysbios_knl_Mailbox_postInit__I)
                  1001b8f4    0000002c     mangled_BIOS_rom.obj (.text:ti_sysbios_knl_Queue_construct)
                  1001b920    0000002c     mangled_BIOS_rom.obj (.text:ti_sysbios_knl_Queue_create)
                  1001b94c    0000002c     mangled_BIOS_rom.obj (.text:ti_sysbios_knl_Semaphore_pendTimeout__I)
                  1001b978    0000002c     mangled_BIOS_rom.obj (.text:ti_sysbios_knl_Swi_Object__get__S)
                  1001b9a4    0000002c     mangled_BIOS_rom.obj (.text:ti_sysbios_knl_Task_unblockI__E)
                  1001b9d0    00000028     mangled_BIOS_rom.obj (.text:ti_sysbios_family_arm_cc26xx_TimestampProvider_get64__E)
                  1001b9f8    00000028     mangled_BIOS_rom.obj (.text:ti_sysbios_hal_Hwi_Instance_init__E)
                  1001ba20    00000028     mangled_BIOS_rom.obj (.text:ti_sysbios_knl_Clock_addI__E)
                  1001ba48    00000028     mangled_BIOS_rom.obj (.text:ti_sysbios_knl_Task_restore__E)
                  1001ba70    00000024     mangled_BIOS_rom.obj (.text:ti_sysbios_family_arm_cc26xx_Timer_Module_startup__E)
                  1001ba94    00000024     mangled_BIOS_rom.obj (.text:ti_sysbios_gates_GateHwi_Object__create__S)
                  1001bab8    00000024     mangled_BIOS_rom.obj (.text:ti_sysbios_gates_GateMutex_Object__delete__S)
                  1001badc    00000024     mangled_BIOS_rom.obj (.text:ti_sysbios_knl_Clock_Object__delete__S)
                  1001bb00    00000024     mangled_BIOS_rom.obj (.text:ti_sysbios_knl_Semaphore_Instance_init__E)
                  1001bb24    00000024     mangled_BIOS_rom.obj (.text:ti_sysbios_knl_Semaphore_Object__delete__S)
                  1001bb48    00000020     mangled_BIOS_rom.obj (.text:ti_sysbios_family_arm_cc26xx_Timer_Module__startupDone__S)
                  1001bb68    00000020     mangled_BIOS_rom.obj (.text:ti_sysbios_family_arm_cc26xx_TimestampProvider_Module_startup__E)
                  1001bb88    00000020     mangled_BIOS_rom.obj (.text:ti_sysbios_family_arm_m3_Hwi_Module__startupDone__S)
                  1001bba8    00000020     mangled_BIOS_rom.obj (.text:ti_sysbios_family_arm_m3_Hwi_Object__delete__S)
                  1001bbc8    00000020     mangled_BIOS_rom.obj (.text:ti_sysbios_family_arm_m3_Hwi_excHandler__I)
                  1001bbe8    00000020     mangled_BIOS_rom.obj (.text:ti_sysbios_gates_GateHwi_Handle__label__S)
                  1001bc08    00000020     mangled_BIOS_rom.obj (.text:ti_sysbios_gates_GateHwi_Object__delete__S)
                  1001bc28    00000020     mangled_BIOS_rom.obj (.text:ti_sysbios_gates_GateMutex_Handle__label__S)
                  1001bc48    00000020     mangled_BIOS_rom.obj (.text:ti_sysbios_gates_GateMutex_Object__destruct__S)
                  1001bc68    00000020     mangled_BIOS_rom.obj (.text:ti_sysbios_hal_Hwi_Object__delete__S)
                  1001bc88    00000020     mangled_BIOS_rom.obj (.text:ti_sysbios_heaps_HeapMem_Handle__label__S)
                  1001bca8    00000020     mangled_BIOS_rom.obj (.text:ti_sysbios_heaps_HeapMem_Object__delete__S)
                  1001bcc8    00000020     mangled_BIOS_rom.obj (.text:ti_sysbios_knl_Clock_Module_startup__E)
                  1001bce8    00000020     mangled_BIOS_rom.obj (.text:ti_sysbios_knl_Clock_Object__destruct__S)
                  1001bd08    00000020     mangled_BIOS_rom.obj (.text:ti_sysbios_knl_Idle_run__E)
                  1001bd28    00000020     mangled_BIOS_rom.obj (.text:ti_sysbios_knl_Mailbox_Object__delete__S)
                  1001bd48    00000020     mangled_BIOS_rom.obj (.text:ti_sysbios_knl_Queue_Object__delete__S)
                  1001bd68    00000020     mangled_BIOS_rom.obj (.text:ti_sysbios_knl_Queue_Object__get__S)
                  1001bd88    00000020     mangled_BIOS_rom.obj (.text:ti_sysbios_knl_Semaphore_Object__destruct__S)
                  1001bda8    00000020     mangled_BIOS_rom.obj (.text:ti_sysbios_knl_Swi_Object__delete__S)
                  1001bdc8    00000020     mangled_BIOS_rom.obj (.text:ti_sysbios_knl_Task_Object__delete__S)
                  1001bde8    00000020     mangled_BIOS_rom.obj (.text:ti_sysbios_knl_Task_Object__get__S)
                  1001be08    00000020     mangled_BIOS_rom.obj (.text:ti_sysbios_knl_Task_enter__I)
                  1001be28    00000020     mangled_BIOS_rom.obj (.text:ti_sysbios_knl_Task_restoreHwi__E)
                  1001be48    0000001e     mangled_BIOS_rom.obj (.text:ti_sysbios_hal_Hwi_HwiProxy_create)
                  1001be66    00000002     mangled_BIOS_rom.obj (.text:ti_sysbios_knl_Clock_logTick__E)
                  1001be68    0000001c     mangled_BIOS_rom.obj (.text:ti_sysbios_family_arm_m3_Hwi_Object__destruct__S)
                  1001be84    0000001c     mangled_BIOS_rom.obj (.text:ti_sysbios_family_arm_m3_Hwi_setPriority__E)
                  1001bea0    0000001c     mangled_BIOS_rom.obj (.text:ti_sysbios_gates_GateMutex_Instance_init__E)
                  1001bebc    0000001c     mangled_BIOS_rom.obj (.text:ti_sysbios_knl_Clock_scheduleNextTick__E)
                  1001bed8    0000001c     mangled_BIOS_rom.obj (.text:ti_sysbios_knl_Mailbox_Object__destruct__S)
                  1001bef4    0000001c     mangled_BIOS_rom.obj (.text:ti_sysbios_knl_Queue_Object__destruct__S)
                  1001bf10    0000001c     mangled_BIOS_rom.obj (.text:ti_sysbios_knl_Queue_get__E)
                  1001bf2c    0000001c     mangled_BIOS_rom.obj (.text:ti_sysbios_knl_Queue_put__E)
                  1001bf48    0000001c     mangled_BIOS_rom.obj (.text:ti_sysbios_knl_Swi_Object__destruct__S)
                  1001bf64    0000001c     mangled_BIOS_rom.obj (.text:ti_sysbios_knl_Task_Object__destruct__S)
                  1001bf80    0000001a     mangled_BIOS_rom.obj (.text:ti_sysbios_knl_Task_sleepTimeout__I)
                  1001bf9a    00000002     mangled_BIOS_rom.obj (.text:ti_sysbios_knl_Swi_Instance_finalize__E)
                  1001bf9c    00000018     mangled_BIOS_rom.obj (.text:ti_sysbios_gates_GateMutex_leave__E)
                  1001bfb4    00000018     mangled_BIOS_rom.obj (.text:ti_sysbios_knl_Task_unblock__E)
                  1001bfcc    00000016     mangled_BIOS_rom.obj (.text:ti_sysbios_knl_Clock_Instance_finalize__E)
                  1001bfe2    00000016     mangled_BIOS_rom.obj (.text:ti_sysbios_knl_Clock_start__E)
                  1001bff8    00000014     mangled_BIOS_rom.obj (.text:ti_sysbios_BIOS_getCpuFreq__E)
                  1001c00c    00000014     mangled_BIOS_rom.obj (.text:ti_sysbios_family_arm_m3_Hwi_switchFromBootStack__E)
                  1001c020    00000012     mangled_BIOS_rom.obj (.text:ti_sysbios_hal_Hwi_Module_startup__E)
                  1001c032    00000002     --HOLE-- [fill = 0]
                  1001c034    00000010     mangled_BIOS_rom.obj (.text:ti_sysbios_BIOS_exit__E)
                  1001c044    00000010     mangled_BIOS_rom.obj (.text:ti_sysbios_BIOS_setThreadType__E)
                  1001c054    00000010     mangled_BIOS_rom.obj (.text:ti_sysbios_BIOS_start__E)
                  1001c064    00000010     mangled_BIOS_rom.obj (.text:ti_sysbios_family_arm_m3_Hwi_plug__E)
                  1001c074    00000010     mangled_BIOS_rom.obj (.text:ti_sysbios_gates_GateMutex_Instance_finalize__E)
                  1001c084    00000010     mangled_BIOS_rom.obj (.text:ti_sysbios_hal_Hwi_HwiProxy_Object__create__S)
                  1001c094    00000010     mangled_BIOS_rom.obj (.text:ti_sysbios_knl_Clock_TimerProxy_getCurrentTick__E)
                  1001c0a4    00000010     mangled_BIOS_rom.obj (.text:ti_sysbios_knl_Clock_TimerProxy_getMaxTicks__E)
                  1001c0b4    00000010     mangled_BIOS_rom.obj (.text:ti_sysbios_knl_Clock_TimerProxy_setNextTick__E)
                  1001c0c4    00000010     mangled_BIOS_rom.obj (.text:ti_sysbios_knl_Semaphore_Instance_finalize__E)
                  1001c0d4    00000010     mangled_BIOS_rom.obj (.text:ti_sysbios_knl_Swi_disable__E)
                  1001c0e4    00000010     mangled_BIOS_rom.obj (.text:ti_sysbios_knl_Swi_enabled__E)
                  1001c0f4    00000010     mangled_BIOS_rom.obj (.text:ti_sysbios_knl_Task_disable__E)
                  1001c104    0000000e     mangled_BIOS_rom.obj (.text:ti_sysbios_heaps_HeapMem_restore__E)
                  1001c112    0000000e     mangled_BIOS_rom.obj (.text:ti_sysbios_knl_Queue_empty__E)
                  1001c120    0000000e     mangled_BIOS_rom.obj (.text:ti_sysbios_knl_Queue_remove__E)
                  1001c12e    0000000c     mangled_BIOS_rom.obj (.text:ti_sysbios_family_arm_cc26xx_TimestampProvider_getFreq__E)
                  1001c13a    00000002     --HOLE-- [fill = 0]
                  1001c13c    0000000c     mangled_BIOS_rom.obj (.text:ti_sysbios_family_arm_m3_Hwi_Params__init__S)
                  1001c148    0000000c     mangled_BIOS_rom.obj (.text:ti_sysbios_family_arm_m3_Hwi_disableFxn__E)
                  1001c154    0000000c     mangled_BIOS_rom.obj (.text:ti_sysbios_family_arm_m3_Hwi_enableFxn__E)
                  1001c160    0000000c     mangled_BIOS_rom.obj (.text:ti_sysbios_family_arm_m3_TaskSupport_getStackAlignment__E)
                  1001c16c    0000000c     mangled_BIOS_rom.obj (.text:ti_sysbios_gates_GateHwi_enter__E)
                  1001c178    0000000c     mangled_BIOS_rom.obj (.text:ti_sysbios_gates_GateMutex_Params__init__S)
                  1001c184    0000000c     mangled_BIOS_rom.obj (.text:ti_sysbios_knl_Clock_Params__init__S)
                  1001c190    0000000c     mangled_BIOS_rom.obj (.text:ti_sysbios_knl_Clock_getTimerHandle__E)
                  1001c19c    0000000c     mangled_BIOS_rom.obj (.text:ti_sysbios_knl_Mailbox_Params__init__S)
                  1001c1a8    0000000c     mangled_BIOS_rom.obj (.text:ti_sysbios_knl_Queue_dequeue__E)
                  1001c1b4    0000000c     mangled_BIOS_rom.obj (.text:ti_sysbios_knl_Queue_enqueue__E)
                  1001c1c0    0000000c     mangled_BIOS_rom.obj (.text:ti_sysbios_knl_Semaphore_Params__init__S)
                  1001c1cc    0000000c     mangled_BIOS_rom.obj (.text:ti_sysbios_knl_Swi_Params__init__S)
                  1001c1d8    0000000c     mangled_BIOS_rom.obj (.text:ti_sysbios_knl_Task_Params__init__S)
                  1001c1e4    0000000c     mangled_BIOS_rom.obj (.text:ti_sysbios_knl_Task_self__E)
                  1001c1f0    0000000a     mangled_BIOS_rom.obj (.text:ti_sysbios_hal_Hwi_Instance_finalize__E)
                  1001c1fa    00000008     mangled_BIOS_rom.obj (.text:ti_sysbios_family_arm_m3_Hwi_doSwiRestore__I)
                  1001c202    00000008     mangled_BIOS_rom.obj (.text:ti_sysbios_family_arm_m3_Hwi_startup__E)
                  1001c20a    00000008     mangled_BIOS_rom.obj (.text:ti_sysbios_knl_Idle_loop__E)
                  1001c212    00000006     mangled_BIOS_rom.obj (.text:ti_sysbios_family_arm_m3_Hwi_doTaskRestore__I)
                  1001c218    00000006     mangled_BIOS_rom.obj (.text:ti_sysbios_family_arm_m3_Hwi_restoreFxn__E)
                  1001c21e    00000006     mangled_BIOS_rom.obj (.text:ti_sysbios_gates_GateHwi_leave__E)
                  1001c224    00000006     mangled_BIOS_rom.obj (.text:ti_sysbios_knl_Clock_stop__E)
                  1001c22a    00000006     mangled_BIOS_rom.obj (.text:ti_sysbios_knl_Queue_Instance_init__E)
                  1001c230    00000006     mangled_BIOS_rom.obj (.text:ti_sysbios_knl_Queue_elemClear__E)
                  1001c236    00000006     mangled_BIOS_rom.obj (.text:ti_sysbios_knl_Swi_Module_startup__E)
                  1001c23c    00000006     mangled_BIOS_rom.obj (.text:ti_sysbios_knl_Swi_startup__E)
                  1001c242    00000006     mangled_BIOS_rom.obj (.text:ti_sysbios_knl_Task_enable__E)
                  1001c248    00000004     mangled_BIOS_rom.obj (.text:ti_sysbios_BIOS_RtsGateProxy_enter__E)
                  1001c24c    00000004     mangled_BIOS_rom.obj (.text:ti_sysbios_BIOS_RtsGateProxy_leave__E)
                  1001c250    00000004     mangled_BIOS_rom.obj (.text:ti_sysbios_family_arm_cc26xx_Timer_getExpiredTicks__E)
                  1001c254    00000004     mangled_BIOS_rom.obj (.text:ti_sysbios_family_arm_cc26xx_Timer_getPeriod__E)
                  1001c258    00000004     mangled_BIOS_rom.obj (.text:ti_sysbios_family_arm_cc26xx_Timer_setPeriod__E)
                  1001c25c    00000004     mangled_BIOS_rom.obj (.text:ti_sysbios_family_arm_m3_Hwi_delete)
                  1001c260    00000004     mangled_BIOS_rom.obj (.text:ti_sysbios_family_arm_m3_Hwi_destruct)
                  1001c264    00000004     mangled_BIOS_rom.obj (.text:ti_sysbios_family_arm_m3_TaskSupport_Module__startupDone__S)
                  1001c268    00000004     mangled_BIOS_rom.obj (.text:ti_sysbios_gates_GateHwi_query__E)
                  1001c26c    00000004     mangled_BIOS_rom.obj (.text:ti_sysbios_gates_GateMutex_delete)
                  1001c270    00000004     mangled_BIOS_rom.obj (.text:ti_sysbios_gates_GateMutex_destruct)
                  1001c274    00000004     mangled_BIOS_rom.obj (.text:ti_sysbios_gates_GateMutex_query__E)
                  1001c278    00000004     mangled_BIOS_rom.obj (.text:ti_sysbios_hal_Hwi_HwiProxy_Module__startupDone__S)
                  1001c27c    00000004     mangled_BIOS_rom.obj (.text:ti_sysbios_hal_Hwi_HwiProxy_delete)
                  1001c280    00000004     mangled_BIOS_rom.obj (.text:ti_sysbios_hal_Hwi_HwiProxy_disableInterrupt__E)
                  1001c284    00000004     mangled_BIOS_rom.obj (.text:ti_sysbios_hal_Hwi_HwiProxy_enableInterrupt__E)
                  1001c288    00000004     mangled_BIOS_rom.obj (.text:ti_sysbios_hal_Hwi_HwiProxy_getStackInfo__E)
                  1001c28c    00000004     mangled_BIOS_rom.obj (.text:ti_sysbios_hal_Hwi_HwiProxy_startup__E)
                  1001c290    00000004     mangled_BIOS_rom.obj (.text:ti_sysbios_hal_Hwi_HwiProxy_switchFromBootStack__E)
                  1001c294    00000004     mangled_BIOS_rom.obj (.text:ti_sysbios_hal_Hwi_delete)
                  1001c298    00000004     mangled_BIOS_rom.obj (.text:ti_sysbios_hal_Hwi_switchFromBootStack__E)
                  1001c29c    00000004     mangled_BIOS_rom.obj (.text:ti_sysbios_heaps_HeapMem_Module_GateProxy_enter__E)
                  1001c2a0    00000004     mangled_BIOS_rom.obj (.text:ti_sysbios_heaps_HeapMem_Module_GateProxy_leave__E)
                  1001c2a4    00000004     mangled_BIOS_rom.obj (.text:ti_sysbios_heaps_HeapMem_isBlocking__E)
                  1001c2a8    00000004     mangled_BIOS_rom.obj (.text:ti_sysbios_knl_Clock_TimerProxy_Module__startupDone__S)
                  1001c2ac    00000004     mangled_BIOS_rom.obj (.text:ti_sysbios_knl_Clock_TimerProxy_getExpiredTicks__E)
                  1001c2b0    00000004     mangled_BIOS_rom.obj (.text:ti_sysbios_knl_Clock_TimerProxy_getPeriod__E)
                  1001c2b4    00000004     mangled_BIOS_rom.obj (.text:ti_sysbios_knl_Clock_delete)
                  1001c2b8    00000004     mangled_BIOS_rom.obj (.text:ti_sysbios_knl_Clock_destruct)
                  1001c2bc    00000004     mangled_BIOS_rom.obj (.text:ti_sysbios_knl_Clock_removeI__E)
                  1001c2c0    00000004     mangled_BIOS_rom.obj (.text:ti_sysbios_knl_Clock_setTimeout__E)
                  1001c2c4    00000004     mangled_BIOS_rom.obj (.text:ti_sysbios_knl_Mailbox_delete)
                  1001c2c8    00000004     mangled_BIOS_rom.obj (.text:ti_sysbios_knl_Mailbox_destruct)
                  1001c2cc    00000004     mangled_BIOS_rom.obj (.text:ti_sysbios_knl_Queue_delete)
                  1001c2d0    00000004     mangled_BIOS_rom.obj (.text:ti_sysbios_knl_Queue_destruct)
                  1001c2d4    00000004     mangled_BIOS_rom.obj (.text:ti_sysbios_knl_Queue_head__E)
                  1001c2d8    00000004     mangled_BIOS_rom.obj (.text:ti_sysbios_knl_Queue_next__E)
                  1001c2dc    00000004     mangled_BIOS_rom.obj (.text:ti_sysbios_knl_Semaphore_delete)
                  1001c2e0    00000004     mangled_BIOS_rom.obj (.text:ti_sysbios_knl_Semaphore_destruct)
                  1001c2e4    00000004     mangled_BIOS_rom.obj (.text:ti_sysbios_knl_Swi_delete)
                  1001c2e8    00000004     mangled_BIOS_rom.obj (.text:ti_sysbios_knl_Swi_destruct)
                  1001c2ec    00000004     mangled_BIOS_rom.obj (.text:ti_sysbios_knl_Swi_postInit__I)
                  1001c2f0    00000004     mangled_BIOS_rom.obj (.text:ti_sysbios_knl_Task_SupportProxy_Module__startupDone__S)
                  1001c2f4    00000004     mangled_BIOS_rom.obj (.text:ti_sysbios_knl_Task_SupportProxy_getStackAlignment__E)
                  1001c2f8    00000004     mangled_BIOS_rom.obj (.text:ti_sysbios_knl_Task_SupportProxy_start__E)
                  1001c2fc    00000004     mangled_BIOS_rom.obj (.text:ti_sysbios_knl_Task_SupportProxy_swap__E)
                  1001c300    00000004     mangled_BIOS_rom.obj (.text:ti_sysbios_knl_Task_delete)
                  1001c304    00000004     mangled_BIOS_rom.obj (.text:ti_sysbios_knl_Task_destruct)
                  1001c308    00000004     mangled_BIOS_rom.obj (.text:ti_sysbios_knl_Task_startup__E)

.sysbios_rom_text 
*          0    1001c30c    00000590     
                  1001c30c    000000f8     mangled_BIOS_rom.obj (.text:xdc_runtime_Startup_startMods__I)
                  1001c404    00000082     mangled_BIOS_rom.obj (.text:xdc_runtime_Core_createObject__I)
                  1001c486    00000002     mangled_BIOS_rom.obj (.text:xdc_runtime_Error_policySpin__E)
                  1001c488    00000070     mangled_BIOS_rom.obj (.text:xdc_runtime_Memory_alloc__E)
                  1001c4f8    00000060     mangled_BIOS_rom.obj (.text:xdc_runtime_Core_deleteObject__I)
                  1001c558    00000050     mangled_BIOS_rom.obj (.text:xdc_runtime_Startup_exec__E)
                  1001c5a8    00000048     mangled_BIOS_rom.obj (.text:xdc_runtime_Assert_raise__I)
                  1001c5f0    00000048     mangled_BIOS_rom.obj (.text:xdc_runtime_Core_assignParams__I)
                  1001c638    00000048     mangled_BIOS_rom.obj (.text:xdc_runtime_Core_constructObject__I)
                  1001c680    00000038     mangled_BIOS_rom.obj (.text:xdc_runtime_System_atexit__E)
                  1001c6b8    00000034     mangled_BIOS_rom.obj (.text:xdc_runtime_System_processAtExit__E)
                  1001c6ec    00000030     mangled_BIOS_rom.obj (.text:xdc_runtime_Core_assignLabel__I)
                  1001c71c    0000002c     mangled_BIOS_rom.obj (.text:xdc_runtime_Text_cordText__E)
                  1001c748    00000020     mangled_BIOS_rom.obj (.text:xdc_runtime_System_abort__E)
                  1001c768    0000001c     mangled_BIOS_rom.obj (.text:xdc_runtime_Error_raiseX__E)
                  1001c784    0000001c     mangled_BIOS_rom.obj (.text:xdc_runtime_Memory_valloc__E)
                  1001c7a0    00000018     mangled_BIOS_rom.obj (.text:xdc_runtime_Core_destructObject__I)
                  1001c7b8    00000018     mangled_BIOS_rom.obj (.text:xdc_runtime_Error_check__E)
                  1001c7d0    00000018     mangled_BIOS_rom.obj (.text:xdc_runtime_System_exit__E)
                  1001c7e8    00000018     mangled_BIOS_rom.obj (.text:xdc_runtime_Text_ropeText__E)
                  1001c800    00000010     mangled_BIOS_rom.obj (.text:xdc_runtime_Memory_free__E)
                  1001c810    00000010     mangled_BIOS_rom.obj (.text:xdc_runtime_SysCallback_abort__E)
                  1001c820    00000010     mangled_BIOS_rom.obj (.text:xdc_runtime_SysCallback_exit__E)
                  1001c830    00000010     mangled_BIOS_rom.obj (.text:xdc_runtime_Timestamp_SupportProxy_get32__E)
                  1001c840    0000000c     mangled_BIOS_rom.obj (.text:xdc_runtime_Error_init__E)
                  1001c84c    0000000c     mangled_BIOS_rom.obj (.text:xdc_runtime_Memory_calloc__E)
                  1001c858    0000000c     mangled_BIOS_rom.obj (.text:xdc_runtime_Memory_getMaxDefaultTypeAlign__E)
                  1001c864    0000000a     mangled_BIOS_rom.obj (.text:xdc_runtime_IHeap_alloc$64)
                  1001c86e    0000000a     mangled_BIOS_rom.obj (.text:xdc_runtime_IHeap_free$64)
                  1001c878    00000006     mangled_BIOS_rom.obj (.text:xdc_runtime_Gate_leaveSystem__E)
                  1001c87e    00000006     mangled_BIOS_rom.obj (.text:xdc_runtime_System_Module_startup__E)
                  1001c884    00000004     mangled_BIOS_rom.obj (.text:xdc_runtime_Gate_enterSystem__E)
                  1001c888    00000004     mangled_BIOS_rom.obj (.text:xdc_runtime_Memory_HeapProxy_alloc__E)
                  1001c88c    00000004     mangled_BIOS_rom.obj (.text:xdc_runtime_Memory_HeapProxy_free__E)
                  1001c890    00000004     mangled_BIOS_rom.obj (.text:xdc_runtime_System_Module_GateProxy_enter__E)
                  1001c894    00000004     mangled_BIOS_rom.obj (.text:xdc_runtime_System_Module_GateProxy_leave__E)
                  1001c898    00000002     mangled_BIOS_rom.obj (.text:xdc_runtime_System_abortSpin__E)
                  1001c89a    00000002     mangled_BIOS_rom.obj (.text:xdc_runtime_System_exitSpin__E)

.sysbios_rom_text 
*          0    1001c89c    000001dc     
                  1001c89c    000000d0     arm_m3_Hwi_asm_rom.obj (.text:ti_sysbios_family_arm_m3_Hwi_dispatch__I)
                  1001c96c    0000004c     arm_m3_TaskSupport_asm_rom.obj (.text:ti_sysbios_family_arm_m3_TaskSupport_buildTaskStack)
                  1001c9b8    00000048     arm_m3_Hwi_asm_switch_rom.obj (.text:ti_sysbios_family_arm_m3_Hwi_initStacks__E)
                  1001ca00    00000020     arm_m3_Hwi_asm_rom.obj (.text:ti_sysbios_family_arm_m3_Hwi_excHandlerAsm__I)
                  1001ca20    0000001e     arm_m3_Hwi_asm_switch_rom.obj (.text:ti_sysbios_family_xxx_Hwi_switchAndRunFunc)
                  1001ca3e    0000001a     arm_m3_Hwi_asm_rom.obj (.text:ti_sysbios_family_arm_m3_Hwi_pendSV__I)
                  1001ca58    00000010     arm_m3_TaskSupport_asm_rom.obj (.text:ti_sysbios_family_arm_m3_TaskSupport_glue)
                  1001ca68    00000010     arm_m3_TaskSupport_asm_rom.obj (.text:ti_sysbios_family_arm_m3_TaskSupport_swap__E)

.sysbios_rom_text 
*          0    1001ca78    00000022     
                  1001ca78    00000012     CC26xx.obj (.text:memcpy)
                  1001ca8a    00000010     CC26xx.obj (.text:memset)

.sysbios_rom_text 
*          0    1001ca9a    00000004     
                  1001ca9a    00000004     CC26xx.obj (.text:ti_sysbios_rom_cortexm_cc26xx_CC26xx_getRevision__E)

.vecs      0    20000000    000000dc     UNINITIALIZED
                  20000000    000000dc     CC26xx_pem3.obj (.vecs)

.sysbios_rom_data 
*          0    20000100    000000f0     
                  20000100    00000044     CC26xx_pem3.obj (.data:ti_sysbios_knl_Task_Module__state__V)
                  20000144    00000034     CC26xx_pem3.obj (.data:ti_sysbios_family_arm_m3_Hwi_Module__state__V)
                  20000178    0000002c     CC26xx_pem3.obj (.data:ti_sysbios_knl_Clock_Module__state__V)
                  200001a4    00000024     CC26xx_pem3.obj (.data:ti_sysbios_BIOS_Module__state__V)
                  200001c8    0000001c     CC26xx_pem3.obj (.data:ti_sysbios_knl_Swi_Module__state__V)
                  200001e4    00000008     CC26xx_pem3.obj (.data:ti_sysbios_family_arm_cc26xx_Timer_Module__state__V)
                  200001ec    00000004     CC26xx_pem3.obj (.data:ti_sysbios_family_arm_cc26xx_TimestampProvider_Module__state__V)

.sysbios_rom_data 
*          0    200001f0    00000014     
                  200001f0    00000008     CC26xx_pem3.obj (.data:xdc_runtime_Startup_Module__state__V)
                  200001f8    00000008     CC26xx_pem3.obj (.data:xdc_runtime_System_Module__state__V)
                  20000200    00000004     CC26xx_pem3.obj (.data:xdc_runtime_Memory_Module__state__V)

.bss       0    20000600    00000840     UNINITIALIZED
                  20000600    00000800     CC26xx_pem3.obj (.bss:taskStackSection)
                  20000e00    00000040     CC26xx_pem3.obj (.bss:ti_sysbios_heaps_HeapMem_Instance_State_0_buf__A)

.data      0    20000e40    000002fc     
                  20000e40    000000ec     CC26xx_pem3.obj (.data)
                  20000f2c    00000080     CC26xx_pem3.obj (.data:ti_sysbios_knl_Swi_Module_State_0_readyQ__A)
                  20000fac    00000080     CC26xx_pem3.obj (.data:ti_sysbios_knl_Task_Module_State_0_readyQ__A)
                  2000102c    0000004c     CC26xx_pem3.obj (.data:ti_sysbios_knl_Task_Object__table__V)
                  20001078    00000048     CC26xx_pem3.obj (.data:ti_sysbios_family_arm_cc26xx_Timer_Object__table__V)
                  200010c0    00000038     CC26xx_pem3.obj (.data:ti_sysbios_gates_GateMutex_Object__table__V)
                  200010f8    00000030     CC26xx_pem3.obj (.data:ti_sysbios_knl_Swi_Object__table__V)
                  20001128    00000008     rtsv7M3_T_le_eabi.lib : _lock.obj (.data)
                  20001130    00000008                           : exit.obj (.data)
                  20001138    00000004                           : stkdepth_vars.obj (.data)

.stack     0    20004000    00001000     UNINITIALIZED
                  20004000    00001000     --HOLE--


FAR CALL TRAMPOLINES

callee name               trampoline name
   callee addr  tramp addr   call addr  call info
--------------  -----------  ---------  ----------------
memcpy                    $Tramp$TT$L$PI$$memcpy
   1001ca79     00001508     000013d8   rtsv7M3_T_le_eabi.lib : cpy_tbl.obj (.text)
xdc_runtime_System_exit__E  $Tramp$TT$L$PI$$xdc_runtime_System_exit__E
   1001c7d1     00001514     00001390   boot.aem3 : boot.oem3 (.text)
ti_sysbios_knl_Clock_start__E  $Tramp$TT$L$PI$$ti_sysbios_knl_Clock_start__E
   1001bfe3     00001520     00001156   CC26xx.obj (.text:main)
ti_sysbios_knl_Semaphore_post__E  $Tramp$TT$L$PI$$ti_sysbios_knl_Semaphore_post__E
   1001ac3d     0000152c     00001150   CC26xx.obj (.text:main)
ti_sysbios_knl_Semaphore_pend__E  $Tramp$TT$L$PI$$ti_sysbios_knl_Semaphore_pend__E
   1001a001     00001538     0000114a   CC26xx.obj (.text:main)
ti_sysbios_knl_Swi_construct  $Tramp$TT$L$PI$$ti_sysbios_knl_Swi_construct
   1001b085     00001544     00001140   CC26xx.obj (.text:main)
ti_sysbios_family_arm_m3_Hwi_construct  $Tramp$TT$L$PI$$ti_sysbios_family_arm_m3_Hwi_construct
   1001af29     00001550     00001134   CC26xx.obj (.text:main)
ti_sysbios_knl_Clock_construct  $Tramp$TT$L$PI$$ti_sysbios_knl_Clock_construct
   1001b579     0000155c     00001124   CC26xx.obj (.text:main)
ti_sysbios_knl_Semaphore_construct  $Tramp$TT$L$PI$$ti_sysbios_knl_Semaphore_construct
   1001b709     00001568     00001118   CC26xx.obj (.text:main)
ti_sysbios_knl_Task_construct  $Tramp$TT$L$PI$$ti_sysbios_knl_Task_construct
   1001b125     00001574     0000110e   CC26xx.obj (.text:main)
ti_sysbios_knl_Swi_create  $Tramp$TT$L$PI$$ti_sysbios_knl_Swi_create
   1001ad5d     00001580     00001102   CC26xx.obj (.text:main)
ti_sysbios_family_arm_m3_Hwi_create  $Tramp$TT$L$PI$$ti_sysbios_family_arm_m3_Hwi_create
   1001ab11     0000158c     000010f8   CC26xx.obj (.text:main)
ti_sysbios_knl_Clock_create  $Tramp$TT$L$PI$$ti_sysbios_knl_Clock_create
   1001b3ed     00001598     000010ec   CC26xx.obj (.text:main)
ti_sysbios_knl_Semaphore_create  $Tramp$TT$L$PI$$ti_sysbios_knl_Semaphore_create
   1001b5ad     000015a4     000010e0   CC26xx.obj (.text:main)
ti_sysbios_knl_Task_create  $Tramp$TT$L$PI$$ti_sysbios_knl_Task_create
   1001ae71     000015b0     000010d6   CC26xx.obj (.text:main)
ti_sysbios_knl_Swi_Params__init__S  $Tramp$TT$L$PI$$ti_sysbios_knl_Swi_Params__init__S
   1001c1cd     000015bc     000010ca   CC26xx.obj (.text:main)
ti_sysbios_family_arm_m3_Hwi_Params__init__S  $Tramp$TT$L$PI$$ti_sysbios_family_arm_m3_Hwi_Params__init__S
   1001c13d     000015c8     000010be   CC26xx.obj (.text:main)
ti_sysbios_knl_Semaphore_Params__init__S  $Tramp$TT$L$PI$$ti_sysbios_knl_Semaphore_Params__init__S
   1001c1c1     000015d4     000010b2   CC26xx.obj (.text:main)
ti_sysbios_knl_Clock_Params__init__S  $Tramp$TT$L$PI$$ti_sysbios_knl_Clock_Params__init__S
   1001c185     000015e0     000010a6   CC26xx.obj (.text:main)
ti_sysbios_knl_Task_Params__init__S  $Tramp$TT$L$PI$$ti_sysbios_knl_Task_Params__init__S
   1001c1d9     000015ec     0000109a   CC26xx.obj (.text:main)
ti_sysbios_BIOS_start__E  $Tramp$TT$L$PI$$ti_sysbios_BIOS_start__E
   1001c055     000015f8     0000108e   CC26xx.obj (.text:main)
xdc_runtime_SysCallback_exit__E  $Tramp$TT$L$PI$$xdc_runtime_SysCallback_exit__E
   1001c821     000018d8     0000187c   CC26xx_pem3.obj (.text:xdc_runtime_System_SupportProxy_exit__E)
xdc_runtime_SysCallback_abort__E  $Tramp$TT$L$PI$$xdc_runtime_SysCallback_abort__E
   1001c811     000018e4     00001870   CC26xx_pem3.obj (.text:xdc_runtime_System_SupportProxy_abort__E)
xdc_runtime_System_exit__E  $Tramp$TT$L$PI$$xdc_runtime_System_exit__E
   1001c7d1     000018f0     00001858   CC26xx_pem3.obj (.text:ti_sysbios_BIOS_exitFunc__I)
ti_sysbios_knl_Swi_post__E  $Tramp$TT$L$PI$$ti_sysbios_knl_Swi_post__E
   1001b321     000018fc     00001824   CC26xx_pem3.obj (.text:ti_sysbios_knl_Clock_doTick__I)
ti_sysbios_knl_Clock_logTick__E  $Tramp$TT$L$PI$$ti_sysbios_knl_Clock_logTick__E
   1001be67     00001908     0000181c   CC26xx_pem3.obj (.text:ti_sysbios_knl_Clock_doTick__I)
ti_sysbios_knl_Task_startup__E  $Tramp$TT$L$PI$$ti_sysbios_knl_Task_startup__E
   1001c309     00001914     000017d0   CC26xx_pem3.obj (.text:ti_sysbios_BIOS_startFunc__I)
ti_sysbios_knl_Swi_startup__E  $Tramp$TT$L$PI$$ti_sysbios_knl_Swi_startup__E
   1001c23d     00001920     000017cc   CC26xx_pem3.obj (.text:ti_sysbios_BIOS_startFunc__I)
ti_sysbios_hal_Hwi_HwiProxy_startup__E  $Tramp$TT$L$PI$$ti_sysbios_hal_Hwi_HwiProxy_startup__E
   1001c28d     0000192c     000017c8   CC26xx_pem3.obj (.text:ti_sysbios_BIOS_startFunc__I)
ti_sysbios_family_arm_cc26xx_Timer_startup__E  $Tramp$TT$L$PI$$ti_sysbios_family_arm_cc26xx_Timer_startup__E
   1001b795     00001938     000017c4   CC26xx_pem3.obj (.text:ti_sysbios_BIOS_startFunc__I)
xdc_runtime_System_atexit__E  $Tramp$TT$L$PI$$xdc_runtime_System_atexit__E
   1001c681     00001944     000017bc   CC26xx_pem3.obj (.text:ti_sysbios_BIOS_startFunc__I)
ti_sysbios_BIOS_RtsGateProxy_enter__E  $Tramp$TT$L$PI$$ti_sysbios_BIOS_RtsGateProxy_enter__E
   1001c249     00001950     0000176a   CC26xx_pem3.obj (.text:ti_sysbios_BIOS_rtsLock__I)
ti_sysbios_BIOS_setThreadType__E  $Tramp$TT$L$PI$$ti_sysbios_BIOS_setThreadType__E
   1001c045     0000195c     00001742   CC26xx_pem3.obj (.text:ti_sysbios_BIOS_atExitFunc__I)
                             00001852   CC26xx_pem3.obj (.text:ti_sysbios_BIOS_exitFunc__I)
ti_sysbios_knl_Task_disable__E  $Tramp$TT$L$PI$$ti_sysbios_knl_Task_disable__E
   1001c0f5     00001968     0000173c   CC26xx_pem3.obj (.text:ti_sysbios_BIOS_atExitFunc__I)
ti_sysbios_knl_Swi_disable__E  $Tramp$TT$L$PI$$ti_sysbios_knl_Swi_disable__E
   1001c0d5     00001974     00001738   CC26xx_pem3.obj (.text:ti_sysbios_BIOS_atExitFunc__I)
ti_sysbios_BIOS_RtsGateProxy_leave__E  $Tramp$TT$L$PI$$ti_sysbios_BIOS_RtsGateProxy_leave__E
   1001c24d     00001980     00001702   CC26xx_pem3.obj (.text:ti_sysbios_BIOS_rtsUnlock__I)
xdc_runtime_Assert_raise__I  $Tramp$TT$L$PI$$xdc_runtime_Assert_raise__I
   1001c5a9     0000198c     000016e8   CC26xx_pem3.obj (.text:ti_sysbios_BIOS_rtsUnlock__I)
ti_sysbios_knl_Clock_scheduleNextTick__E  $Tramp$TT$L$PI$$ti_sysbios_knl_Clock_scheduleNextTick__E
   1001bebd     00001c2c     00001a16   mangled_BIOS_rom.obj (.text:ti_sysbios_knl_Clock_workFuncDynamic__E__mangled__)
ti_sysbios_knl_Clock_walkQueueDynamic__E  $Tramp$TT$L$PI$$ti_sysbios_knl_Clock_walkQueueDynamic__E
   1001a805     00001c38     000019de   mangled_BIOS_rom.obj (.text:ti_sysbios_knl_Clock_workFuncDynamic__E__mangled__)
                             000019fa   mangled_BIOS_rom.obj (.text:ti_sysbios_knl_Clock_workFuncDynamic__E__mangled__)
ti_sysbios_knl_Clock_TimerProxy_getCurrentTick__E  $Tramp$TT$L$PI$$ti_sysbios_knl_Clock_TimerProxy_getCurrentTick__E
   1001c095     00001c44     000019ac   mangled_BIOS_rom.obj (.text:ti_sysbios_knl_Clock_workFuncDynamic__E__mangled__)

[40 trampolines]
[42 trampoline calls]


GLOBAL SYMBOLS: SORTED ALPHABETICALLY BY Name 

address    name
--------   ----
000013ed   C$$EXIT
00001467   ChipInfo_GetChipFamily
00001431   ChipInfo_GetHwRevision
00001313   NOROM_AONEventMcuWakeUpSet
000014e5   NOROM_CPUcpsid
000014f1   NOROM_CPUcpsie
000014fd   NOROM_CPUdelay
00001269   NOROM_DDI16BitfieldWrite
000012bf   NOROM_IntPendClear
00001205   NOROM_OSCClockSourceSet
UNDEFED    SHT$$INIT_ARRAY$$Base
UNDEFED    SHT$$INIT_ARRAY$$Limit
2000102c   TSK_idle
000014bd   ThisCodeIsBuiltForCC26xxHwRev20AndLater_HaltIfViolated
00000000   __ASM__
00000070   __ISA__
00000082   __PLAT__
20005000   __STACK_END
00001000   __STACK_SIZE
20005000   __STACK_TOP
000000a9   __TARG__
UNDEFED    __TI_CINIT_Base
UNDEFED    __TI_CINIT_Limit
UNDEFED    __TI_Handler_Table_Base
00000001   __TI_args_main
00001165   __TI_auto_init
20001130   __TI_cleanup_ptr
20001134   __TI_dtors_ptr
00000000   __TI_static_base__
000000ce   __TRDR__
000014a5   __aeabi_lmul
00000cf7   __aeabi_uldivmod
ffffffff   __binit__
ffffffff   __c_args__
0001ffac   __ccfg
20004000   __stack
00001503   __xdc__init
20000f28   __xdc__init__addr
0000148d   _args_main
00001365   _c_int00
20001128   _lock
000014df   _nop
000014d7   _register_lock
000014d1   _register_unlock
2000112c   _unlock
000013f1   abort
ffffffff   binit
000013a9   copy_in
000013f9   exit
00001089   main
20001138   main_func_sp
1001ca79   memcpy
1001ca8b   memset
00001363   smallErrorPolicy
200001a4   ti_sysbios_BIOS_Module__state__V
1001bc29   ti_sysbios_BIOS_RtsGateProxy_Handle__label__S
1001bab9   ti_sysbios_BIOS_RtsGateProxy_Object__delete__S
1001c179   ti_sysbios_BIOS_RtsGateProxy_Params__init__S
1001c249   ti_sysbios_BIOS_RtsGateProxy_enter__E
1001c24d   ti_sysbios_BIOS_RtsGateProxy_leave__E
1001c275   ti_sysbios_BIOS_RtsGateProxy_query__E
00001735   ti_sysbios_BIOS_atExitFunc__I
00001849   ti_sysbios_BIOS_exitFunc__I
1001c035   ti_sysbios_BIOS_exit__E
1001bff9   ti_sysbios_BIOS_getCpuFreq__E
00001883   ti_sysbios_BIOS_nullFunc__I
00001795   ti_sysbios_BIOS_registerRTSLock__I
000017dd   ti_sysbios_BIOS_removeRTSLock__I
00001765   ti_sysbios_BIOS_rtsLock__I
000016a1   ti_sysbios_BIOS_rtsUnlock__I
1001c045   ti_sysbios_BIOS_setThreadType__E
000017b9   ti_sysbios_BIOS_startFunc__I
1001c055   ti_sysbios_BIOS_start__E
00000eeb   ti_sysbios_family_arm_cc26xx_Boot_trimDevice
00000504   ti_sysbios_family_arm_cc26xx_Timer_Module__id__C
20000e5c   ti_sysbios_family_arm_cc26xx_Timer_Module__root__V
1001bb49   ti_sysbios_family_arm_cc26xx_Timer_Module__startupDone__S
200001e4   ti_sysbios_family_arm_cc26xx_Timer_Module__state__V
1001ba71   ti_sysbios_family_arm_cc26xx_Timer_Module_startup__E
20001078   ti_sysbios_family_arm_cc26xx_Timer_Object__table__V
00001885   ti_sysbios_family_arm_cc26xx_Timer_dynamicStub__E
00001bd9   ti_sysbios_family_arm_cc26xx_Timer_dynamicStub__E__mangled__
0000188d   ti_sysbios_family_arm_cc26xx_Timer_getCount64__E
00001c15   ti_sysbios_family_arm_cc26xx_Timer_getCount64__E__mangled__
00001895   ti_sysbios_family_arm_cc26xx_Timer_getCurrentTick__E
00001aa5   ti_sysbios_family_arm_cc26xx_Timer_getCurrentTick__E__mangled__
1001c251   ti_sysbios_family_arm_cc26xx_Timer_getExpiredTicks__E
0000189d   ti_sysbios_family_arm_cc26xx_Timer_getMaxTicks__E
00001bb1   ti_sysbios_family_arm_cc26xx_Timer_getMaxTicks__E__mangled__
1001c255   ti_sysbios_family_arm_cc26xx_Timer_getPeriod__E
000018a5   ti_sysbios_family_arm_cc26xx_Timer_initDevice__I
00001b75   ti_sysbios_family_arm_cc26xx_Timer_initDevice__I__mangled__
1001a461   ti_sysbios_family_arm_cc26xx_Timer_periodicStub__E
1001b769   ti_sysbios_family_arm_cc26xx_Timer_postInit__I
000018ad   ti_sysbios_family_arm_cc26xx_Timer_setNextTick__E
00001af5   ti_sysbios_family_arm_cc26xx_Timer_setNextTick__E__mangled__
1001c259   ti_sysbios_family_arm_cc26xx_Timer_setPeriod__E
000018b5   ti_sysbios_family_arm_cc26xx_Timer_setThreshold__I
00001b35   ti_sysbios_family_arm_cc26xx_Timer_setThreshold__I__mangled__
000018bd   ti_sysbios_family_arm_cc26xx_Timer_start__E
00001a31   ti_sysbios_family_arm_cc26xx_Timer_start__E__mangled__
00000488   ti_sysbios_family_arm_cc26xx_Timer_startupNeeded__C
1001b795   ti_sysbios_family_arm_cc26xx_Timer_startup__E
200001ec   ti_sysbios_family_arm_cc26xx_TimestampProvider_Module__state__V
1001bb69   ti_sysbios_family_arm_cc26xx_TimestampProvider_Module_startup__E
000018c5   ti_sysbios_family_arm_cc26xx_TimestampProvider_get32__E
00001bf9   ti_sysbios_family_arm_cc26xx_TimestampProvider_get32__E__mangled__
1001b9d1   ti_sysbios_family_arm_cc26xx_TimestampProvider_get64__E
1001c12f   ti_sysbios_family_arm_cc26xx_TimestampProvider_getFreq__E
00000506   ti_sysbios_family_arm_cc26xx_TimestampProvider_useClockTimer__C
0000048c   ti_sysbios_family_arm_m3_Hwi_E_alreadyDefined__C
00000490   ti_sysbios_family_arm_m3_Hwi_E_hwiLimitExceeded__C
1001ad01   ti_sysbios_family_arm_m3_Hwi_Instance_finalize__E
1001a3c9   ti_sysbios_family_arm_m3_Hwi_Instance_init__E
20000e84   ti_sysbios_family_arm_m3_Hwi_Module_State_0_excActive__A
20000e88   ti_sysbios_family_arm_m3_Hwi_Module_State_0_excContext__A
20000e8c   ti_sysbios_family_arm_m3_Hwi_Module_State_0_excStack__A
00000508   ti_sysbios_family_arm_m3_Hwi_Module__id__C
20000e64   ti_sysbios_family_arm_m3_Hwi_Module__root__V
1001bb89   ti_sysbios_family_arm_m3_Hwi_Module__startupDone__S
20000144   ti_sysbios_family_arm_m3_Hwi_Module__state__V
1001b175   ti_sysbios_family_arm_m3_Hwi_Module_startup__E
00000494   ti_sysbios_family_arm_m3_Hwi_NUM_INTERRUPTS__C
000002d0   ti_sysbios_family_arm_m3_Hwi_Object__DESC__C
00000170   ti_sysbios_family_arm_m3_Hwi_Object__PARAMS__C
00000498   ti_sysbios_family_arm_m3_Hwi_Object__count__C
1001aaad   ti_sysbios_family_arm_m3_Hwi_Object__create__S
1001bba9   ti_sysbios_family_arm_m3_Hwi_Object__delete__S
1001be69   ti_sysbios_family_arm_m3_Hwi_Object__destruct__S
1001b7c1   ti_sysbios_family_arm_m3_Hwi_Object__get__S
0000049c   ti_sysbios_family_arm_m3_Hwi_Object__table__C
20000e6c   ti_sysbios_family_arm_m3_Hwi_Object__table__V
1001c13d   ti_sysbios_family_arm_m3_Hwi_Params__init__S
000004a0   ti_sysbios_family_arm_m3_Hwi_ccr__C
1001af29   ti_sysbios_family_arm_m3_Hwi_construct
1001ab11   ti_sysbios_family_arm_m3_Hwi_create
1001c25d   ti_sysbios_family_arm_m3_Hwi_delete
1001c261   ti_sysbios_family_arm_m3_Hwi_destruct
1001c149   ti_sysbios_family_arm_m3_Hwi_disableFxn__E
1001b255   ti_sysbios_family_arm_m3_Hwi_disableInterrupt__E
1001aa45   ti_sysbios_family_arm_m3_Hwi_dispatchC__I
20000e40   ti_sysbios_family_arm_m3_Hwi_dispatchTable
1001c89d   ti_sysbios_family_arm_m3_Hwi_dispatch__I
1001c1fb   ti_sysbios_family_arm_m3_Hwi_doSwiRestore__I
1001c213   ti_sysbios_family_arm_m3_Hwi_doTaskRestore__I
1001c155   ti_sysbios_family_arm_m3_Hwi_enableFxn__E
1001b299   ti_sysbios_family_arm_m3_Hwi_enableInterrupt__E
1001ca01   ti_sysbios_family_arm_m3_Hwi_excHandlerAsm__I
000004a4   ti_sysbios_family_arm_m3_Hwi_excHandlerFunc__C
1001bbc9   ti_sysbios_family_arm_m3_Hwi_excHandler__I
1001b465   ti_sysbios_family_arm_m3_Hwi_getStackInfo__E
00000478   ti_sysbios_family_arm_m3_Hwi_hooks__C
1001a691   ti_sysbios_family_arm_m3_Hwi_initNVIC__E
1001c9b9   ti_sysbios_family_arm_m3_Hwi_initStacks__E
000004a8   ti_sysbios_family_arm_m3_Hwi_nullIsrFunc__C
000004ac   ti_sysbios_family_arm_m3_Hwi_numSparseInterrupts__C
e000e000   ti_sysbios_family_arm_m3_Hwi_nvic
1001ca3f   ti_sysbios_family_arm_m3_Hwi_pendSV__I
1001c065   ti_sysbios_family_arm_m3_Hwi_plug__E
1001a315   ti_sysbios_family_arm_m3_Hwi_postInit__I
000004b0   ti_sysbios_family_arm_m3_Hwi_priGroup__C
20000000   ti_sysbios_family_arm_m3_Hwi_ramVectors
00000000   ti_sysbios_family_arm_m3_Hwi_resetVectors
1001c219   ti_sysbios_family_arm_m3_Hwi_restoreFxn__E
1001ca57   ti_sysbios_family_arm_m3_Hwi_return
1001be85   ti_sysbios_family_arm_m3_Hwi_setPriority__E
1001c203   ti_sysbios_family_arm_m3_Hwi_startup__E
1001c00d   ti_sysbios_family_arm_m3_Hwi_switchFromBootStack__E
1001c265   ti_sysbios_family_arm_m3_TaskSupport_Module__startupDone__S
1001c96d   ti_sysbios_family_arm_m3_TaskSupport_buildTaskStack
1001c161   ti_sysbios_family_arm_m3_TaskSupport_getStackAlignment__E
1001ca59   ti_sysbios_family_arm_m3_TaskSupport_glue
[...]
000014bd   ThisCodeIsBuiltForCC26xxHwRev20AndLater_HaltIfViolated
000014d1   _register_unlock
000014d7   _register_lock
000014df   _nop
000014e5   NOROM_CPUcpsid
000014f1   NOROM_CPUcpsie
000014fd   NOROM_CPUdelay
00001503   __xdc__init
00001605   xdc_runtime_Startup_getState__I
000016a1   ti_sysbios_BIOS_rtsUnlock__I
00001735   ti_sysbios_BIOS_atExitFunc__I
00001765   ti_sysbios_BIOS_rtsLock__I
00001795   ti_sysbios_BIOS_registerRTSLock__I
000017b9   ti_sysbios_BIOS_startFunc__I
000017dd   ti_sysbios_BIOS_removeRTSLock__I
000017fd   ti_sysbios_rom_cortexm_cc26xx_CC26xx_checkRevision__E
00001819   ti_sysbios_knl_Clock_doTick__I
00001831   xdc_runtime_Startup_exec__I
00001849   ti_sysbios_BIOS_exitFunc__I
0000185f   xdc_runtime_Startup_reset__I
0000186b   xdc_runtime_System_SupportProxy_abort__E
00001877   xdc_runtime_System_SupportProxy_exit__E
00001883   ti_sysbios_BIOS_nullFunc__I
00001885   ti_sysbios_family_arm_cc26xx_Timer_dynamicStub__E
0000188d   ti_sysbios_family_arm_cc26xx_Timer_getCount64__E
00001895   ti_sysbios_family_arm_cc26xx_Timer_getCurrentTick__E
0000189d   ti_sysbios_family_arm_cc26xx_Timer_getMaxTicks__E
000018a5   ti_sysbios_family_arm_cc26xx_Timer_initDevice__I
000018ad   ti_sysbios_family_arm_cc26xx_Timer_setNextTick__E
000018b5   ti_sysbios_family_arm_cc26xx_Timer_setThreshold__I
000018bd   ti_sysbios_family_arm_cc26xx_Timer_start__E
000018c5   ti_sysbios_family_arm_cc26xx_TimestampProvider_get32__E
000018cd   ti_sysbios_knl_Clock_workFuncDynamic__E
000018d5   ti_sysbios_rom_cortexm_cc26xx_CC26xx_badRomRevision__E
0000190e   xdc_runtime_Text_nodeTab__A
00001999   ti_sysbios_knl_Clock_workFuncDynamic__E__mangled__
00001a31   ti_sysbios_family_arm_cc26xx_Timer_start__E__mangled__
00001aa5   ti_sysbios_family_arm_cc26xx_Timer_getCurrentTick__E__mangled__
00001af5   ti_sysbios_family_arm_cc26xx_Timer_setNextTick__E__mangled__
00001b35   ti_sysbios_family_arm_cc26xx_Timer_setThreshold__I__mangled__
00001b75   ti_sysbios_family_arm_cc26xx_Timer_initDevice__I__mangled__
00001bb1   ti_sysbios_family_arm_cc26xx_Timer_getMaxTicks__E__mangled__
00001bd9   ti_sysbios_family_arm_cc26xx_Timer_dynamicStub__E__mangled__
00001bf9   ti_sysbios_family_arm_cc26xx_TimestampProvider_get32__E__mangled__
00001c15   ti_sysbios_family_arm_cc26xx_Timer_getCount64__E__mangled__
00001d1c   xdc_runtime_Startup_sfxnTab__A
00001d40   xdc_runtime_Startup_sfxnRts__A
00001d54   xdc_runtime_Startup_firstFxns__A
0001ffac   __ccfg
1001a001   ti_sysbios_knl_Semaphore_pend__E
1001a0cd   ti_sysbios_knl_Mailbox_Instance_init__E
1001a195   ti_sysbios_heaps_HeapMem_alloc__E
1001a259   ti_sysbios_knl_Task_Instance_init__E
1001a315   ti_sysbios_family_arm_m3_Hwi_postInit__I
1001a3c9   ti_sysbios_family_arm_m3_Hwi_Instance_init__E
1001a461   ti_sysbios_family_arm_cc26xx_Timer_periodicStub__E
1001a4f5   ti_sysbios_knl_Task_Instance_finalize__E
1001a589   ti_sysbios_knl_Mailbox_post__E
1001a60d   ti_sysbios_knl_Task_postInit__I
1001a691   ti_sysbios_family_arm_m3_Hwi_initNVIC__E
1001a711   ti_sysbios_knl_Clock_startI__E
1001a78d   ti_sysbios_heaps_HeapMem_free__E
1001a805   ti_sysbios_knl_Clock_walkQueueDynamic__E
1001a87d   ti_sysbios_knl_Clock_workFunc__E
1001a8f5   ti_sysbios_knl_Mailbox_Instance_finalize__E
1001a965   ti_sysbios_knl_Mailbox_pend__E
1001a9d5   ti_sysbios_knl_Task_sleep__E
1001aa45   ti_sysbios_family_arm_m3_Hwi_dispatchC__I
1001aaad   ti_sysbios_family_arm_m3_Hwi_Object__create__S
1001ab11   ti_sysbios_family_arm_m3_Hwi_create
1001ab75   ti_sysbios_hal_Hwi_create
1001abd9   ti_sysbios_knl_Mailbox_create
1001ac3d   ti_sysbios_knl_Semaphore_post__E
1001aca1   ti_sysbios_knl_Swi_Instance_init__E
1001ad01   ti_sysbios_family_arm_m3_Hwi_Instance_finalize__E
1001ad5d   ti_sysbios_knl_Swi_create
1001adb9   ti_sysbios_knl_Swi_restoreHwi__E
1001ae15   ti_sysbios_knl_Task_Module_startup__E
1001ae71   ti_sysbios_knl_Task_create
1001aecd   ti_sysbios_knl_Task_startCore__E
1001af29   ti_sysbios_family_arm_m3_Hwi_construct
1001af81   ti_sysbios_knl_Mailbox_construct
1001afd9   ti_sysbios_knl_Swi_run__I
1001b031   ti_sysbios_knl_Swi_schedule__I
1001b085   ti_sysbios_knl_Swi_construct
1001b0d5   ti_sysbios_knl_Swi_runLoop__I
1001b125   ti_sysbios_knl_Task_construct
1001b175   ti_sysbios_family_arm_m3_Hwi_Module_startup__E
1001b1c1   ti_sysbios_knl_Task_schedule__I
1001b20d   ti_sysbios_heaps_HeapMem_getStats__E
1001b255   ti_sysbios_family_arm_m3_Hwi_disableInterrupt__E
1001b299   ti_sysbios_family_arm_m3_Hwi_enableInterrupt__E
1001b2dd   ti_sysbios_knl_Mailbox_Module_startup__E
1001b321   ti_sysbios_knl_Swi_post__E
1001b365   ti_sysbios_knl_Task_allBlockedFunction__I
1001b3a9   ti_sysbios_knl_Task_yield__E
1001b3ed   ti_sysbios_knl_Clock_create
1001b429   ti_sysbios_knl_Task_exit__E
1001b463   ti_sysbios_gates_GateHwi_Instance_init__E
1001b465   ti_sysbios_family_arm_m3_Hwi_getStackInfo__E
1001b49d   ti_sysbios_family_arm_m3_TaskSupport_start__E
1001b4d5   ti_sysbios_heaps_HeapMem_Instance_init__E
1001b50d   ti_sysbios_knl_Clock_Instance_init__E
1001b545   ti_sysbios_heaps_HeapMem_init__I
1001b579   ti_sysbios_knl_Clock_construct
1001b5ad   ti_sysbios_knl_Semaphore_create
1001b5e1   ti_sysbios_knl_Swi_restore__E
1001b615   ti_sysbios_knl_Task_blockI__E
1001b649   ti_sysbios_gates_GateMutex_Object__create__S
1001b679   ti_sysbios_gates_GateMutex_create
1001b6a9   ti_sysbios_gates_GateMutex_enter__E
1001b6d9   ti_sysbios_knl_Clock_getTicks__E
1001b709   ti_sysbios_knl_Semaphore_construct
1001b739   ti_sysbios_knl_Task_processVitalTaskFlag__I
1001b769   ti_sysbios_family_arm_cc26xx_Timer_postInit__I
1001b795   ti_sysbios_family_arm_cc26xx_Timer_startup__E
1001b795   ti_sysbios_knl_Clock_TimerProxy_startup__E
1001b7c1   ti_sysbios_family_arm_m3_Hwi_Object__get__S
1001b7ed   ti_sysbios_gates_GateMutex_construct
1001b819   ti_sysbios_hal_Hwi_initStack
1001b845   ti_sysbios_heaps_HeapMem_Object__create__S
1001b871   ti_sysbios_heaps_HeapMem_Object__get__S
1001b89d   ti_sysbios_knl_Mailbox_Object__get__S
1001b8c9   ti_sysbios_knl_Mailbox_postInit__I
1001b8f5   ti_sysbios_knl_Queue_construct
1001b921   ti_sysbios_knl_Queue_create
1001b94d   ti_sysbios_knl_Semaphore_pendTimeout__I
1001b979   ti_sysbios_knl_Swi_Object__get__S
1001b9a5   ti_sysbios_knl_Task_unblockI__E
1001b9d1   ti_sysbios_family_arm_cc26xx_TimestampProvider_get64__E
1001b9d1   xdc_runtime_Timestamp_SupportProxy_get64__E
1001b9d1   xdc_runtime_Timestamp_get64__E
1001b9f9   ti_sysbios_hal_Hwi_Instance_init__E
1001ba21   ti_sysbios_knl_Clock_addI__E
1001ba49   ti_sysbios_knl_Task_restore__E
1001ba71   ti_sysbios_family_arm_cc26xx_Timer_Module_startup__E
1001ba95   ti_sysbios_gates_GateHwi_Object__create__S
1001bab9   ti_sysbios_BIOS_RtsGateProxy_Object__delete__S
1001bab9   ti_sysbios_gates_GateMutex_Object__delete__S
1001bab9   ti_sysbios_heaps_HeapMem_Module_GateProxy_Object__delete__S
1001badd   ti_sysbios_knl_Clock_Object__delete__S
1001bb01   ti_sysbios_knl_Semaphore_Instance_init__E
1001bb25   ti_sysbios_knl_Semaphore_Object__delete__S
1001bb49   ti_sysbios_family_arm_cc26xx_Timer_Module__startupDone__S
1001bb69   ti_sysbios_family_arm_cc26xx_TimestampProvider_Module_startup__E
1001bb89   ti_sysbios_family_arm_m3_Hwi_Module__startupDone__S
1001bba9   ti_sysbios_family_arm_m3_Hwi_Object__delete__S
1001bba9   ti_sysbios_hal_Hwi_HwiProxy_Object__delete__S
1001bbc9   ti_sysbios_family_arm_m3_Hwi_excHandler__I
1001bbe9   ti_sysbios_gates_GateHwi_Handle__label__S
1001bbe9   xdc_runtime_System_Module_GateProxy_Handle__label__S
1001bc09   ti_sysbios_gates_GateHwi_Object__delete__S
1001bc09   xdc_runtime_System_Module_GateProxy_Object__delete__S
1001bc29   ti_sysbios_BIOS_RtsGateProxy_Handle__label__S
1001bc29   ti_sysbios_gates_GateMutex_Handle__label__S
1001bc29   ti_sysbios_heaps_HeapMem_Module_GateProxy_Handle__label__S
1001bc49   ti_sysbios_gates_GateMutex_Object__destruct__S
1001bc69   ti_sysbios_hal_Hwi_Object__delete__S
1001bc89   ti_sysbios_heaps_HeapMem_Handle__label__S
1001bc89   xdc_runtime_Memory_HeapProxy_Handle__label__S
1001bca9   ti_sysbios_heaps_HeapMem_Object__delete__S
1001bca9   xdc_runtime_Memory_HeapProxy_Object__delete__S
1001bcc9   ti_sysbios_knl_Clock_Module_startup__E
1001bce9   ti_sysbios_knl_Clock_Object__destruct__S
1001bd09   ti_sysbios_knl_Idle_run__E
1001bd29   ti_sysbios_knl_Mailbox_Object__delete__S
1001bd49   ti_sysbios_knl_Queue_Object__delete__S
1001bd69   ti_sysbios_knl_Queue_Object__get__S
1001bd89   ti_sysbios_knl_Semaphore_Object__destruct__S
1001bda9   ti_sysbios_knl_Swi_Object__delete__S
1001bdc9   ti_sysbios_knl_Task_Object__delete__S
1001bde9   ti_sysbios_knl_Task_Object__get__S
1001be09   ti_sysbios_knl_Task_enter__I
1001be29   ti_sysbios_knl_Task_restoreHwi__E
1001be49   ti_sysbios_hal_Hwi_HwiProxy_create
1001be67   ti_sysbios_knl_Clock_logTick__E
1001be69   ti_sysbios_family_arm_m3_Hwi_Object__destruct__S
1001be85   ti_sysbios_family_arm_m3_Hwi_setPriority__E
1001bea1   ti_sysbios_gates_GateMutex_Instance_init__E
1001bebd   ti_sysbios_knl_Clock_scheduleNextTick__E
1001bed9   ti_sysbios_knl_Mailbox_Object__destruct__S
1001bef5   ti_sysbios_knl_Queue_Object__destruct__S
1001bf11   ti_sysbios_knl_Queue_get__E
1001bf2d   ti_sysbios_knl_Queue_put__E
1001bf49   ti_sysbios_knl_Swi_Object__destruct__S
1001bf65   ti_sysbios_knl_Task_Object__destruct__S
1001bf81   ti_sysbios_knl_Task_sleepTimeout__I
1001bf9b   ti_sysbios_knl_Swi_Instance_finalize__E
1001bf9d   ti_sysbios_gates_GateMutex_leave__E
1001bfb5   ti_sysbios_knl_Task_unblock__E
1001bfcd   ti_sysbios_knl_Clock_Instance_finalize__E
1001bfe3   ti_sysbios_knl_Clock_start__E
1001bff9   ti_sysbios_BIOS_getCpuFreq__E
1001c00d   ti_sysbios_family_arm_m3_Hwi_switchFromBootStack__E
1001c021   ti_sysbios_hal_Hwi_Module_startup__E
1001c035   ti_sysbios_BIOS_exit__E
1001c045   ti_sysbios_BIOS_setThreadType__E
1001c055   ti_sysbios_BIOS_start__E
1001c065   ti_sysbios_family_arm_m3_Hwi_plug__E
1001c075   ti_sysbios_gates_GateMutex_Instance_finalize__E
1001c085   ti_sysbios_hal_Hwi_HwiProxy_Object__create__S
1001c095   ti_sysbios_knl_Clock_TimerProxy_getCurrentTick__E
1001c0a5   ti_sysbios_knl_Clock_TimerProxy_getMaxTicks__E
1001c0b5   ti_sysbios_knl_Clock_TimerProxy_setNextTick__E
1001c0c5   ti_sysbios_knl_Semaphore_Instance_finalize__E
1001c0d5   ti_sysbios_knl_Swi_disable__E
1001c0e5   ti_sysbios_knl_Swi_enabled__E
1001c0f5   ti_sysbios_knl_Task_disable__E
1001c105   ti_sysbios_heaps_HeapMem_restore__E
1001c113   ti_sysbios_knl_Queue_empty__E
1001c121   ti_sysbios_knl_Queue_remove__E
1001c12f   ti_sysbios_family_arm_cc26xx_TimestampProvider_getFreq__E
1001c12f   xdc_runtime_Timestamp_SupportProxy_getFreq__E
1001c12f   xdc_runtime_Timestamp_getFreq__E
1001c13d   ti_sysbios_family_arm_m3_Hwi_Params__init__S
1001c13d   ti_sysbios_hal_Hwi_HwiProxy_Params__init__S
1001c149   ti_sysbios_family_arm_m3_Hwi_disableFxn__E
1001c155   ti_sysbios_family_arm_m3_Hwi_enableFxn__E
1001c161   ti_sysbios_family_arm_m3_TaskSupport_getStackAlignment__E
1001c16d   ti_sysbios_gates_GateHwi_enter__E
1001c179   ti_sysbios_BIOS_RtsGateProxy_Params__init__S
1001c179   ti_sysbios_gates_GateMutex_Params__init__S
1001c179   ti_sysbios_heaps_HeapMem_Module_GateProxy_Params__init__S
1001c185   ti_sysbios_knl_Clock_Params__init__S
1001c191   ti_sysbios_knl_Clock_getTimerHandle__E
1001c19d   ti_sysbios_knl_Mailbox_Params__init__S
1001c1a9   ti_sysbios_knl_Queue_dequeue__E
1001c1b5   ti_sysbios_knl_Queue_enqueue__E
1001c1c1   ti_sysbios_knl_Semaphore_Params__init__S
1001c1cd   ti_sysbios_knl_Swi_Params__init__S
1001c1d9   ti_sysbios_knl_Task_Params__init__S
1001c1e5   ti_sysbios_knl_Task_self__E
1001c1f1   ti_sysbios_hal_Hwi_Instance_finalize__E
1001c1fb   ti_sysbios_family_arm_m3_Hwi_doSwiRestore__I
1001c203   ti_sysbios_family_arm_m3_Hwi_startup__E
1001c20b   ti_sysbios_knl_Idle_loop__E
1001c213   ti_sysbios_family_arm_m3_Hwi_doTaskRestore__I
1001c219   ti_sysbios_family_arm_m3_Hwi_restoreFxn__E
1001c21f   ti_sysbios_gates_GateHwi_leave__E
1001c225   ti_sysbios_knl_Clock_stop__E
1001c22b   ti_sysbios_knl_Queue_Instance_init__E
1001c231   ti_sysbios_knl_Queue_elemClear__E
1001c237   ti_sysbios_knl_Swi_Module_startup__E
1001c23d   ti_sysbios_knl_Swi_startup__E
1001c243   ti_sysbios_knl_Task_enable__E
1001c249   ti_sysbios_BIOS_RtsGateProxy_enter__E
1001c24d   ti_sysbios_BIOS_RtsGateProxy_leave__E
1001c251   ti_sysbios_family_arm_cc26xx_Timer_getExpiredTicks__E
1001c255   ti_sysbios_family_arm_cc26xx_Timer_getPeriod__E
1001c259   ti_sysbios_family_arm_cc26xx_Timer_setPeriod__E
1001c25d   ti_sysbios_family_arm_m3_Hwi_delete
1001c261   ti_sysbios_family_arm_m3_Hwi_destruct
1001c265   ti_sysbios_family_arm_m3_TaskSupport_Module__startupDone__S
1001c269   ti_sysbios_gates_GateHwi_query__E
1001c269   xdc_runtime_System_Module_GateProxy_query__E
1001c26d   ti_sysbios_gates_GateMutex_delete
1001c271   ti_sysbios_gates_GateMutex_destruct
1001c275   ti_sysbios_BIOS_RtsGateProxy_query__E
1001c275   ti_sysbios_gates_GateMutex_query__E
1001c275   ti_sysbios_heaps_HeapMem_Module_GateProxy_query__E
1001c279   ti_sysbios_hal_Hwi_HwiProxy_Module__startupDone__S
1001c27d   ti_sysbios_hal_Hwi_HwiProxy_delete
1001c281   ti_sysbios_hal_Hwi_HwiProxy_disableInterrupt__E
1001c281   ti_sysbios_hal_Hwi_disableInterrupt__E
1001c285   ti_sysbios_hal_Hwi_HwiProxy_enableInterrupt__E
1001c285   ti_sysbios_hal_Hwi_enableInterrupt__E
1001c289   ti_sysbios_hal_Hwi_HwiProxy_getStackInfo__E
1001c289   ti_sysbios_hal_Hwi_getStackInfo__E
1001c28d   ti_sysbios_hal_Hwi_HwiProxy_startup__E
1001c28d   ti_sysbios_hal_Hwi_startup__E
1001c291   ti_sysbios_hal_Hwi_HwiProxy_switchFromBootStack__E
1001c295   ti_sysbios_hal_Hwi_delete
1001c299   ti_sysbios_hal_Hwi_switchFromBootStack__E
1001c29d   ti_sysbios_heaps_HeapMem_Module_GateProxy_enter__E
1001c2a1   ti_sysbios_heaps_HeapMem_Module_GateProxy_leave__E
1001c2a5   ti_sysbios_heaps_HeapMem_isBlocking__E
1001c2a9   ti_sysbios_knl_Clock_TimerProxy_Module__startupDone__S
1001c2ad   ti_sysbios_knl_Clock_TimerProxy_getExpiredTicks__E
1001c2b1   ti_sysbios_knl_Clock_TimerProxy_getPeriod__E
1001c2b5   ti_sysbios_knl_Clock_delete
1001c2b9   ti_sysbios_knl_Clock_destruct
1001c2bd   ti_sysbios_knl_Clock_removeI__E
1001c2c1   ti_sysbios_knl_Clock_setTimeout__E
1001c2c5   ti_sysbios_knl_Mailbox_delete
1001c2c9   ti_sysbios_knl_Mailbox_destruct
1001c2cd   ti_sysbios_knl_Queue_delete
1001c2d1   ti_sysbios_knl_Queue_destruct
1001c2d5   ti_sysbios_knl_Queue_head__E
1001c2d9   ti_sysbios_knl_Queue_next__E
1001c2dd   ti_sysbios_knl_Semaphore_delete
1001c2e1   ti_sysbios_knl_Semaphore_destruct
1001c2e5   ti_sysbios_knl_Swi_delete
1001c2e9   ti_sysbios_knl_Swi_destruct
1001c2ed   ti_sysbios_knl_Swi_postInit__I
1001c2f1   ti_sysbios_knl_Task_SupportProxy_Module__startupDone__S
1001c2f5   ti_sysbios_knl_Task_SupportProxy_getStackAlignment__E
1001c2f9   ti_sysbios_knl_Task_SupportProxy_start__E
1001c2fd   ti_sysbios_knl_Task_SupportProxy_swap__E
1001c301   ti_sysbios_knl_Task_delete
1001c305   ti_sysbios_knl_Task_destruct
1001c309   ti_sysbios_knl_Task_startup__E
1001c30d   xdc_runtime_Startup_startMods__I
1001c405   xdc_runtime_Core_createObject__I
1001c487   xdc_runtime_Error_policySpin__E
1001c489   xdc_runtime_Memory_alloc__E
1001c4f9   xdc_runtime_Core_deleteObject__I
1001c559   xdc_runtime_Startup_exec__E
1001c5a9   xdc_runtime_Assert_raise__I
1001c5f1   xdc_runtime_Core_assignParams__I
1001c639   xdc_runtime_Core_constructObject__I
1001c681   xdc_runtime_System_atexit__E
1001c6b9   xdc_runtime_System_processAtExit__E
1001c6ed   xdc_runtime_Core_assignLabel__I
1001c71d   xdc_runtime_Text_cordText__E
1001c749   xdc_runtime_System_abort__E
1001c769   xdc_runtime_Error_raiseX__E
1001c785   xdc_runtime_Memory_valloc__E
1001c7a1   xdc_runtime_Core_destructObject__I
1001c7b9   xdc_runtime_Error_check__E
1001c7d1   xdc_runtime_System_exit__E
1001c7e9   xdc_runtime_Text_ropeText__E
1001c801   xdc_runtime_Memory_free__E
1001c811   xdc_runtime_SysCallback_abort__E
1001c821   xdc_runtime_SysCallback_exit__E
1001c831   xdc_runtime_Timestamp_SupportProxy_get32__E
1001c831   xdc_runtime_Timestamp_get32__E
1001c841   xdc_runtime_Error_init__E
1001c84d   xdc_runtime_Memory_calloc__E
1001c859   xdc_runtime_Memory_getMaxDefaultTypeAlign__E
1001c879   xdc_runtime_Gate_leaveSystem__E
1001c87f   xdc_runtime_System_Module_startup__E
1001c885   xdc_runtime_Gate_enterSystem__E
1001c889   xdc_runtime_Memory_HeapProxy_alloc__E
1001c88d   xdc_runtime_Memory_HeapProxy_free__E
1001c891   xdc_runtime_System_Module_GateProxy_enter__E
1001c895   xdc_runtime_System_Module_GateProxy_leave__E
1001c899   xdc_runtime_System_abortSpin__E
1001c89b   xdc_runtime_System_exitSpin__E
1001c89d   ti_sysbios_family_arm_m3_Hwi_dispatch__I
1001c96d   ti_sysbios_family_arm_m3_TaskSupport_buildTaskStack
1001c9b9   ti_sysbios_family_arm_m3_Hwi_initStacks__E
1001ca01   ti_sysbios_family_arm_m3_Hwi_excHandlerAsm__I
1001ca21   ti_sysbios_family_xxx_Hwi_switchAndRunFunc
1001ca3f   ti_sysbios_family_arm_m3_Hwi_pendSV__I
1001ca57   ti_sysbios_family_arm_m3_Hwi_return
1001ca59   ti_sysbios_family_arm_m3_TaskSupport_glue
1001ca69   ti_sysbios_family_arm_m3_TaskSupport_swap__E
1001ca71   ti_sysbios_knl_Task_swapReturn
1001ca79   memcpy
1001ca8b   memset
1001ca9b   ti_sysbios_rom_cortexm_cc26xx_CC26xx_getRevision__E
20000000   ti_sysbios_family_arm_m3_Hwi_ramVectors
20000100   ti_sysbios_knl_Task_Module__state__V
20000144   ti_sysbios_family_arm_m3_Hwi_Module__state__V
20000178   ti_sysbios_knl_Clock_Module__state__V
200001a4   ti_sysbios_BIOS_Module__state__V
200001c8   ti_sysbios_knl_Swi_Module__state__V
200001e4   ti_sysbios_family_arm_cc26xx_Timer_Module__state__V
200001ec   ti_sysbios_family_arm_cc26xx_TimestampProvider_Module__state__V
200001f0   xdc_runtime_Startup_Module__state__V
200001f8   xdc_runtime_System_Module__state__V
20000200   xdc_runtime_Memory_Module__state__V
20000600   ti_sysbios_knl_Task_Instance_State_0_stack__A
20000e00   ti_sysbios_heaps_HeapMem_Instance_State_0_buf__A
20000e40   ti_sysbios_family_arm_m3_Hwi_dispatchTable
20000e5c   ti_sysbios_family_arm_cc26xx_Timer_Module__root__V
20000e64   ti_sysbios_family_arm_m3_Hwi_Module__root__V
20000e6c   ti_sysbios_family_arm_m3_Hwi_Object__table__V
20000e84   ti_sysbios_family_arm_m3_Hwi_Module_State_0_excActive__A
20000e88   ti_sysbios_family_arm_m3_Hwi_Module_State_0_excContext__A
20000e8c   ti_sysbios_family_arm_m3_Hwi_Module_State_0_excStack__A
20000e90   ti_sysbios_gates_GateHwi_Module__root__V
20000e98   ti_sysbios_gates_GateHwi_Object__table__V
20000e9c   ti_sysbios_gates_GateMutex_Module__root__V
20000ea4   ti_sysbios_hal_Hwi_Module__root__V
20000eac   ti_sysbios_heaps_HeapMem_Module__root__V
20000eb4   ti_sysbios_heaps_HeapMem_Object__table__V
20000ecc   ti_sysbios_knl_Clock_Module__root__V
20000ed4   ti_sysbios_knl_Event_Module__root__V
20000edc   ti_sysbios_knl_Mailbox_Module__root__V
20000ee4   ti_sysbios_knl_Queue_Module__root__V
20000eec   ti_sysbios_knl_Semaphore_Module__root__V
20000ef4   ti_sysbios_knl_Swi_Module__root__V
20000efc   ti_sysbios_knl_Task_Module__root__V
20000f04   ti_sysbios_knl_Task_Module_State_0_idleTask__A
20000f08   xdc_runtime_System_Module_State_0_atexitHandlers__A
20000f28   __xdc__init__addr
20000f2c   ti_sysbios_knl_Swi_Module_State_0_readyQ__A
20000fac   ti_sysbios_knl_Task_Module_State_0_readyQ__A
2000102c   TSK_idle
2000102c   ti_sysbios_knl_Task_Object__table__V
20001078   ti_sysbios_family_arm_cc26xx_Timer_Object__table__V
200010c0   ti_sysbios_gates_GateMutex_Object__table__V
200010f8   ti_sysbios_knl_Swi_Object__table__V
20001128   _lock
2000112c   _unlock
20001130   __TI_cleanup_ptr
20001134   __TI_dtors_ptr
20001138   main_func_sp
20004000   __stack
20005000   __STACK_END
20005000   __STACK_TOP
e000e000   ti_sysbios_family_arm_m3_Hwi_nvic
ffffffff   __binit__
ffffffff   __c_args__
ffffffff   binit
UNDEFED    SHT$$INIT_ARRAY$$Base
UNDEFED    SHT$$INIT_ARRAY$$Limit
UNDEFED    __TI_CINIT_Base
UNDEFED    __TI_CINIT_Limit
UNDEFED    __TI_Handler_Table_Base

[564 symbols]
