******************************************************************************
                  TI ARM Linker Unix v5.2.4                    
******************************************************************************
>> Linked Fri Jul 10 15:53:23 2015

OUTPUT FILE NAME:   <rtos_rom.xem3>
ENTRY POINT SYMBOL: "_c_int00"  address: 0000146d


MEMORY CONFIGURATION

         name            origin    length      used     unused   attr    fill
----------------------  --------  ---------  --------  --------  ----  --------
  VECS                  00000000   00000100  0000003c  000000c4  R  X
  RTOS_FLASH            00000100   00000700  000004dc  00000224  R  X
  FLASH                 00000800   0001f000  000014d8  0001db28  R  X
  FLASH_CCFG            0001ffa8   00000058  00000058  00000000  R  X
  RTOS_ROM              1001a000   00002c00  00002a6c  00000194  R  X
  VRAM                  20000000   00000100  000000dc  00000024  RW X
  RTOS_SRAM             20000100   00000500  00000104  000003fc  RW X
  SRAM                  20000600   00004a00  00001b3c  00002ec4  RW X


SEGMENT ALLOCATION MAP

run origin  load origin   length   init length attrs members
----------  ----------- ---------- ----------- ----- -------
00000000    00000000    0000003c   0000003c    r--
  00000000    00000000    0000003c   0000003c    r-- .resetVecs
00000100    00000100    000004e0   000004e0    r--
  00000100    00000100    00000413   00000413    r-- .sysbios_rom_const
  00000514    00000514    00000079   00000079    r-- .sysbios_rom_const
  00000590    00000590    00000030   00000030    r-- .sysbios_rom_const
  000005c0    000005c0    00000020   00000020    r-- .sysbios_rom_const
00000800    00000800    000014d8   000014d8    r-x
  00000800    00000800    00000ea0   00000ea0    r-x .text
  000016a0    000016a0    00000344   00000344    r-x .bigc_text
  000019e4    000019e4    0000026c   0000026c    r-x .mangled_apis_text
  00001c50    00001c50    00000088   00000088    r-- .const
0001ffa8    0001ffa8    00000058   00000058    r--
  0001ffa8    0001ffa8    00000058   00000058    r-- .ccfg
1001a000    1001a000    00002a6e   00002a6e    r-x
  1001a000    1001a000    000022da   000022da    r-x .sysbios_rom_text
  1001c2dc    1001c2dc    00000584   00000584    r-x .sysbios_rom_text
  1001c860    1001c860    000001dc   000001dc    r-x .sysbios_rom_text
  1001ca3c    1001ca3c    0000002e   0000002e    r-x .sysbios_rom_text
  1001ca6a    1001ca6a    00000004   00000004    r-x .sysbios_rom_text
20000000    20000000    000000dc   00000000    rw-
  20000000    20000000    000000dc   00000000    rw- .vecs
20000100    20000100    00000104   00000104    rw-
  20000100    20000100    000000f0   000000f0    rw- .sysbios_rom_data
  200001f0    200001f0    00000014   00000014    rw- .sysbios_rom_data
20000600    20000600    00000840   00000000    rw-
  20000600    20000600    00000840   00000000    rw- .bss
20000e40    20000e40    000002fc   000002fc    rw-
  20000e40    20000e40    000002fc   000002fc    rw- .data
20004000    20004000    00001000   00000000    rw-
  20004000    20004000    00001000   00000000    rw- .stack


SECTION ALLOCATION MAP

 output                                  attributes/
section   page    origin      length       input sections
--------  ----  ----------  ----------   ----------------
.text      0    00000800    00000ea0     
                  00000800    0000061e     driverlib.lib : setup.obj (.text:HapiTrimDeviceShutDown)
                  00000e1e    000001f4     rtsv7M3_T_le_eabi.lib : ull_div_t2.obj (.text)
                  00001012    00000002     CC26xx.obj (.text:smallErrorPolicy)
                  00001014    000000dc     CC26xx.obj (.text:main)
                  000010f0    000000c2     driverlib.lib : setup.obj (.text:trimDevice)
                  000011b2    00000002     --HOLE-- [fill = 0]
                  000011b4    000000a0     auto_init.aem3 : auto_init.oem3 (.text)
                  00001254    00000082     driverlib.lib : chipinfo.obj (.text:ChipInfo_GetHwRevision)
                  000012d6    0000005a                   : ddi.obj (.text:NOROM_DDI16BitfieldWrite)
                  00001330    00000054                   : interrupt.obj (.text:NOROM_IntPendClear)
                  00001384    00000052                   : osc.obj (.text:NOROM_OSCClockSourceSet)
                  000013d6    00000002     --HOLE-- [fill = 0]
                  000013d8    0000004c     rtsv7M3_T_le_eabi.lib : cpy_tbl.obj (.text)
                  00001424    00000046     driverlib.lib : ddi.obj (.text:NOROM_DDI16BitfieldRead)
                  0000146a    00000002     --HOLE-- [fill = 0]
                  0000146c    00000044     boot.aem3 : boot.oem3 (.text)
                  000014b0    00000044     rtsv7M3_T_le_eabi.lib : exit.obj (.text)
                  000014f4    00000034     driverlib.lib : chipinfo.obj (.text:ChipInfo_GetChipFamily)
                  00001528    00000032                   : aon_event.obj (.text:NOROM_AONEventMcuWakeUpSet)
                  0000155a    00000026                   : osc.obj (.text:NOROM_OSCClockSourceGet)
                  00001580    00000018     rtsv7M3_T_le_eabi.lib : args_main.obj (.text)
                  00001598    00000018                           : ll_mul_t2.obj (.text)
                  000015b0    00000014     driverlib.lib : chipinfo.obj (.text:ThisCodeIsBuiltForCC26xxHwRev22AndLater_HaltIfViolated)
                  000015c4    00000014     rtsv7M3_T_le_eabi.lib : _lock.obj (.text)
                  000015d8    0000000c     driverlib.lib : cpu.obj (.text:NOROM_CPUcpsid)
                  000015e4    0000000c                   : cpu.obj (.text:NOROM_CPUcpsie)
                  000015f0    00000006     mangled_BIOS_rom.obj (.text:__xdc__init)
                  000015f6    00000002     --HOLE-- [fill = 0]
                  000015f8    00000008     mangled_BIOS_rom.obj (.tramp.xdc_runtime_System_exit__E.1)
                  00001600    00000008     CC26xx.obj (.tramp.memcpy.1)
                  00001608    00000008     mangled_BIOS_rom.obj (.tramp.ti_sysbios_knl_Clock_start__E.1)
                  00001610    00000008     mangled_BIOS_rom.obj (.tramp.ti_sysbios_knl_Semaphore_post__E.1)
                  00001618    00000008     mangled_BIOS_rom.obj (.tramp.ti_sysbios_knl_Semaphore_pend__E.1)
                  00001620    00000008     mangled_BIOS_rom.obj (.tramp.ti_sysbios_knl_Swi_construct.1)
                  00001628    00000008     mangled_BIOS_rom.obj (.tramp.ti_sysbios_family_arm_m3_Hwi_construct.1)
                  00001630    00000008     mangled_BIOS_rom.obj (.tramp.ti_sysbios_knl_Clock_construct.1)
                  00001638    00000008     mangled_BIOS_rom.obj (.tramp.ti_sysbios_knl_Semaphore_construct.1)
                  00001640    00000008     mangled_BIOS_rom.obj (.tramp.ti_sysbios_knl_Task_construct.1)
                  00001648    00000008     mangled_BIOS_rom.obj (.tramp.ti_sysbios_knl_Swi_create.1)
                  00001650    00000008     mangled_BIOS_rom.obj (.tramp.ti_sysbios_family_arm_m3_Hwi_create.1)
                  00001658    00000008     mangled_BIOS_rom.obj (.tramp.ti_sysbios_knl_Clock_create.1)
                  00001660    00000008     mangled_BIOS_rom.obj (.tramp.ti_sysbios_knl_Semaphore_create.1)
                  00001668    00000008     mangled_BIOS_rom.obj (.tramp.ti_sysbios_knl_Task_create.1)
                  00001670    00000008     mangled_BIOS_rom.obj (.tramp.ti_sysbios_knl_Swi_Params__init__S.1)
                  00001678    00000008     mangled_BIOS_rom.obj (.tramp.ti_sysbios_family_arm_m3_Hwi_Params__init__S.1)
                  00001680    00000008     mangled_BIOS_rom.obj (.tramp.ti_sysbios_knl_Semaphore_Params__init__S.1)
                  00001688    00000008     mangled_BIOS_rom.obj (.tramp.ti_sysbios_knl_Clock_Params__init__S.1)
                  00001690    00000008     mangled_BIOS_rom.obj (.tramp.ti_sysbios_knl_Task_Params__init__S.1)
                  00001698    00000008     mangled_BIOS_rom.obj (.tramp.ti_sysbios_BIOS_start__E.1)

.const     0    00001c50    00000088     
                  00001c50    00000048     CC26xx_pem3.obj (.const:.string)
                  00001c98    00000024     CC26xx_pem3.obj (.const:xdc_runtime_Startup_sfxnTab__A)
                  00001cbc    00000012     CC26xx_pem3.obj (.const:xdc_runtime_Startup_sfxnRts__A)
                  00001cce    00000001     CC26xx_pem3.obj (.const:xdc_runtime_Text_charTab__A)
                  00001ccf    00000001     --HOLE-- [fill = 0]
                  00001cd0    00000008     CC26xx_pem3.obj (.const:xdc_runtime_Startup_firstFxns__A)

.cinit     0    00000800    00000000     UNINITIALIZED

.init_array 
*          0    00000800    00000000     UNINITIALIZED

.ccfg      0    0001ffa8    00000058     
                  0001ffa8    00000058     CC26xx_pem3.obj (.ccfg:retain)

.bss       0    20000600    00000840     UNINITIALIZED
                  20000600    00000800     CC26xx_pem3.obj (.bss:taskStackSection)
                  20000e00    00000040     CC26xx_pem3.obj (.bss:ti_sysbios_heaps_HeapMem_Instance_State_0_buf__A)

.data      0    20000e40    000002fc     
                  20000e40    000000ec     CC26xx_pem3.obj (.data)
                  20000f2c    00000080     CC26xx_pem3.obj (.data:ti_sysbios_knl_Swi_Module_State_0_readyQ__A)
                  20000fac    00000080     CC26xx_pem3.obj (.data:ti_sysbios_knl_Task_Module_State_0_readyQ__A)
                  2000102c    0000004c     CC26xx_pem3.obj (.data:ti_sysbios_knl_Task_Object__table__V)
                  20001078    00000048     CC26xx_pem3.obj (.data:ti_sysbios_family_arm_cc26xx_Timer_Object__table__V)
                  200010c0    00000038     CC26xx_pem3.obj (.data:ti_sysbios_gates_GateMutex_Object__table__V)
                  200010f8    00000030     CC26xx_pem3.obj (.data:ti_sysbios_knl_Swi_Object__table__V)
                  20001128    00000008     rtsv7M3_T_le_eabi.lib : _lock.obj (.data)
                  20001130    00000008                           : exit.obj (.data)
                  20001138    00000004                           : stkdepth_vars.obj (.data)

.stack     0    20004000    00001000     UNINITIALIZED
                  20004000    00001000     --HOLE--

.bootVecs 
*          0    00000000    00000008     DSECT
                  00000000    00000008     boot.aem3 : boot.oem3 (.bootVecs)

.resetVecs 
*          0    00000000    0000003c     
                  00000000    0000003c     CC26xx_pem3.obj (.resetVecs)

.sysbios_rom_const 
*          0    00000100    00000413     
                  00000100    0000003c     CC26xx_pem3.obj (.const:ti_sysbios_knl_Task_Object__PARAMS__C)
                  0000013c    00000034     CC26xx_pem3.obj (.const:ti_sysbios_knl_Mailbox_Object__PARAMS__C)
                  00000170    00000030     CC26xx_pem3.obj (.const:ti_sysbios_family_arm_m3_Hwi_Object__PARAMS__C)
                  000001a0    0000002c     CC26xx_pem3.obj (.const:ti_sysbios_hal_Hwi_Object__PARAMS__C)
                  000001cc    00000028     CC26xx_pem3.obj (.const:ti_sysbios_heaps_HeapMem_Module__FXNS__C)
                  000001f4    00000028     CC26xx_pem3.obj (.const:ti_sysbios_knl_Swi_Object__PARAMS__C)
                  0000021c    00000024     CC26xx_pem3.obj (.const:ti_sysbios_gates_GateHwi_Module__FXNS__C)
                  00000240    00000024     CC26xx_pem3.obj (.const:ti_sysbios_gates_GateMutex_Module__FXNS__C)
                  00000264    00000024     CC26xx_pem3.obj (.const:ti_sysbios_heaps_HeapMem_Object__PARAMS__C)
                  00000288    00000024     CC26xx_pem3.obj (.const:ti_sysbios_knl_Clock_Object__PARAMS__C)
                  000002ac    00000024     CC26xx_pem3.obj (.const:ti_sysbios_knl_Semaphore_Object__PARAMS__C)
                  000002d0    00000020     CC26xx_pem3.obj (.const:ti_sysbios_family_arm_m3_Hwi_Object__DESC__C)
                  000002f0    00000020     CC26xx_pem3.obj (.const:ti_sysbios_gates_GateHwi_Object__DESC__C)
                  00000310    00000020     CC26xx_pem3.obj (.const:ti_sysbios_gates_GateMutex_Object__DESC__C)
                  00000330    00000020     CC26xx_pem3.obj (.const:ti_sysbios_hal_Hwi_Object__DESC__C)
                  00000350    00000020     CC26xx_pem3.obj (.const:ti_sysbios_heaps_HeapMem_Object__DESC__C)
                  00000370    00000020     CC26xx_pem3.obj (.const:ti_sysbios_knl_Clock_Object__DESC__C)
                  00000390    00000020     CC26xx_pem3.obj (.const:ti_sysbios_knl_Mailbox_Object__DESC__C)
                  000003b0    00000020     CC26xx_pem3.obj (.const:ti_sysbios_knl_Queue_Object__DESC__C)
                  000003d0    00000020     CC26xx_pem3.obj (.const:ti_sysbios_knl_Semaphore_Object__DESC__C)
                  000003f0    00000020     CC26xx_pem3.obj (.const:ti_sysbios_knl_Swi_Object__DESC__C)
                  00000410    00000020     CC26xx_pem3.obj (.const:ti_sysbios_knl_Task_Object__DESC__C)
                  00000430    00000018     CC26xx_pem3.obj (.const:ti_sysbios_gates_GateHwi_Object__PARAMS__C)
                  00000448    00000018     CC26xx_pem3.obj (.const:ti_sysbios_gates_GateMutex_Object__PARAMS__C)
                  00000460    00000018     CC26xx_pem3.obj (.const:ti_sysbios_knl_Queue_Object__PARAMS__C)
                  00000478    00000008     CC26xx_pem3.obj (.const:ti_sysbios_family_arm_m3_Hwi_hooks__C)
                  00000480    00000008     CC26xx_pem3.obj (.const:ti_sysbios_knl_Idle_funcList__C)
                  00000488    00000004     CC26xx_pem3.obj (.const:ti_sysbios_family_arm_cc26xx_Timer_startupNeeded__C)
                  0000048c    00000004     CC26xx_pem3.obj (.const:ti_sysbios_family_arm_m3_Hwi_E_alreadyDefined__C)
                  00000490    00000004     CC26xx_pem3.obj (.const:ti_sysbios_family_arm_m3_Hwi_E_hwiLimitExceeded__C)
                  00000494    00000004     CC26xx_pem3.obj (.const:ti_sysbios_family_arm_m3_Hwi_NUM_INTERRUPTS__C)
                  00000498    00000004     CC26xx_pem3.obj (.const:ti_sysbios_family_arm_m3_Hwi_Object__count__C)
                  0000049c    00000004     CC26xx_pem3.obj (.const:ti_sysbios_family_arm_m3_Hwi_Object__table__C)
                  000004a0    00000004     CC26xx_pem3.obj (.const:ti_sysbios_family_arm_m3_Hwi_ccr__C)
                  000004a4    00000004     CC26xx_pem3.obj (.const:ti_sysbios_family_arm_m3_Hwi_excHandlerFunc__C)
                  000004a8    00000004     CC26xx_pem3.obj (.const:ti_sysbios_family_arm_m3_Hwi_nullIsrFunc__C)
                  000004ac    00000004     CC26xx_pem3.obj (.const:ti_sysbios_family_arm_m3_Hwi_numSparseInterrupts__C)
                  000004b0    00000004     CC26xx_pem3.obj (.const:ti_sysbios_family_arm_m3_Hwi_priGroup__C)
                  000004b4    00000004     CC26xx_pem3.obj (.const:ti_sysbios_family_arm_m3_TaskSupport_stackAlignment__C)
                  000004b8    00000004     CC26xx_pem3.obj (.const:ti_sysbios_heaps_HeapMem_E_memory__C)
                  000004bc    00000004     CC26xx_pem3.obj (.const:ti_sysbios_heaps_HeapMem_Module__gateObj__C)
                  000004c0    00000004     CC26xx_pem3.obj (.const:ti_sysbios_heaps_HeapMem_Object__count__C)
                  000004c4    00000004     CC26xx_pem3.obj (.const:ti_sysbios_heaps_HeapMem_Object__table__C)
                  000004c8    00000004     CC26xx_pem3.obj (.const:ti_sysbios_heaps_HeapMem_reqAlign__C)
                  000004cc    00000004     CC26xx_pem3.obj (.const:ti_sysbios_knl_Mailbox_Object__count__C)
                  000004d0    00000004     CC26xx_pem3.obj (.const:ti_sysbios_knl_Mailbox_Object__table__C)
                  000004d4    00000004     CC26xx_pem3.obj (.const:ti_sysbios_knl_Mailbox_maxTypeAlign__C)
                  000004d8    00000004     CC26xx_pem3.obj (.const:ti_sysbios_knl_Queue_Object__count__C)
                  000004dc    00000004     CC26xx_pem3.obj (.const:ti_sysbios_knl_Queue_Object__table__C)
                  000004e0    00000004     CC26xx_pem3.obj (.const:ti_sysbios_knl_Swi_Object__count__C)
                  000004e4    00000004     CC26xx_pem3.obj (.const:ti_sysbios_knl_Swi_Object__table__C)
                  000004e8    00000004     CC26xx_pem3.obj (.const:ti_sysbios_knl_Swi_numPriorities__C)
                  000004ec    00000004     CC26xx_pem3.obj (.const:ti_sysbios_knl_Task_Object__count__C)
                  000004f0    00000004     CC26xx_pem3.obj (.const:ti_sysbios_knl_Task_Object__table__C)
                  000004f4    00000004     CC26xx_pem3.obj (.const:ti_sysbios_knl_Task_allBlockedFunc__C)
                  000004f8    00000004     CC26xx_pem3.obj (.const:ti_sysbios_knl_Task_defaultStackHeap__C)
                  000004fc    00000004     CC26xx_pem3.obj (.const:ti_sysbios_knl_Task_defaultStackSize__C)
                  00000500    00000004     CC26xx_pem3.obj (.const:ti_sysbios_knl_Task_numConstructedTasks__C)
                  00000504    00000002     CC26xx_pem3.obj (.const:ti_sysbios_family_arm_cc26xx_Timer_Module__id__C)
                  00000506    00000002     CC26xx_pem3.obj (.const:ti_sysbios_family_arm_cc26xx_TimestampProvider_useClockTimer__C)
                  00000508    00000002     CC26xx_pem3.obj (.const:ti_sysbios_family_arm_m3_Hwi_Module__id__C)
                  0000050a    00000002     CC26xx_pem3.obj (.const:ti_sysbios_gates_GateHwi_Module__id__C)
                  0000050c    00000002     CC26xx_pem3.obj (.const:ti_sysbios_gates_GateMutex_Module__id__C)
                  0000050e    00000002     CC26xx_pem3.obj (.const:ti_sysbios_heaps_HeapMem_Module__id__C)
                  00000510    00000002     CC26xx_pem3.obj (.const:ti_sysbios_knl_Task_initStackFlag__C)
                  00000512    00000001     CC26xx_pem3.obj (.const:ti_sysbios_knl_Clock_tickMode__C)

.sysbios_rom_const 
*          0    00000514    00000079     
                  00000514    00000008     CC26xx_pem3.obj (.const:xdc_runtime_Startup_firstFxns__C)
                  0000051c    00000008     CC26xx_pem3.obj (.const:xdc_runtime_Startup_lastFxns__C)
                  00000524    00000004     CC26xx_pem3.obj (.const:xdc_runtime_Assert_E_assertFailed__C)
                  00000528    00000004     CC26xx_pem3.obj (.const:xdc_runtime_Error_E_memory__C)
                  0000052c    00000004     CC26xx_pem3.obj (.const:xdc_runtime_Error_policyFxn__C)
                  00000530    00000004     CC26xx_pem3.obj (.const:xdc_runtime_IGateProvider_Interface__BASE__C)
                  00000534    00000004     CC26xx_pem3.obj (.const:xdc_runtime_IHeap_Interface__BASE__C)
                  00000538    00000004     CC26xx_pem3.obj (.const:xdc_runtime_IModule_Interface__BASE__C)
                  0000053c    00000004     CC26xx_pem3.obj (.const:xdc_runtime_Main_Module__diagsEnabled__C)
                  00000540    00000004     CC26xx_pem3.obj (.const:xdc_runtime_Main_Module__diagsIncluded__C)
                  00000544    00000004     CC26xx_pem3.obj (.const:xdc_runtime_Main_Module__diagsMask__C)
                  00000548    00000004     CC26xx_pem3.obj (.const:xdc_runtime_Memory_defaultHeapInstance__C)
                  0000054c    00000004     CC26xx_pem3.obj (.const:xdc_runtime_Startup_execImpl__C)
                  00000550    00000004     CC26xx_pem3.obj (.const:xdc_runtime_Startup_maxPasses__C)
                  00000554    00000004     CC26xx_pem3.obj (.const:xdc_runtime_Startup_sfxnRts__C)
                  00000558    00000004     CC26xx_pem3.obj (.const:xdc_runtime_Startup_sfxnTab__C)
                  0000055c    00000004     CC26xx_pem3.obj (.const:xdc_runtime_Startup_startModsFxn__C)
                  00000560    00000004     CC26xx_pem3.obj (.const:xdc_runtime_SysCallback_abortFxn__C)
                  00000564    00000004     CC26xx_pem3.obj (.const:xdc_runtime_SysCallback_exitFxn__C)
                  00000568    00000004     CC26xx_pem3.obj (.const:xdc_runtime_System_abortFxn__C)
                  0000056c    00000004     CC26xx_pem3.obj (.const:xdc_runtime_System_exitFxn__C)
                  00000570    00000004     CC26xx_pem3.obj (.const:xdc_runtime_System_maxAtexitHandlers__C)
                  00000574    00000004     CC26xx_pem3.obj (.const:xdc_runtime_Text_charTab__C)
                  00000578    00000004     CC26xx_pem3.obj (.const:xdc_runtime_Text_nameEmpty__C)
                  0000057c    00000004     CC26xx_pem3.obj (.const:xdc_runtime_Text_nameStatic__C)
                  00000580    00000004     CC26xx_pem3.obj (.const:xdc_runtime_Text_nameUnknown__C)
                  00000584    00000002     CC26xx_pem3.obj (.const:xdc_runtime_Main_Module__id__C)
                  00000586    00000002     CC26xx_pem3.obj (.const:xdc_runtime_Memory_Module__id__C)
                  00000588    00000002     CC26xx_pem3.obj (.const:xdc_runtime_Text_charCnt__C)
                  0000058a    00000002     CC26xx_pem3.obj (.const:xdc_runtime_Text_isLoaded__C)
                  0000058c    00000001     CC26xx_pem3.obj (.const:xdc_runtime_Error_policy__C)

.sysbios_rom_const 
*          0    00000590    00000030     
                  00000590    00000004     CC26xx_pem3.obj (.const:ti_sysbios_rom_ROM_AONRTCCurrentCompareValueGet)
                  00000594    00000004     CC26xx_pem3.obj (.const:ti_sysbios_rom_ROM_ti_sysbios_family_arm_cc26xx_Timer_getCount64__E)
                  00000598    00000004     CC26xx_pem3.obj (.const:ti_sysbios_rom_ROM_ti_sysbios_family_arm_cc26xx_Timer_getCurrentTick__E)
                  0000059c    00000004     CC26xx_pem3.obj (.const:ti_sysbios_rom_ROM_ti_sysbios_family_arm_cc26xx_Timer_getMaxTicks__E)
                  000005a0    00000004     CC26xx_pem3.obj (.const:ti_sysbios_rom_ROM_ti_sysbios_family_arm_cc26xx_Timer_initDevice__I)
                  000005a4    00000004     CC26xx_pem3.obj (.const:ti_sysbios_rom_ROM_ti_sysbios_family_arm_cc26xx_Timer_setNextTick__E)
                  000005a8    00000004     CC26xx_pem3.obj (.const:ti_sysbios_rom_ROM_ti_sysbios_family_arm_cc26xx_Timer_setThreshold__I)
                  000005ac    00000004     CC26xx_pem3.obj (.const:ti_sysbios_rom_ROM_ti_sysbios_family_arm_cc26xx_Timer_start__E)
                  000005b0    00000004     CC26xx_pem3.obj (.const:ti_sysbios_rom_ROM_ti_sysbios_family_arm_cc26xx_TimestampProvider_get32__E)
                  000005b4    00000004     CC26xx_pem3.obj (.const:ti_sysbios_rom_ROM_xdc_runtime_Startup_getState__I)
                  000005b8    00000004     CC26xx_pem3.obj (.const:ti_sysbios_rom_ROM_xdc_runtime_System_SupportProxy_abort__E)
                  000005bc    00000004     CC26xx_pem3.obj (.const:ti_sysbios_rom_ROM_xdc_runtime_System_SupportProxy_exit__E)

.sysbios_rom_const 
*          0    000005c0    00000020     
                  000005c0    00000004     CC26xx_pem3.obj (.const:ti_sysbios_gates_GateMutex_Instance_State_sem__O)
                  000005c4    00000004     CC26xx_pem3.obj (.const:ti_sysbios_knl_Clock_Module_State_clockQ__O)
                  000005c8    00000004     CC26xx_pem3.obj (.const:ti_sysbios_knl_Mailbox_Instance_State_dataQue__O)
                  000005cc    00000004     CC26xx_pem3.obj (.const:ti_sysbios_knl_Mailbox_Instance_State_dataSem__O)
                  000005d0    00000004     CC26xx_pem3.obj (.const:ti_sysbios_knl_Mailbox_Instance_State_freeQue__O)
                  000005d4    00000004     CC26xx_pem3.obj (.const:ti_sysbios_knl_Mailbox_Instance_State_freeSem__O)
                  000005d8    00000004     CC26xx_pem3.obj (.const:ti_sysbios_knl_Semaphore_Instance_State_pendQ__O)
                  000005dc    00000004     CC26xx_pem3.obj (.const:ti_sysbios_knl_Task_Module_State_inactiveQ__O)

.bigc_text 
*          0    000016a0    00000344     
                  000016a0    00000094     CC26xx_pem3.obj (.text:ti_sysbios_BIOS_rtsUnlock__I)
                  00001734    0000008c     CC26xx_pem3.obj (.text:xdc_runtime_Startup_getState__I)
                  000017c0    00000030     CC26xx_pem3.obj (.text:ti_sysbios_BIOS_atExitFunc__I)
                  000017f0    00000030     CC26xx_pem3.obj (.text:ti_sysbios_BIOS_rtsLock__I)
                  00001820    00000024     CC26xx_pem3.obj (.text:ti_sysbios_BIOS_registerRTSLock__I)
                  00001844    00000024     CC26xx_pem3.obj (.text:ti_sysbios_BIOS_startFunc__I)
                  00001868    00000020     CC26xx_pem3.obj (.text:ti_sysbios_BIOS_removeRTSLock__I)
                  00001888    0000001c     CC26xx_pem3.obj (.text:ti_sysbios_rom_cortexm_cc26xx_CC26xx_checkRevision__E)
                  000018a4    00000018     CC26xx_pem3.obj (.text:ti_sysbios_knl_Clock_doTick__I)
                  000018bc    00000018     CC26xx_pem3.obj (.text:xdc_runtime_Startup_exec__I)
                  000018d4    00000016     CC26xx_pem3.obj (.text:ti_sysbios_BIOS_exitFunc__I)
                  000018ea    0000000c     CC26xx_pem3.obj (.text:xdc_runtime_Startup_reset__I)
                  000018f6    0000000c     CC26xx_pem3.obj (.text:xdc_runtime_System_SupportProxy_abort__E)
                  00001902    0000000c     CC26xx_pem3.obj (.text:xdc_runtime_System_SupportProxy_exit__E)
                  0000190e    00000002     CC26xx_pem3.obj (.text:ti_sysbios_BIOS_nullFunc__I)
                  00001910    00000008     CC26xx_pem3.obj (.text:ti_sysbios_family_arm_cc26xx_Timer_dynamicStub__E)
                  00001918    00000008     CC26xx_pem3.obj (.text:ti_sysbios_family_arm_cc26xx_Timer_getCount64__E)
                  00001920    00000008     CC26xx_pem3.obj (.text:ti_sysbios_family_arm_cc26xx_Timer_getCurrentTick__E)
                  00001928    00000008     CC26xx_pem3.obj (.text:ti_sysbios_family_arm_cc26xx_Timer_getMaxTicks__E)
                  00001930    00000008     CC26xx_pem3.obj (.text:ti_sysbios_family_arm_cc26xx_Timer_initDevice__I)
                  00001938    00000008     CC26xx_pem3.obj (.text:ti_sysbios_family_arm_cc26xx_Timer_setNextTick__E)
                  00001940    00000008     CC26xx_pem3.obj (.text:ti_sysbios_family_arm_cc26xx_Timer_setThreshold__I)
                  00001948    00000008     CC26xx_pem3.obj (.text:ti_sysbios_family_arm_cc26xx_Timer_start__E)
                  00001950    00000008     CC26xx_pem3.obj (.text:ti_sysbios_family_arm_cc26xx_TimestampProvider_get32__E)
                  00001958    00000008     CC26xx_pem3.obj (.text:ti_sysbios_knl_Clock_workFuncDynamic__E)
                  00001960    00000002     CC26xx_pem3.obj (.text:ti_sysbios_rom_cortexm_cc26xx_CC26xx_badRomRevision__E)
                  00001962    00000002     --HOLE-- [fill = 0]
                  00001964    00000008     mangled_BIOS_rom.obj (.tramp.xdc_runtime_SysCallback_exit__E.1)
                  0000196c    00000008     mangled_BIOS_rom.obj (.tramp.xdc_runtime_SysCallback_abort__E.1)
                  00001974    00000008     mangled_BIOS_rom.obj (.tramp.xdc_runtime_System_exit__E.2)
                  0000197c    00000008     mangled_BIOS_rom.obj (.tramp.ti_sysbios_knl_Swi_post__E.1)
                  00001984    00000008     mangled_BIOS_rom.obj (.tramp.ti_sysbios_knl_Clock_logTick__E.1)
                  0000198c    00000008     mangled_BIOS_rom.obj (.tramp.ti_sysbios_knl_Task_startup__E.1)
                  00001994    00000008     mangled_BIOS_rom.obj (.tramp.ti_sysbios_knl_Swi_startup__E.1)
                  0000199c    00000008     mangled_BIOS_rom.obj (.tramp.ti_sysbios_hal_Hwi_startup__E.1)
                  000019a4    00000008     mangled_BIOS_rom.obj (.tramp.ti_sysbios_family_arm_cc26xx_Timer_startup__E.1)
                  000019ac    00000008     mangled_BIOS_rom.obj (.tramp.xdc_runtime_System_atexit__E.1)
                  000019b4    00000008     mangled_BIOS_rom.obj (.tramp.ti_sysbios_BIOS_RtsGateProxy_enter__E.1)
                  000019bc    00000008     mangled_BIOS_rom.obj (.tramp.ti_sysbios_BIOS_setThreadType__E.1)
                  000019c4    00000008     mangled_BIOS_rom.obj (.tramp.ti_sysbios_knl_Task_disable__E.1)
                  000019cc    00000008     mangled_BIOS_rom.obj (.tramp.ti_sysbios_knl_Swi_disable__E.1)
                  000019d4    00000008     mangled_BIOS_rom.obj (.tramp.ti_sysbios_BIOS_RtsGateProxy_leave__E.1)
                  000019dc    00000008     mangled_BIOS_rom.obj (.tramp.xdc_runtime_Assert_raise__I.1)

.vecs      0    20000000    000000dc     UNINITIALIZED
                  20000000    000000dc     CC26xx_pem3.obj (.vecs)

.mangled_apis_text 
*          0    000019e4    0000026c     
                  000019e4    00000098     mangled_BIOS_rom.obj (.text:ti_sysbios_knl_Clock_workFuncDynamic__E__mangled__)
                  00001a7c    00000054     mangled_BIOS_rom.obj (.text:ti_sysbios_family_arm_cc26xx_Timer_start__E__mangled__)
                  00001ad0    00000040     mangled_BIOS_rom.obj (.text:ti_sysbios_family_arm_cc26xx_Timer_getCurrentTick__E__mangled__)
                  00001b10    00000040     mangled_BIOS_rom.obj (.text:ti_sysbios_family_arm_cc26xx_Timer_setNextTick__E__mangled__)
                  00001b50    00000038     mangled_BIOS_rom.obj (.text:ti_sysbios_family_arm_cc26xx_Timer_setThreshold__I__mangled__)
                  00001b88    00000028     mangled_BIOS_rom.obj (.text:ti_sysbios_family_arm_cc26xx_Timer_getMaxTicks__E__mangled__)
                  00001bb0    00000028     mangled_BIOS_rom.obj (.text:ti_sysbios_family_arm_cc26xx_Timer_initDevice__I__mangled__)
                  00001bd8    00000024     mangled_BIOS_rom.obj (.text:ti_sysbios_family_arm_cc26xx_Timer_getCount64__E__mangled__)
                  00001bfc    00000020     mangled_BIOS_rom.obj (.text:ti_sysbios_family_arm_cc26xx_Timer_dynamicStub__E__mangled__)
                  00001c1c    0000001c     mangled_BIOS_rom.obj (.text:ti_sysbios_family_arm_cc26xx_TimestampProvider_get32__E__mangled__)
                  00001c38    00000008     mangled_BIOS_rom.obj (.tramp.ti_sysbios_knl_Clock_scheduleNextTick__E.1)
                  00001c40    00000008     mangled_BIOS_rom.obj (.tramp.ti_sysbios_knl_Clock_walkQueueDynamic__E.1)
                  00001c48    00000008     mangled_BIOS_rom.obj (.tramp.ti_sysbios_knl_Clock_TimerProxy_getCurrentTick__E.1)

.sysbios_rom_text 
*          0    1001a000    000022da     
                  1001a000    000000cc     mangled_BIOS_rom.obj (.text:ti_sysbios_knl_Semaphore_pend__E)
                  1001a0cc    000000cc     mangled_BIOS_rom.obj (.text:ti_sysbios_knl_Task_Instance_init__E)
                  1001a198    000000c8     mangled_BIOS_rom.obj (.text:ti_sysbios_knl_Mailbox_Instance_init__E)
                  1001a260    000000c4     mangled_BIOS_rom.obj (.text:ti_sysbios_heaps_HeapMem_alloc__E)
                  1001a324    000000b8     mangled_BIOS_rom.obj (.text:ti_sysbios_family_arm_m3_Hwi_postInit__I)
                  1001a3dc    0000009c     mangled_BIOS_rom.obj (.text:ti_sysbios_family_arm_cc26xx_Timer_periodicStub__E)
                  1001a478    00000098     mangled_BIOS_rom.obj (.text:ti_sysbios_family_arm_m3_Hwi_Instance_init__E)
                  1001a510    00000094     mangled_BIOS_rom.obj (.text:ti_sysbios_knl_Task_Instance_finalize__E)
                  1001a5a4    00000084     mangled_BIOS_rom.obj (.text:ti_sysbios_knl_Mailbox_post__E)
                  1001a628    00000080     mangled_BIOS_rom.obj (.text:ti_sysbios_family_arm_m3_Hwi_initNVIC__E)
                  1001a6a8    00000080     mangled_BIOS_rom.obj (.text:ti_sysbios_knl_Clock_startI__E)
                  1001a728    00000080     mangled_BIOS_rom.obj (.text:ti_sysbios_knl_Task_postInit__I)
                  1001a7a8    00000078     mangled_BIOS_rom.obj (.text:ti_sysbios_heaps_HeapMem_free__E)
                  1001a820    00000078     mangled_BIOS_rom.obj (.text:ti_sysbios_knl_Clock_walkQueueDynamic__E)
                  1001a898    00000078     mangled_BIOS_rom.obj (.text:ti_sysbios_knl_Clock_workFunc__E)
                  1001a910    00000070     mangled_BIOS_rom.obj (.text:ti_sysbios_knl_Mailbox_Instance_finalize__E)
                  1001a980    00000070     mangled_BIOS_rom.obj (.text:ti_sysbios_knl_Mailbox_pend__E)
                  1001a9f0    00000070     mangled_BIOS_rom.obj (.text:ti_sysbios_knl_Task_sleep__E)
                  1001aa60    00000064     mangled_BIOS_rom.obj (.text:ti_sysbios_family_arm_m3_Hwi_Object__create__S)
                  1001aac4    00000064     mangled_BIOS_rom.obj (.text:ti_sysbios_family_arm_m3_Hwi_dispatchC__I)
                  1001ab28    00000064     mangled_BIOS_rom.obj (.text:ti_sysbios_hal_Hwi_create)
                  1001ab8c    00000064     mangled_BIOS_rom.obj (.text:ti_sysbios_knl_Semaphore_post__E)
                  1001abf0    00000060     mangled_BIOS_rom.obj (.text:ti_sysbios_family_arm_m3_Hwi_create)
                  1001ac50    00000060     mangled_BIOS_rom.obj (.text:ti_sysbios_knl_Mailbox_create)
                  1001acb0    00000060     mangled_BIOS_rom.obj (.text:ti_sysbios_knl_Swi_Instance_init__E)
                  1001ad10    0000005c     mangled_BIOS_rom.obj (.text:ti_sysbios_family_arm_m3_Hwi_Instance_finalize__E)
                  1001ad6c    0000005c     mangled_BIOS_rom.obj (.text:ti_sysbios_knl_Swi_restoreHwi__E)
                  1001adc8    0000005c     mangled_BIOS_rom.obj (.text:ti_sysbios_knl_Task_Module_startup__E)
                  1001ae24    0000005c     mangled_BIOS_rom.obj (.text:ti_sysbios_knl_Task_startCore__E)
                  1001ae80    00000058     mangled_BIOS_rom.obj (.text:ti_sysbios_family_arm_m3_Hwi_construct)
                  1001aed8    00000058     mangled_BIOS_rom.obj (.text:ti_sysbios_knl_Mailbox_construct)
                  1001af30    00000058     mangled_BIOS_rom.obj (.text:ti_sysbios_knl_Swi_create)
                  1001af88    00000058     mangled_BIOS_rom.obj (.text:ti_sysbios_knl_Swi_run__I)
                  1001afe0    00000058     mangled_BIOS_rom.obj (.text:ti_sysbios_knl_Task_create)
                  1001b038    00000054     mangled_BIOS_rom.obj (.text:ti_sysbios_knl_Swi_schedule__I)
                  1001b08c    00000050     mangled_BIOS_rom.obj (.text:ti_sysbios_knl_Swi_construct)
                  1001b0dc    00000050     mangled_BIOS_rom.obj (.text:ti_sysbios_knl_Swi_runLoop__I)
                  1001b12c    00000050     mangled_BIOS_rom.obj (.text:ti_sysbios_knl_Task_construct)
                  1001b17c    0000004c     mangled_BIOS_rom.obj (.text:ti_sysbios_knl_Task_schedule__I)
                  1001b1c8    00000048     mangled_BIOS_rom.obj (.text:ti_sysbios_family_arm_m3_Hwi_Module_startup__E)
                  1001b210    00000048     mangled_BIOS_rom.obj (.text:ti_sysbios_heaps_HeapMem_getStats__E)
                  1001b258    00000044     mangled_BIOS_rom.obj (.text:ti_sysbios_family_arm_m3_Hwi_disableInterrupt__E)
                  1001b29c    00000044     mangled_BIOS_rom.obj (.text:ti_sysbios_family_arm_m3_Hwi_enableInterrupt__E)
                  1001b2e0    00000044     mangled_BIOS_rom.obj (.text:ti_sysbios_knl_Mailbox_Module_startup__E)
                  1001b324    00000044     mangled_BIOS_rom.obj (.text:ti_sysbios_knl_Swi_post__E)
                  1001b368    00000044     mangled_BIOS_rom.obj (.text:ti_sysbios_knl_Task_allBlockedFunction__I)
                  1001b3ac    00000040     mangled_BIOS_rom.obj (.text:ti_sysbios_family_arm_m3_Hwi_getStackInfo__E)
                  1001b3ec    00000040     mangled_BIOS_rom.obj (.text:ti_sysbios_knl_Task_yield__E)
                  1001b42c    0000003a     mangled_BIOS_rom.obj (.text:ti_sysbios_knl_Task_exit__E)
                  1001b466    00000002     mangled_BIOS_rom.obj (.text:ti_sysbios_gates_GateHwi_Instance_init__E)
                  1001b468    00000038     mangled_BIOS_rom.obj (.text:ti_sysbios_family_arm_m3_TaskSupport_start__E)
                  1001b4a0    00000038     mangled_BIOS_rom.obj (.text:ti_sysbios_heaps_HeapMem_Instance_init__E)
                  1001b4d8    00000038     mangled_BIOS_rom.obj (.text:ti_sysbios_knl_Clock_Instance_init__E)
                  1001b510    00000038     mangled_BIOS_rom.obj (.text:ti_sysbios_knl_Clock_create)
                  1001b548    00000034     mangled_BIOS_rom.obj (.text:ti_sysbios_heaps_HeapMem_init__I)
                  1001b57c    00000034     mangled_BIOS_rom.obj (.text:ti_sysbios_knl_Clock_construct)
                  1001b5b0    00000034     mangled_BIOS_rom.obj (.text:ti_sysbios_knl_Clock_getTicks__E)
                  1001b5e4    00000034     mangled_BIOS_rom.obj (.text:ti_sysbios_knl_Semaphore_create)
                  1001b618    00000034     mangled_BIOS_rom.obj (.text:ti_sysbios_knl_Swi_restore__E)
                  1001b64c    00000034     mangled_BIOS_rom.obj (.text:ti_sysbios_knl_Task_blockI__E)
                  1001b680    00000030     mangled_BIOS_rom.obj (.text:ti_sysbios_gates_GateMutex_Object__create__S)
                  1001b6b0    00000030     mangled_BIOS_rom.obj (.text:ti_sysbios_gates_GateMutex_create)
                  1001b6e0    00000030     mangled_BIOS_rom.obj (.text:ti_sysbios_gates_GateMutex_enter__E)
                  1001b710    00000030     mangled_BIOS_rom.obj (.text:ti_sysbios_knl_Semaphore_construct)
                  1001b740    00000030     mangled_BIOS_rom.obj (.text:ti_sysbios_knl_Task_processVitalTaskFlag__I)
                  1001b770    0000002c     mangled_BIOS_rom.obj (.text:ti_sysbios_family_arm_cc26xx_Timer_postInit__I)
                  1001b79c    0000002c     mangled_BIOS_rom.obj (.text:ti_sysbios_family_arm_cc26xx_Timer_startup__E)
                  1001b7c8    0000002c     mangled_BIOS_rom.obj (.text:ti_sysbios_family_arm_m3_Hwi_Object__get__S)
                  1001b7f4    0000002c     mangled_BIOS_rom.obj (.text:ti_sysbios_gates_GateMutex_construct)
                  1001b820    0000002c     mangled_BIOS_rom.obj (.text:ti_sysbios_hal_Hwi_initStack)
                  1001b84c    0000002c     mangled_BIOS_rom.obj (.text:ti_sysbios_heaps_HeapMem_Object__create__S)
                  1001b878    0000002c     mangled_BIOS_rom.obj (.text:ti_sysbios_heaps_HeapMem_Object__get__S)
                  1001b8a4    0000002c     mangled_BIOS_rom.obj (.text:ti_sysbios_knl_Mailbox_Object__get__S)
                  1001b8d0    0000002c     mangled_BIOS_rom.obj (.text:ti_sysbios_knl_Mailbox_postInit__I)
                  1001b8fc    0000002c     mangled_BIOS_rom.obj (.text:ti_sysbios_knl_Queue_construct)
                  1001b928    0000002c     mangled_BIOS_rom.obj (.text:ti_sysbios_knl_Queue_create)
                  1001b954    0000002c     mangled_BIOS_rom.obj (.text:ti_sysbios_knl_Semaphore_pendTimeout__I)
                  1001b980    0000002c     mangled_BIOS_rom.obj (.text:ti_sysbios_knl_Swi_Object__get__S)
                  1001b9ac    0000002c     mangled_BIOS_rom.obj (.text:ti_sysbios_knl_Task_unblockI__E)
                  1001b9d8    00000028     mangled_BIOS_rom.obj (.text:ti_sysbios_family_arm_cc26xx_TimestampProvider_get64__E)
                  1001ba00    00000028     mangled_BIOS_rom.obj (.text:ti_sysbios_knl_Clock_addI__E)
                  1001ba28    00000028     mangled_BIOS_rom.obj (.text:ti_sysbios_knl_Task_restore__E)
                  1001ba50    00000026     mangled_BIOS_rom.obj (.text:ti_sysbios_hal_Hwi_Instance_init__E)
                  1001ba76    00000002     mangled_BIOS_rom.obj (.text:ti_sysbios_knl_Clock_logTick__E)
                  1001ba78    00000024     mangled_BIOS_rom.obj (.text:ti_sysbios_family_arm_cc26xx_Timer_Module_startup__E)
                  1001ba9c    00000024     mangled_BIOS_rom.obj (.text:ti_sysbios_gates_GateHwi_Object__create__S)
                  1001bac0    00000024     mangled_BIOS_rom.obj (.text:ti_sysbios_gates_GateMutex_Object__delete__S)
                  1001bae4    00000024     mangled_BIOS_rom.obj (.text:ti_sysbios_knl_Clock_Object__delete__S)
                  1001bb08    00000024     mangled_BIOS_rom.obj (.text:ti_sysbios_knl_Semaphore_Instance_init__E)
                  1001bb2c    00000024     mangled_BIOS_rom.obj (.text:ti_sysbios_knl_Semaphore_Object__delete__S)
                  1001bb50    00000020     mangled_BIOS_rom.obj (.text:ti_sysbios_family_arm_cc26xx_Timer_Module__startupDone__S)
                  1001bb70    00000020     mangled_BIOS_rom.obj (.text:ti_sysbios_family_arm_cc26xx_TimestampProvider_Module_startup__E)
                  1001bb90    00000020     mangled_BIOS_rom.obj (.text:ti_sysbios_family_arm_m3_Hwi_Module__startupDone__S)
                  1001bbb0    00000020     mangled_BIOS_rom.obj (.text:ti_sysbios_family_arm_m3_Hwi_Object__delete__S)
                  1001bbd0    00000020     mangled_BIOS_rom.obj (.text:ti_sysbios_family_arm_m3_Hwi_excHandler__I)
                  1001bbf0    00000020     mangled_BIOS_rom.obj (.text:ti_sysbios_gates_GateHwi_Handle__label__S)
                  1001bc10    00000020     mangled_BIOS_rom.obj (.text:ti_sysbios_gates_GateHwi_Object__delete__S)
                  1001bc30    00000020     mangled_BIOS_rom.obj (.text:ti_sysbios_gates_GateMutex_Handle__label__S)
                  1001bc50    00000020     mangled_BIOS_rom.obj (.text:ti_sysbios_gates_GateMutex_Object__destruct__S)
                  1001bc70    00000020     mangled_BIOS_rom.obj (.text:ti_sysbios_hal_Hwi_Object__delete__S)
                  1001bc90    00000020     mangled_BIOS_rom.obj (.text:ti_sysbios_heaps_HeapMem_Handle__label__S)
                  1001bcb0    00000020     mangled_BIOS_rom.obj (.text:ti_sysbios_heaps_HeapMem_Object__delete__S)
                  1001bcd0    00000020     mangled_BIOS_rom.obj (.text:ti_sysbios_knl_Clock_Module_startup__E)
                  1001bcf0    00000020     mangled_BIOS_rom.obj (.text:ti_sysbios_knl_Clock_Object__destruct__S)
                  1001bd10    00000020     mangled_BIOS_rom.obj (.text:ti_sysbios_knl_Idle_run__E)
                  1001bd30    00000020     mangled_BIOS_rom.obj (.text:ti_sysbios_knl_Mailbox_Object__delete__S)
                  1001bd50    00000020     mangled_BIOS_rom.obj (.text:ti_sysbios_knl_Queue_Object__delete__S)
                  1001bd70    00000020     mangled_BIOS_rom.obj (.text:ti_sysbios_knl_Queue_Object__get__S)
                  1001bd90    00000020     mangled_BIOS_rom.obj (.text:ti_sysbios_knl_Semaphore_Object__destruct__S)
                  1001bdb0    00000020     mangled_BIOS_rom.obj (.text:ti_sysbios_knl_Swi_Object__delete__S)
                  1001bdd0    00000020     mangled_BIOS_rom.obj (.text:ti_sysbios_knl_Task_Object__delete__S)
                  1001bdf0    00000020     mangled_BIOS_rom.obj (.text:ti_sysbios_knl_Task_Object__get__S)
                  1001be10    00000020     mangled_BIOS_rom.obj (.text:ti_sysbios_knl_Task_restoreHwi__E)
                  1001be30    0000001c     mangled_BIOS_rom.obj (.text:ti_sysbios_family_arm_m3_Hwi_Object__destruct__S)
                  1001be4c    0000001c     mangled_BIOS_rom.obj (.text:ti_sysbios_family_arm_m3_Hwi_setPriority__E)
                  1001be68    0000001c     mangled_BIOS_rom.obj (.text:ti_sysbios_gates_GateMutex_Instance_init__E)
                  1001be84    0000001c     mangled_BIOS_rom.obj (.text:ti_sysbios_hal_Hwi_HwiProxy_create)
                  1001bea0    0000001c     mangled_BIOS_rom.obj (.text:ti_sysbios_knl_Clock_scheduleNextTick__E)
                  1001bebc    0000001c     mangled_BIOS_rom.obj (.text:ti_sysbios_knl_Mailbox_Object__destruct__S)
                  1001bed8    0000001c     mangled_BIOS_rom.obj (.text:ti_sysbios_knl_Queue_Object__destruct__S)
                  1001bef4    0000001c     mangled_BIOS_rom.obj (.text:ti_sysbios_knl_Queue_get__E)
                  1001bf10    0000001c     mangled_BIOS_rom.obj (.text:ti_sysbios_knl_Queue_put__E)
                  1001bf2c    0000001c     mangled_BIOS_rom.obj (.text:ti_sysbios_knl_Swi_Object__destruct__S)
                  1001bf48    0000001c     mangled_BIOS_rom.obj (.text:ti_sysbios_knl_Task_Object__destruct__S)
                  1001bf64    0000001c     mangled_BIOS_rom.obj (.text:ti_sysbios_knl_Task_enter__I)
                  1001bf80    0000001a     mangled_BIOS_rom.obj (.text:ti_sysbios_knl_Task_sleepTimeout__I)
                  1001bf9a    00000002     mangled_BIOS_rom.obj (.text:ti_sysbios_knl_Swi_Instance_finalize__E)
                  1001bf9c    00000018     mangled_BIOS_rom.obj (.text:ti_sysbios_gates_GateMutex_leave__E)
                  1001bfb4    00000018     mangled_BIOS_rom.obj (.text:ti_sysbios_knl_Task_unblock__E)
                  1001bfcc    00000016     mangled_BIOS_rom.obj (.text:ti_sysbios_knl_Clock_Instance_finalize__E)
                  1001bfe2    00000016     mangled_BIOS_rom.obj (.text:ti_sysbios_knl_Clock_start__E)
                  1001bff8    00000014     mangled_BIOS_rom.obj (.text:ti_sysbios_family_arm_m3_Hwi_switchFromBootStack__E)
                  1001c00c    00000012     mangled_BIOS_rom.obj (.text:ti_sysbios_hal_Hwi_Module_startup__E)
                  1001c01e    00000002     --HOLE-- [fill = 0]
                  1001c020    00000010     mangled_BIOS_rom.obj (.text:ti_sysbios_BIOS_exit__E)
                  1001c030    00000010     mangled_BIOS_rom.obj (.text:ti_sysbios_BIOS_getCpuFreq__E)
                  1001c040    00000010     mangled_BIOS_rom.obj (.text:ti_sysbios_BIOS_setThreadType__E)
                  1001c050    00000010     mangled_BIOS_rom.obj (.text:ti_sysbios_BIOS_start__E)
                  1001c060    00000010     mangled_BIOS_rom.obj (.text:ti_sysbios_family_arm_m3_Hwi_plug__E)
                  1001c070    00000010     mangled_BIOS_rom.obj (.text:ti_sysbios_gates_GateMutex_Instance_finalize__E)
                  1001c080    00000010     mangled_BIOS_rom.obj (.text:ti_sysbios_hal_Hwi_HwiProxy_Object__create__S)
                  1001c090    00000010     mangled_BIOS_rom.obj (.text:ti_sysbios_knl_Clock_TimerProxy_getCurrentTick__E)
                  1001c0a0    00000010     mangled_BIOS_rom.obj (.text:ti_sysbios_knl_Clock_TimerProxy_getMaxTicks__E)
                  1001c0b0    00000010     mangled_BIOS_rom.obj (.text:ti_sysbios_knl_Clock_TimerProxy_setNextTick__E)
                  1001c0c0    00000010     mangled_BIOS_rom.obj (.text:ti_sysbios_knl_Semaphore_Instance_finalize__E)
                  1001c0d0    00000010     mangled_BIOS_rom.obj (.text:ti_sysbios_knl_Swi_disable__E)
                  1001c0e0    00000010     mangled_BIOS_rom.obj (.text:ti_sysbios_knl_Swi_enabled__E)
                  1001c0f0    00000010     mangled_BIOS_rom.obj (.text:ti_sysbios_knl_Task_disable__E)
                  1001c100    0000000e     mangled_BIOS_rom.obj (.text:ti_sysbios_heaps_HeapMem_restore__E)
                  1001c10e    0000000e     mangled_BIOS_rom.obj (.text:ti_sysbios_knl_Queue_empty__E)
                  1001c11c    0000000e     mangled_BIOS_rom.obj (.text:ti_sysbios_knl_Queue_remove__E)
                  1001c12a    0000000c     mangled_BIOS_rom.obj (.text:ti_sysbios_family_arm_cc26xx_TimestampProvider_getFreq__E)
                  1001c136    00000002     --HOLE-- [fill = 0]
                  1001c138    0000000c     mangled_BIOS_rom.obj (.text:ti_sysbios_family_arm_m3_Hwi_Params__init__S)
                  1001c144    0000000c     mangled_BIOS_rom.obj (.text:ti_sysbios_family_arm_m3_Hwi_disableFxn__E)
                  1001c150    0000000c     mangled_BIOS_rom.obj (.text:ti_sysbios_family_arm_m3_Hwi_enableFxn__E)
                  1001c15c    0000000c     mangled_BIOS_rom.obj (.text:ti_sysbios_family_arm_m3_TaskSupport_getStackAlignment__E)
                  1001c168    0000000c     mangled_BIOS_rom.obj (.text:ti_sysbios_gates_GateHwi_enter__E)
                  1001c174    0000000c     mangled_BIOS_rom.obj (.text:ti_sysbios_gates_GateMutex_Params__init__S)
                  1001c180    0000000c     mangled_BIOS_rom.obj (.text:ti_sysbios_knl_Clock_Params__init__S)
                  1001c18c    0000000c     mangled_BIOS_rom.obj (.text:ti_sysbios_knl_Clock_getTimerHandle__E)
                  1001c198    0000000c     mangled_BIOS_rom.obj (.text:ti_sysbios_knl_Mailbox_Params__init__S)
                  1001c1a4    0000000c     mangled_BIOS_rom.obj (.text:ti_sysbios_knl_Queue_dequeue__E)
                  1001c1b0    0000000c     mangled_BIOS_rom.obj (.text:ti_sysbios_knl_Queue_enqueue__E)
                  1001c1bc    0000000c     mangled_BIOS_rom.obj (.text:ti_sysbios_knl_Semaphore_Params__init__S)
                  1001c1c8    0000000c     mangled_BIOS_rom.obj (.text:ti_sysbios_knl_Swi_Params__init__S)
                  1001c1d4    0000000c     mangled_BIOS_rom.obj (.text:ti_sysbios_knl_Task_Params__init__S)
                  1001c1e0    0000000c     mangled_BIOS_rom.obj (.text:ti_sysbios_knl_Task_self__E)
                  1001c1ec    0000000a     mangled_BIOS_rom.obj (.text:ti_sysbios_hal_Hwi_Instance_finalize__E)
                  1001c1f6    00000008     mangled_BIOS_rom.obj (.text:ti_sysbios_family_arm_m3_Hwi_doSwiRestore__I)
                  1001c1fe    00000008     mangled_BIOS_rom.obj (.text:ti_sysbios_family_arm_m3_Hwi_startup__E)
                  1001c206    00000008     mangled_BIOS_rom.obj (.text:ti_sysbios_knl_Idle_loop__E)
                  1001c20e    00000006     mangled_BIOS_rom.obj (.text:ti_sysbios_family_arm_m3_Hwi_doTaskRestore__I)
                  1001c214    00000006     mangled_BIOS_rom.obj (.text:ti_sysbios_family_arm_m3_Hwi_restoreFxn__E)
                  1001c21a    00000006     mangled_BIOS_rom.obj (.text:ti_sysbios_gates_GateHwi_leave__E)
                  1001c220    00000006     mangled_BIOS_rom.obj (.text:ti_sysbios_heaps_HeapMem_isBlocking__E)
                  1001c226    00000006     mangled_BIOS_rom.obj (.text:ti_sysbios_knl_Clock_stop__E)
                  1001c22c    00000006     mangled_BIOS_rom.obj (.text:ti_sysbios_knl_Queue_Instance_init__E)
                  1001c232    00000006     mangled_BIOS_rom.obj (.text:ti_sysbios_knl_Queue_elemClear__E)
                  1001c238    00000006     mangled_BIOS_rom.obj (.text:ti_sysbios_knl_Swi_Module_startup__E)
                  1001c23e    00000006     mangled_BIOS_rom.obj (.text:ti_sysbios_knl_Swi_startup__E)
                  1001c244    00000006     mangled_BIOS_rom.obj (.text:ti_sysbios_knl_Task_enable__E)
                  1001c24a    00000004     mangled_BIOS_rom.obj (.text:ti_sysbios_BIOS_RtsGateProxy_enter__E)
                  1001c24e    00000004     mangled_BIOS_rom.obj (.text:ti_sysbios_BIOS_RtsGateProxy_leave__E)
                  1001c252    00000004     mangled_BIOS_rom.obj (.text:ti_sysbios_family_arm_cc26xx_Timer_getExpiredTicks__E)
                  1001c256    00000004     mangled_BIOS_rom.obj (.text:ti_sysbios_family_arm_cc26xx_Timer_getPeriod__E)
                  1001c25a    00000004     mangled_BIOS_rom.obj (.text:ti_sysbios_family_arm_cc26xx_Timer_setPeriod__E)
                  1001c25e    00000004     mangled_BIOS_rom.obj (.text:ti_sysbios_family_arm_m3_Hwi_delete)
                  1001c262    00000004     mangled_BIOS_rom.obj (.text:ti_sysbios_family_arm_m3_Hwi_destruct)
                  1001c266    00000004     mangled_BIOS_rom.obj (.text:ti_sysbios_family_arm_m3_TaskSupport_Module__startupDone__S)
                  1001c26a    00000004     mangled_BIOS_rom.obj (.text:ti_sysbios_gates_GateHwi_query__E)
                  1001c26e    00000004     mangled_BIOS_rom.obj (.text:ti_sysbios_gates_GateMutex_delete)
                  1001c272    00000004     mangled_BIOS_rom.obj (.text:ti_sysbios_gates_GateMutex_destruct)
                  1001c276    00000004     mangled_BIOS_rom.obj (.text:ti_sysbios_gates_GateMutex_query__E)
                  1001c27a    00000004     mangled_BIOS_rom.obj (.text:ti_sysbios_hal_Hwi_HwiProxy_delete)
                  1001c27e    00000004     mangled_BIOS_rom.obj (.text:ti_sysbios_hal_Hwi_delete)
                  1001c282    00000004     mangled_BIOS_rom.obj (.text:ti_sysbios_heaps_HeapMem_Module_GateProxy_enter__E)
                  1001c286    00000004     mangled_BIOS_rom.obj (.text:ti_sysbios_heaps_HeapMem_Module_GateProxy_leave__E)
                  1001c28a    00000004     mangled_BIOS_rom.obj (.text:ti_sysbios_knl_Clock_TimerProxy_getExpiredTicks__E)
                  1001c28e    00000004     mangled_BIOS_rom.obj (.text:ti_sysbios_knl_Clock_TimerProxy_getPeriod__E)
                  1001c292    00000004     mangled_BIOS_rom.obj (.text:ti_sysbios_knl_Clock_delete)
                  1001c296    00000004     mangled_BIOS_rom.obj (.text:ti_sysbios_knl_Clock_destruct)
                  1001c29a    00000004     mangled_BIOS_rom.obj (.text:ti_sysbios_knl_Clock_removeI__E)
                  1001c29e    00000004     mangled_BIOS_rom.obj (.text:ti_sysbios_knl_Clock_setTimeout__E)
                  1001c2a2    00000004     mangled_BIOS_rom.obj (.text:ti_sysbios_knl_Mailbox_delete)
                  1001c2a6    00000004     mangled_BIOS_rom.obj (.text:ti_sysbios_knl_Mailbox_destruct)
                  1001c2aa    00000004     mangled_BIOS_rom.obj (.text:ti_sysbios_knl_Queue_delete)
                  1001c2ae    00000004     mangled_BIOS_rom.obj (.text:ti_sysbios_knl_Queue_destruct)
                  1001c2b2    00000004     mangled_BIOS_rom.obj (.text:ti_sysbios_knl_Queue_head__E)
                  1001c2b6    00000004     mangled_BIOS_rom.obj (.text:ti_sysbios_knl_Queue_next__E)
                  1001c2ba    00000004     mangled_BIOS_rom.obj (.text:ti_sysbios_knl_Semaphore_delete)
                  1001c2be    00000004     mangled_BIOS_rom.obj (.text:ti_sysbios_knl_Semaphore_destruct)
                  1001c2c2    00000004     mangled_BIOS_rom.obj (.text:ti_sysbios_knl_Swi_delete)
                  1001c2c6    00000004     mangled_BIOS_rom.obj (.text:ti_sysbios_knl_Swi_destruct)
                  1001c2ca    00000004     mangled_BIOS_rom.obj (.text:ti_sysbios_knl_Swi_postInit__I)
                  1001c2ce    00000004     mangled_BIOS_rom.obj (.text:ti_sysbios_knl_Task_delete)
                  1001c2d2    00000004     mangled_BIOS_rom.obj (.text:ti_sysbios_knl_Task_destruct)
                  1001c2d6    00000004     mangled_BIOS_rom.obj (.text:ti_sysbios_knl_Task_startup__E)

.sysbios_rom_text 
*          0    1001c2dc    00000584     
                  1001c2dc    000000f8     mangled_BIOS_rom.obj (.text:xdc_runtime_Startup_startMods__I)
                  1001c3d4    00000080     mangled_BIOS_rom.obj (.text:xdc_runtime_Core_createObject__I)
                  1001c454    0000006c     mangled_BIOS_rom.obj (.text:xdc_runtime_Memory_alloc__E)
                  1001c4c0    0000005e     mangled_BIOS_rom.obj (.text:xdc_runtime_Core_deleteObject__I)
                  1001c51e    00000002     mangled_BIOS_rom.obj (.text:xdc_runtime_Error_policySpin__E)
                  1001c520    00000050     mangled_BIOS_rom.obj (.text:xdc_runtime_Startup_exec__E)
                  1001c570    00000048     mangled_BIOS_rom.obj (.text:xdc_runtime_Assert_raise__I)
                  1001c5b8    00000048     mangled_BIOS_rom.obj (.text:xdc_runtime_Core_assignParams__I)
                  1001c600    00000048     mangled_BIOS_rom.obj (.text:xdc_runtime_Core_constructObject__I)
                  1001c648    00000038     mangled_BIOS_rom.obj (.text:xdc_runtime_System_atexit__E)
                  1001c680    00000034     mangled_BIOS_rom.obj (.text:xdc_runtime_Core_assignLabel__I)
                  1001c6b4    00000034     mangled_BIOS_rom.obj (.text:xdc_runtime_System_processAtExit__E)
                  1001c6e8    0000002c     mangled_BIOS_rom.obj (.text:xdc_runtime_Text_cordText__E)
                  1001c714    00000020     mangled_BIOS_rom.obj (.text:xdc_runtime_System_abort__E)
                  1001c734    0000001c     mangled_BIOS_rom.obj (.text:xdc_runtime_Error_raiseX__E)
                  1001c750    0000001c     mangled_BIOS_rom.obj (.text:xdc_runtime_Memory_valloc__E)
                  1001c76c    00000018     mangled_BIOS_rom.obj (.text:xdc_runtime_Core_destructObject__I)
                  1001c784    00000018     mangled_BIOS_rom.obj (.text:xdc_runtime_Error_check__E)
                  1001c79c    00000018     mangled_BIOS_rom.obj (.text:xdc_runtime_System_exit__E)
                  1001c7b4    00000018     mangled_BIOS_rom.obj (.text:xdc_runtime_Text_ropeText__E)
                  1001c7cc    00000010     mangled_BIOS_rom.obj (.text:xdc_runtime_Memory_free__E)
                  1001c7dc    00000010     mangled_BIOS_rom.obj (.text:xdc_runtime_SysCallback_abort__E)
                  1001c7ec    00000010     mangled_BIOS_rom.obj (.text:xdc_runtime_SysCallback_exit__E)
                  1001c7fc    00000010     mangled_BIOS_rom.obj (.text:xdc_runtime_Timestamp_SupportProxy_get32__E)
                  1001c80c    0000000c     mangled_BIOS_rom.obj (.text:xdc_runtime_Error_init__E)
                  1001c818    0000000c     mangled_BIOS_rom.obj (.text:xdc_runtime_Memory_calloc__E)
                  1001c824    0000000c     mangled_BIOS_rom.obj (.text:xdc_runtime_Memory_getMaxDefaultTypeAlign__E)
                  1001c830    0000000a     mangled_BIOS_rom.obj (.text:xdc_runtime_IHeap_alloc$64)
                  1001c83a    0000000a     mangled_BIOS_rom.obj (.text:xdc_runtime_IHeap_free$64)
                  1001c844    00000006     mangled_BIOS_rom.obj (.text:xdc_runtime_Gate_leaveSystem__E)
                  1001c84a    00000006     mangled_BIOS_rom.obj (.text:xdc_runtime_System_Module_startup__E)
                  1001c850    00000004     mangled_BIOS_rom.obj (.text:xdc_runtime_Gate_enterSystem__E)
                  1001c854    00000004     mangled_BIOS_rom.obj (.text:xdc_runtime_System_Module_GateProxy_enter__E)
                  1001c858    00000004     mangled_BIOS_rom.obj (.text:xdc_runtime_System_Module_GateProxy_leave__E)
                  1001c85c    00000002     mangled_BIOS_rom.obj (.text:xdc_runtime_System_abortSpin__E)
                  1001c85e    00000002     mangled_BIOS_rom.obj (.text:xdc_runtime_System_exitSpin__E)

.sysbios_rom_text 
*          0    1001c860    000001dc     
                  1001c860    000000d0     arm_m3_Hwi_asm_rom.obj (.text:ti_sysbios_family_arm_m3_Hwi_dispatch__I)
                  1001c930    0000004c     arm_m3_TaskSupport_asm_rom.obj (.text:ti_sysbios_family_arm_m3_TaskSupport_buildTaskStack)
                  1001c97c    00000048     arm_m3_Hwi_asm_switch_rom.obj (.text:ti_sysbios_family_arm_m3_Hwi_initStacks__E)
                  1001c9c4    00000020     arm_m3_Hwi_asm_rom.obj (.text:ti_sysbios_family_arm_m3_Hwi_excHandlerAsm__I)
                  1001c9e4    0000001e     arm_m3_Hwi_asm_switch_rom.obj (.text:ti_sysbios_family_xxx_Hwi_switchAndRunFunc)
                  1001ca02    0000001a     arm_m3_Hwi_asm_rom.obj (.text:ti_sysbios_family_arm_m3_Hwi_pendSV__I)
                  1001ca1c    00000010     arm_m3_TaskSupport_asm_rom.obj (.text:ti_sysbios_family_arm_m3_TaskSupport_glue)
                  1001ca2c    00000010     arm_m3_TaskSupport_asm_rom.obj (.text:ti_sysbios_family_arm_m3_TaskSupport_swap__E)

.sysbios_rom_text 
*          0    1001ca3c    0000002e     
                  1001ca3c    00000018     CC26xx.obj (.text:memcpy)
                  1001ca54    00000016     CC26xx.obj (.text:memset)

.sysbios_rom_text 
*          0    1001ca6a    00000004     
                  1001ca6a    00000004     CC26xx.obj (.text:ti_sysbios_rom_cortexm_cc26xx_CC26xx_getRevision__E)

.sysbios_rom_data 
*          0    20000100    000000f0     
                  20000100    00000044     CC26xx_pem3.obj (.data:ti_sysbios_knl_Task_Module__state__V)
                  20000144    00000034     CC26xx_pem3.obj (.data:ti_sysbios_family_arm_m3_Hwi_Module__state__V)
                  20000178    0000002c     CC26xx_pem3.obj (.data:ti_sysbios_knl_Clock_Module__state__V)
                  200001a4    00000024     CC26xx_pem3.obj (.data:ti_sysbios_BIOS_Module__state__V)
                  200001c8    0000001c     CC26xx_pem3.obj (.data:ti_sysbios_knl_Swi_Module__state__V)
                  200001e4    00000008     CC26xx_pem3.obj (.data:ti_sysbios_family_arm_cc26xx_Timer_Module__state__V)
                  200001ec    00000004     CC26xx_pem3.obj (.data:ti_sysbios_family_arm_cc26xx_TimestampProvider_Module__state__V)

.sysbios_rom_data 
*          0    200001f0    00000014     
                  200001f0    00000008     CC26xx_pem3.obj (.data:xdc_runtime_Startup_Module__state__V)
                  200001f8    00000008     CC26xx_pem3.obj (.data:xdc_runtime_System_Module__state__V)
                  20000200    00000004     CC26xx_pem3.obj (.data:xdc_runtime_Memory_Module__state__V)

xdc.meta   0    00000000    000000f6     COPY SECTION
                  00000000    000000f6     CC26xx_pem3.obj (xdc.meta)

xdc.noload 
*          0    00000000    00000000     COPY SECTION

.TI.noinit 
*          0    20000600    00000000     UNINITIALIZED

.TI.persistent 
*          0    20000e40    00000000     UNINITIALIZED


FAR CALL TRAMPOLINES

callee name               trampoline name
   callee addr  tramp addr   call addr  call info
--------------  -----------  ---------  ----------------
xdc_runtime_System_exit__E  $Tramp$TT$L$PI$$xdc_runtime_System_exit__E
   1001c79d     000015f8     00001498   boot.aem3 : boot.oem3 (.text)
memcpy                    $Tramp$TT$L$PI$$memcpy
   1001ca3d     00001600     0000140c   rtsv7M3_T_le_eabi.lib : cpy_tbl.obj (.text)
ti_sysbios_knl_Clock_start__E  $Tramp$TT$L$PI$$ti_sysbios_knl_Clock_start__E
   1001bfe3     00001608     000010e2   CC26xx.obj (.text:main)
ti_sysbios_knl_Semaphore_post__E  $Tramp$TT$L$PI$$ti_sysbios_knl_Semaphore_post__E
   1001ab8d     00001610     000010dc   CC26xx.obj (.text:main)
ti_sysbios_knl_Semaphore_pend__E  $Tramp$TT$L$PI$$ti_sysbios_knl_Semaphore_pend__E
   1001a001     00001618     000010d6   CC26xx.obj (.text:main)
ti_sysbios_knl_Swi_construct  $Tramp$TT$L$PI$$ti_sysbios_knl_Swi_construct
   1001b08d     00001620     000010cc   CC26xx.obj (.text:main)
ti_sysbios_family_arm_m3_Hwi_construct  $Tramp$TT$L$PI$$ti_sysbios_family_arm_m3_Hwi_construct
   1001ae81     00001628     000010c0   CC26xx.obj (.text:main)
ti_sysbios_knl_Clock_construct  $Tramp$TT$L$PI$$ti_sysbios_knl_Clock_construct
   1001b57d     00001630     000010b0   CC26xx.obj (.text:main)
ti_sysbios_knl_Semaphore_construct  $Tramp$TT$L$PI$$ti_sysbios_knl_Semaphore_construct
   1001b711     00001638     000010a4   CC26xx.obj (.text:main)
ti_sysbios_knl_Task_construct  $Tramp$TT$L$PI$$ti_sysbios_knl_Task_construct
   1001b12d     00001640     0000109a   CC26xx.obj (.text:main)
ti_sysbios_knl_Swi_create  $Tramp$TT$L$PI$$ti_sysbios_knl_Swi_create
   1001af31     00001648     0000108e   CC26xx.obj (.text:main)
ti_sysbios_family_arm_m3_Hwi_create  $Tramp$TT$L$PI$$ti_sysbios_family_arm_m3_Hwi_create
   1001abf1     00001650     00001084   CC26xx.obj (.text:main)
ti_sysbios_knl_Clock_create  $Tramp$TT$L$PI$$ti_sysbios_knl_Clock_create
   1001b511     00001658     00001078   CC26xx.obj (.text:main)
ti_sysbios_knl_Semaphore_create  $Tramp$TT$L$PI$$ti_sysbios_knl_Semaphore_create
   1001b5e5     00001660     0000106c   CC26xx.obj (.text:main)
ti_sysbios_knl_Task_create  $Tramp$TT$L$PI$$ti_sysbios_knl_Task_create
   1001afe1     00001668     00001062   CC26xx.obj (.text:main)
ti_sysbios_knl_Swi_Params__init__S  $Tramp$TT$L$PI$$ti_sysbios_knl_Swi_Params__init__S
   1001c1c9     00001670     00001056   CC26xx.obj (.text:main)
ti_sysbios_family_arm_m3_Hwi_Params__init__S  $Tramp$TT$L$PI$$ti_sysbios_family_arm_m3_Hwi_Params__init__S
   1001c139     00001678     0000104a   CC26xx.obj (.text:main)
ti_sysbios_knl_Semaphore_Params__init__S  $Tramp$TT$L$PI$$ti_sysbios_knl_Semaphore_Params__init__S
   1001c1bd     00001680     0000103e   CC26xx.obj (.text:main)
ti_sysbios_knl_Clock_Params__init__S  $Tramp$TT$L$PI$$ti_sysbios_knl_Clock_Params__init__S
   1001c181     00001688     00001032   CC26xx.obj (.text:main)
ti_sysbios_knl_Task_Params__init__S  $Tramp$TT$L$PI$$ti_sysbios_knl_Task_Params__init__S
   1001c1d5     00001690     00001026   CC26xx.obj (.text:main)
ti_sysbios_BIOS_start__E  $Tramp$TT$L$PI$$ti_sysbios_BIOS_start__E
   1001c051     00001698     0000101a   CC26xx.obj (.text:main)
xdc_runtime_SysCallback_exit__E  $Tramp$TT$L$PI$$xdc_runtime_SysCallback_exit__E
   1001c7ed     00001964     00001908   CC26xx_pem3.obj (.text:xdc_runtime_System_SupportProxy_exit__E)
xdc_runtime_SysCallback_abort__E  $Tramp$TT$L$PI$$xdc_runtime_SysCallback_abort__E
   1001c7dd     0000196c     000018fc   CC26xx_pem3.obj (.text:xdc_runtime_System_SupportProxy_abort__E)
xdc_runtime_System_exit__E  $Tramp$TT$L$PI$$xdc_runtime_System_exit__E
   1001c79d     00001974     000018e4   CC26xx_pem3.obj (.text:ti_sysbios_BIOS_exitFunc__I)
ti_sysbios_knl_Swi_post__E  $Tramp$TT$L$PI$$ti_sysbios_knl_Swi_post__E
   1001b325     0000197c     000018b0   CC26xx_pem3.obj (.text:ti_sysbios_knl_Clock_doTick__I)
ti_sysbios_knl_Clock_logTick__E  $Tramp$TT$L$PI$$ti_sysbios_knl_Clock_logTick__E
   1001ba77     00001984     000018a8   CC26xx_pem3.obj (.text:ti_sysbios_knl_Clock_doTick__I)
ti_sysbios_knl_Task_startup__E  $Tramp$TT$L$PI$$ti_sysbios_knl_Task_startup__E
   1001c2d7     0000198c     0000185c   CC26xx_pem3.obj (.text:ti_sysbios_BIOS_startFunc__I)
ti_sysbios_knl_Swi_startup__E  $Tramp$TT$L$PI$$ti_sysbios_knl_Swi_startup__E
   1001c23f     00001994     00001858   CC26xx_pem3.obj (.text:ti_sysbios_BIOS_startFunc__I)
ti_sysbios_hal_Hwi_startup__E  $Tramp$TT$L$PI$$ti_sysbios_hal_Hwi_startup__E
   1001c1ff     0000199c     00001854   CC26xx_pem3.obj (.text:ti_sysbios_BIOS_startFunc__I)
ti_sysbios_family_arm_cc26xx_Timer_startup__E  $Tramp$TT$L$PI$$ti_sysbios_family_arm_cc26xx_Timer_startup__E
   1001b79d     000019a4     00001850   CC26xx_pem3.obj (.text:ti_sysbios_BIOS_startFunc__I)
xdc_runtime_System_atexit__E  $Tramp$TT$L$PI$$xdc_runtime_System_atexit__E
   1001c649     000019ac     00001848   CC26xx_pem3.obj (.text:ti_sysbios_BIOS_startFunc__I)
ti_sysbios_BIOS_RtsGateProxy_enter__E  $Tramp$TT$L$PI$$ti_sysbios_BIOS_RtsGateProxy_enter__E
   1001c24b     000019b4     000017f6   CC26xx_pem3.obj (.text:ti_sysbios_BIOS_rtsLock__I)
ti_sysbios_BIOS_setThreadType__E  $Tramp$TT$L$PI$$ti_sysbios_BIOS_setThreadType__E
   1001c041     000019bc     000017ce   CC26xx_pem3.obj (.text:ti_sysbios_BIOS_atExitFunc__I)
                             000018de   CC26xx_pem3.obj (.text:ti_sysbios_BIOS_exitFunc__I)
ti_sysbios_knl_Task_disable__E  $Tramp$TT$L$PI$$ti_sysbios_knl_Task_disable__E
   1001c0f1     000019c4     000017c8   CC26xx_pem3.obj (.text:ti_sysbios_BIOS_atExitFunc__I)
ti_sysbios_knl_Swi_disable__E  $Tramp$TT$L$PI$$ti_sysbios_knl_Swi_disable__E
   1001c0d1     000019cc     000017c4   CC26xx_pem3.obj (.text:ti_sysbios_BIOS_atExitFunc__I)
ti_sysbios_BIOS_RtsGateProxy_leave__E  $Tramp$TT$L$PI$$ti_sysbios_BIOS_RtsGateProxy_leave__E
   1001c24f     000019d4     00001702   CC26xx_pem3.obj (.text:ti_sysbios_BIOS_rtsUnlock__I)
xdc_runtime_Assert_raise__I  $Tramp$TT$L$PI$$xdc_runtime_Assert_raise__I
   1001c571     000019dc     000016e8   CC26xx_pem3.obj (.text:ti_sysbios_BIOS_rtsUnlock__I)
ti_sysbios_knl_Clock_scheduleNextTick__E  $Tramp$TT$L$PI$$ti_sysbios_knl_Clock_scheduleNextTick__E
   1001bea1     00001c38     00001a62   mangled_BIOS_rom.obj (.text:ti_sysbios_knl_Clock_workFuncDynamic__E__mangled__)
ti_sysbios_knl_Clock_walkQueueDynamic__E  $Tramp$TT$L$PI$$ti_sysbios_knl_Clock_walkQueueDynamic__E
   1001a821     00001c40     00001a2a   mangled_BIOS_rom.obj (.text:ti_sysbios_knl_Clock_workFuncDynamic__E__mangled__)
                             00001a46   mangled_BIOS_rom.obj (.text:ti_sysbios_knl_Clock_workFuncDynamic__E__mangled__)
ti_sysbios_knl_Clock_TimerProxy_getCurrentTick__E  $Tramp$TT$L$PI$$ti_sysbios_knl_Clock_TimerProxy_getCurrentTick__E
   1001c091     00001c48     000019f8   mangled_BIOS_rom.obj (.text:ti_sysbios_knl_Clock_workFuncDynamic__E__mangled__)

[40 trampolines]
[42 trampoline calls]


GLOBAL SYMBOLS: SORTED ALPHABETICALLY BY Name 

address   name                                                                      
-------   ----                                                                      
000014b1  C$$EXIT                                                                   
000014f5  ChipInfo_GetChipFamily                                                    
00001255  ChipInfo_GetHwRevision                                                    
00001529  NOROM_AONEventMcuWakeUpSet                                                
000015d9  NOROM_CPUcpsid                                                            
000015e5  NOROM_CPUcpsie                                                            
00001425  NOROM_DDI16BitfieldRead                                                   
000012d7  NOROM_DDI16BitfieldWrite                                                  
00001331  NOROM_IntPendClear                                                        
0000155b  NOROM_OSCClockSourceGet                                                   
00001385  NOROM_OSCClockSourceSet                                                   
UNDEFED   SHT$$INIT_ARRAY$$Base                                                     
UNDEFED   SHT$$INIT_ARRAY$$Limit                                                    
2000102c  TSK_idle                                                                  
000015b1  ThisCodeIsBuiltForCC26xxHwRev22AndLater_HaltIfViolated                    
00000000  __ASM__                                                                   
00000070  __ISA__                                                                   
00000082  __PLAT__                                                                  
20005000  __STACK_END                                                               
00001000  __STACK_SIZE                                                              
20005000  __STACK_TOP                                                               
000000a9  __TARG__                                                                  
UNDEFED   __TI_CINIT_Base                                                           
UNDEFED   __TI_CINIT_Limit                                                          
UNDEFED   __TI_Handler_Table_Base                                                   
UNDEFED   __TI_Handler_Table_Limit                                                  
000011b5  __TI_auto_init                                                            
20001130  __TI_cleanup_ptr                                                          
20001134  __TI_dtors_ptr                                                            
00000000  __TI_static_base__                                                        
000000ce  __TRDR__                                                                  
00001599  __aeabi_lmul                                                              
00000e1f  __aeabi_uldivmod                                                          
ffffffff  __binit__                                                                 
ffffffff  __c_args__                                                                
0001ffa8  __ccfg                                                                    
20004000  __stack                                                                   
000015f1  __xdc__init                                                               
20000f28  __xdc__init__addr                                                         
00001581  _args_main                                                                
0000146d  _c_int00                                                                  
20001128  _lock                                                                     
000015d3  _nop                                                                      
000015cb  _register_lock                                                            
000015c5  _register_unlock                                                          
2000112c  _unlock                                                                   
000014b5  abort                                                                     
ffffffff  binit                                                                     
000013d9  copy_in                                                                   
000014bd  exit                                                                      
00001015  main                                                                      
20001138  main_func_sp                                                              
1001ca3d  memcpy                                                                    
1001ca55  memset                                                                    
00001013  smallErrorPolicy                                                          
200001a4  ti_sysbios_BIOS_Module__state__V                                          
1001bc31  ti_sysbios_BIOS_RtsGateProxy_Handle__label__S                             
1001bac1  ti_sysbios_BIOS_RtsGateProxy_Object__delete__S                            
1001c175  ti_sysbios_BIOS_RtsGateProxy_Params__init__S                              
1001c24b  ti_sysbios_BIOS_RtsGateProxy_enter__E                                     
1001c24f  ti_sysbios_BIOS_RtsGateProxy_leave__E                                     
1001c277  ti_sysbios_BIOS_RtsGateProxy_query__E                                     
000017c1  ti_sysbios_BIOS_atExitFunc__I                                             
000018d5  ti_sysbios_BIOS_exitFunc__I                                               
1001c021  ti_sysbios_BIOS_exit__E                                                   
1001c031  ti_sysbios_BIOS_getCpuFreq__E                                             
0000190f  ti_sysbios_BIOS_nullFunc__I                                               
00001821  ti_sysbios_BIOS_registerRTSLock__I                                        
00001869  ti_sysbios_BIOS_removeRTSLock__I                                          
000017f1  ti_sysbios_BIOS_rtsLock__I                                                
000016a1  ti_sysbios_BIOS_rtsUnlock__I                                              
1001c041  ti_sysbios_BIOS_setThreadType__E                                          
00001845  ti_sysbios_BIOS_startFunc__I                                              
1001c051  ti_sysbios_BIOS_start__E                                                  
000010f1  ti_sysbios_family_arm_cc26xx_Boot_trimDevice                              
00000504  ti_sysbios_family_arm_cc26xx_Timer_Module__id__C                          
20000e5c  ti_sysbios_family_arm_cc26xx_Timer_Module__root__V                        
1001bb51  ti_sysbios_family_arm_cc26xx_Timer_Module__startupDone__S                 
200001e4  ti_sysbios_family_arm_cc26xx_Timer_Module__state__V                       
1001ba79  ti_sysbios_family_arm_cc26xx_Timer_Module_startup__E                      
20001078  ti_sysbios_family_arm_cc26xx_Timer_Object__table__V                       
00001911  ti_sysbios_family_arm_cc26xx_Timer_dynamicStub__E                         
00001bfd  ti_sysbios_family_arm_cc26xx_Timer_dynamicStub__E__mangled__              
00001919  ti_sysbios_family_arm_cc26xx_Timer_getCount64__E                          
00001bd9  ti_sysbios_family_arm_cc26xx_Timer_getCount64__E__mangled__               
00001921  ti_sysbios_family_arm_cc26xx_Timer_getCurrentTick__E                      
00001ad1  ti_sysbios_family_arm_cc26xx_Timer_getCurrentTick__E__mangled__           
1001c253  ti_sysbios_family_arm_cc26xx_Timer_getExpiredTicks__E                     
00001929  ti_sysbios_family_arm_cc26xx_Timer_getMaxTicks__E                         
00001b89  ti_sysbios_family_arm_cc26xx_Timer_getMaxTicks__E__mangled__              
1001c257  ti_sysbios_family_arm_cc26xx_Timer_getPeriod__E                           
00001931  ti_sysbios_family_arm_cc26xx_Timer_initDevice__I                          
00001bb1  ti_sysbios_family_arm_cc26xx_Timer_initDevice__I__mangled__               
1001a3dd  ti_sysbios_family_arm_cc26xx_Timer_periodicStub__E                        
1001b771  ti_sysbios_family_arm_cc26xx_Timer_postInit__I                            
00001939  ti_sysbios_family_arm_cc26xx_Timer_setNextTick__E                         
00001b11  ti_sysbios_family_arm_cc26xx_Timer_setNextTick__E__mangled__              
1001c25b  ti_sysbios_family_arm_cc26xx_Timer_setPeriod__E                           
00001941  ti_sysbios_family_arm_cc26xx_Timer_setThreshold__I                        
00001b51  ti_sysbios_family_arm_cc26xx_Timer_setThreshold__I__mangled__             
00001949  ti_sysbios_family_arm_cc26xx_Timer_start__E                               
00001a7d  ti_sysbios_family_arm_cc26xx_Timer_start__E__mangled__                    
00000488  ti_sysbios_family_arm_cc26xx_Timer_startupNeeded__C                       
1001b79d  ti_sysbios_family_arm_cc26xx_Timer_startup__E                             
200001ec  ti_sysbios_family_arm_cc26xx_TimestampProvider_Module__state__V           
1001bb71  ti_sysbios_family_arm_cc26xx_TimestampProvider_Module_startup__E          
00001951  ti_sysbios_family_arm_cc26xx_TimestampProvider_get32__E                   
00001c1d  ti_sysbios_family_arm_cc26xx_TimestampProvider_get32__E__mangled__        
1001b9d9  ti_sysbios_family_arm_cc26xx_TimestampProvider_get64__E                   
1001c12b  ti_sysbios_family_arm_cc26xx_TimestampProvider_getFreq__E                 
00000506  ti_sysbios_family_arm_cc26xx_TimestampProvider_useClockTimer__C           
0000048c  ti_sysbios_family_arm_m3_Hwi_E_alreadyDefined__C                          
00000490  ti_sysbios_family_arm_m3_Hwi_E_hwiLimitExceeded__C                        
1001ad11  ti_sysbios_family_arm_m3_Hwi_Instance_finalize__E                         
1001a479  ti_sysbios_family_arm_m3_Hwi_Instance_init__E                             
20000e84  ti_sysbios_family_arm_m3_Hwi_Module_State_0_excActive__A                  
20000e88  ti_sysbios_family_arm_m3_Hwi_Module_State_0_excContext__A                 
20000e8c  ti_sysbios_family_arm_m3_Hwi_Module_State_0_excStack__A                   
00000508  ti_sysbios_family_arm_m3_Hwi_Module__id__C                                
20000e64  ti_sysbios_family_arm_m3_Hwi_Module__root__V                              
1001bb91  ti_sysbios_family_arm_m3_Hwi_Module__startupDone__S                       
20000144  ti_sysbios_family_arm_m3_Hwi_Module__state__V                             
1001b1c9  ti_sysbios_family_arm_m3_Hwi_Module_startup__E                            
00000494  ti_sysbios_family_arm_m3_Hwi_NUM_INTERRUPTS__C                            
000002d0  ti_sysbios_family_arm_m3_Hwi_Object__DESC__C                              
00000170  ti_sysbios_family_arm_m3_Hwi_Object__PARAMS__C                            
00000498  ti_sysbios_family_arm_m3_Hwi_Object__count__C                             
1001aa61  ti_sysbios_family_arm_m3_Hwi_Object__create__S                            
1001bbb1  ti_sysbios_family_arm_m3_Hwi_Object__delete__S                            
1001be31  ti_sysbios_family_arm_m3_Hwi_Object__destruct__S                          
1001b7c9  ti_sysbios_family_arm_m3_Hwi_Object__get__S                               
0000049c  ti_sysbios_family_arm_m3_Hwi_Object__table__C                             
20000e6c  ti_sysbios_family_arm_m3_Hwi_Object__table__V                             
1001c139  ti_sysbios_family_arm_m3_Hwi_Params__init__S                              
000004a0  ti_sysbios_family_arm_m3_Hwi_ccr__C                                       
1001ae81  ti_sysbios_family_arm_m3_Hwi_construct                                    
1001abf1  ti_sysbios_family_arm_m3_Hwi_create                                       
1001c25f  ti_sysbios_family_arm_m3_Hwi_delete                                       
1001c263  ti_sysbios_family_arm_m3_Hwi_destruct                                     
1001c145  ti_sysbios_family_arm_m3_Hwi_disableFxn__E                                
[...]
1001bd71  ti_sysbios_knl_Queue_Object__get__S                                       
1001bd91  ti_sysbios_knl_Semaphore_Object__destruct__S                              
1001bdb1  ti_sysbios_knl_Swi_Object__delete__S                                      
1001bdd1  ti_sysbios_knl_Task_Object__delete__S                                     
1001bdf1  ti_sysbios_knl_Task_Object__get__S                                        
1001be11  ti_sysbios_knl_Task_restoreHwi__E                                         
1001be31  ti_sysbios_family_arm_m3_Hwi_Object__destruct__S                          
1001be4d  ti_sysbios_family_arm_m3_Hwi_setPriority__E                               
1001be69  ti_sysbios_gates_GateMutex_Instance_init__E                               
1001be85  ti_sysbios_hal_Hwi_HwiProxy_create                                        
1001bea1  ti_sysbios_knl_Clock_scheduleNextTick__E                                  
1001bebd  ti_sysbios_knl_Mailbox_Object__destruct__S                                
1001bed9  ti_sysbios_knl_Queue_Object__destruct__S                                  
1001bef5  ti_sysbios_knl_Queue_get__E                                               
1001bf11  ti_sysbios_knl_Queue_put__E                                               
1001bf2d  ti_sysbios_knl_Swi_Object__destruct__S                                    
1001bf49  ti_sysbios_knl_Task_Object__destruct__S                                   
1001bf65  ti_sysbios_knl_Task_enter__I                                              
1001bf81  ti_sysbios_knl_Task_sleepTimeout__I                                       
1001bf9b  ti_sysbios_knl_Swi_Instance_finalize__E                                   
1001bf9d  ti_sysbios_gates_GateMutex_leave__E                                       
1001bfb5  ti_sysbios_knl_Task_unblock__E                                            
1001bfcd  ti_sysbios_knl_Clock_Instance_finalize__E                                 
1001bfe3  ti_sysbios_knl_Clock_start__E                                             
1001bff9  ti_sysbios_family_arm_m3_Hwi_switchFromBootStack__E                       
1001bff9  ti_sysbios_hal_Hwi_HwiProxy_switchFromBootStack__E                        
1001bff9  ti_sysbios_hal_Hwi_switchFromBootStack__E                                 
1001c00d  ti_sysbios_hal_Hwi_Module_startup__E                                      
1001c021  ti_sysbios_BIOS_exit__E                                                   
1001c031  ti_sysbios_BIOS_getCpuFreq__E                                             
1001c041  ti_sysbios_BIOS_setThreadType__E                                          
1001c051  ti_sysbios_BIOS_start__E                                                  
1001c061  ti_sysbios_family_arm_m3_Hwi_plug__E                                      
1001c071  ti_sysbios_gates_GateMutex_Instance_finalize__E                           
1001c081  ti_sysbios_hal_Hwi_HwiProxy_Object__create__S                             
1001c091  ti_sysbios_knl_Clock_TimerProxy_getCurrentTick__E                         
1001c0a1  ti_sysbios_knl_Clock_TimerProxy_getMaxTicks__E                            
1001c0b1  ti_sysbios_knl_Clock_TimerProxy_setNextTick__E                            
1001c0c1  ti_sysbios_knl_Semaphore_Instance_finalize__E                             
1001c0d1  ti_sysbios_knl_Swi_disable__E                                             
1001c0e1  ti_sysbios_knl_Swi_enabled__E                                             
1001c0f1  ti_sysbios_knl_Task_disable__E                                            
1001c101  ti_sysbios_heaps_HeapMem_restore__E                                       
1001c10f  ti_sysbios_knl_Queue_empty__E                                             
1001c11d  ti_sysbios_knl_Queue_remove__E                                            
1001c12b  ti_sysbios_family_arm_cc26xx_TimestampProvider_getFreq__E                 
1001c12b  xdc_runtime_Timestamp_SupportProxy_getFreq__E                             
1001c12b  xdc_runtime_Timestamp_getFreq__E                                          
1001c139  ti_sysbios_family_arm_m3_Hwi_Params__init__S                              
1001c139  ti_sysbios_hal_Hwi_HwiProxy_Params__init__S                               
1001c145  ti_sysbios_family_arm_m3_Hwi_disableFxn__E                                
1001c151  ti_sysbios_family_arm_m3_Hwi_enableFxn__E                                 
1001c15d  ti_sysbios_family_arm_m3_TaskSupport_getStackAlignment__E                 
1001c15d  ti_sysbios_knl_Task_SupportProxy_getStackAlignment__E                     
1001c169  ti_sysbios_gates_GateHwi_enter__E                                         
1001c175  ti_sysbios_BIOS_RtsGateProxy_Params__init__S                              
1001c175  ti_sysbios_gates_GateMutex_Params__init__S                                
1001c175  ti_sysbios_heaps_HeapMem_Module_GateProxy_Params__init__S                 
1001c181  ti_sysbios_knl_Clock_Params__init__S                                      
1001c18d  ti_sysbios_knl_Clock_getTimerHandle__E                                    
1001c199  ti_sysbios_knl_Mailbox_Params__init__S                                    
1001c1a5  ti_sysbios_knl_Queue_dequeue__E                                           
1001c1b1  ti_sysbios_knl_Queue_enqueue__E                                           
1001c1bd  ti_sysbios_knl_Semaphore_Params__init__S                                  
1001c1c9  ti_sysbios_knl_Swi_Params__init__S                                        
1001c1d5  ti_sysbios_knl_Task_Params__init__S                                       
1001c1e1  ti_sysbios_knl_Task_self__E                                               
1001c1ed  ti_sysbios_hal_Hwi_Instance_finalize__E                                   
1001c1f7  ti_sysbios_family_arm_m3_Hwi_doSwiRestore__I                              
1001c1ff  ti_sysbios_family_arm_m3_Hwi_startup__E                                   
1001c1ff  ti_sysbios_hal_Hwi_HwiProxy_startup__E                                    
1001c1ff  ti_sysbios_hal_Hwi_startup__E                                             
1001c207  ti_sysbios_knl_Idle_loop__E                                               
1001c20f  ti_sysbios_family_arm_m3_Hwi_doTaskRestore__I                             
1001c215  ti_sysbios_family_arm_m3_Hwi_restoreFxn__E                                
1001c21b  ti_sysbios_gates_GateHwi_leave__E                                         
1001c221  ti_sysbios_heaps_HeapMem_isBlocking__E                                    
1001c227  ti_sysbios_knl_Clock_stop__E                                              
1001c22d  ti_sysbios_knl_Queue_Instance_init__E                                     
1001c233  ti_sysbios_knl_Queue_elemClear__E                                         
1001c239  ti_sysbios_knl_Swi_Module_startup__E                                      
1001c23f  ti_sysbios_knl_Swi_startup__E                                             
1001c245  ti_sysbios_knl_Task_enable__E                                             
1001c24b  ti_sysbios_BIOS_RtsGateProxy_enter__E                                     
1001c24f  ti_sysbios_BIOS_RtsGateProxy_leave__E                                     
1001c253  ti_sysbios_family_arm_cc26xx_Timer_getExpiredTicks__E                     
1001c257  ti_sysbios_family_arm_cc26xx_Timer_getPeriod__E                           
1001c25b  ti_sysbios_family_arm_cc26xx_Timer_setPeriod__E                           
1001c25f  ti_sysbios_family_arm_m3_Hwi_delete                                       
1001c263  ti_sysbios_family_arm_m3_Hwi_destruct                                     
1001c267  ti_sysbios_family_arm_m3_TaskSupport_Module__startupDone__S               
1001c267  ti_sysbios_knl_Task_SupportProxy_Module__startupDone__S                   
1001c26b  ti_sysbios_gates_GateHwi_query__E                                         
1001c26b  xdc_runtime_System_Module_GateProxy_query__E                              
1001c26f  ti_sysbios_gates_GateMutex_delete                                         
1001c273  ti_sysbios_gates_GateMutex_destruct                                       
1001c277  ti_sysbios_BIOS_RtsGateProxy_query__E                                     
1001c277  ti_sysbios_gates_GateMutex_query__E                                       
1001c277  ti_sysbios_heaps_HeapMem_Module_GateProxy_query__E                        
1001c27b  ti_sysbios_hal_Hwi_HwiProxy_delete                                        
1001c27f  ti_sysbios_hal_Hwi_delete                                                 
1001c283  ti_sysbios_heaps_HeapMem_Module_GateProxy_enter__E                        
1001c287  ti_sysbios_heaps_HeapMem_Module_GateProxy_leave__E                        
1001c28b  ti_sysbios_knl_Clock_TimerProxy_getExpiredTicks__E                        
1001c28f  ti_sysbios_knl_Clock_TimerProxy_getPeriod__E                              
1001c293  ti_sysbios_knl_Clock_delete                                               
1001c297  ti_sysbios_knl_Clock_destruct                                             
1001c29b  ti_sysbios_knl_Clock_removeI__E                                           
1001c29f  ti_sysbios_knl_Clock_setTimeout__E                                        
1001c2a3  ti_sysbios_knl_Mailbox_delete                                             
1001c2a7  ti_sysbios_knl_Mailbox_destruct                                           
1001c2ab  ti_sysbios_knl_Queue_delete                                               
1001c2af  ti_sysbios_knl_Queue_destruct                                             
1001c2b3  ti_sysbios_knl_Queue_head__E                                              
1001c2b7  ti_sysbios_knl_Queue_next__E                                              
1001c2bb  ti_sysbios_knl_Semaphore_delete                                           
1001c2bf  ti_sysbios_knl_Semaphore_destruct                                         
1001c2c3  ti_sysbios_knl_Swi_delete                                                 
1001c2c7  ti_sysbios_knl_Swi_destruct                                               
1001c2cb  ti_sysbios_knl_Swi_postInit__I                                            
1001c2cf  ti_sysbios_knl_Task_delete                                                
1001c2d3  ti_sysbios_knl_Task_destruct                                              
1001c2d7  ti_sysbios_knl_Task_startup__E                                            
1001c2dd  xdc_runtime_Startup_startMods__I                                          
1001c3d5  xdc_runtime_Core_createObject__I                                          
1001c455  xdc_runtime_Memory_alloc__E                                               
1001c4c1  xdc_runtime_Core_deleteObject__I                                          
1001c51f  xdc_runtime_Error_policySpin__E                                           
1001c521  xdc_runtime_Startup_exec__E                                               
1001c571  xdc_runtime_Assert_raise__I                                               
1001c5b9  xdc_runtime_Core_assignParams__I                                          
1001c601  xdc_runtime_Core_constructObject__I                                       
1001c649  xdc_runtime_System_atexit__E                                              
1001c681  xdc_runtime_Core_assignLabel__I                                           
1001c6b5  xdc_runtime_System_processAtExit__E                                       
1001c6e9  xdc_runtime_Text_cordText__E                                              
1001c715  xdc_runtime_System_abort__E                                               
1001c735  xdc_runtime_Error_raiseX__E                                               
1001c751  xdc_runtime_Memory_valloc__E                                              
1001c76d  xdc_runtime_Core_destructObject__I                                        
1001c785  xdc_runtime_Error_check__E                                                
1001c79d  xdc_runtime_System_exit__E                                                
1001c7b5  xdc_runtime_Text_ropeText__E                                              
1001c7cd  xdc_runtime_Memory_free__E                                                
1001c7dd  xdc_runtime_SysCallback_abort__E                                          
1001c7ed  xdc_runtime_SysCallback_exit__E                                           
1001c7fd  xdc_runtime_Timestamp_SupportProxy_get32__E                               
1001c7fd  xdc_runtime_Timestamp_get32__E                                            
1001c80d  xdc_runtime_Error_init__E                                                 
1001c819  xdc_runtime_Memory_calloc__E                                              
1001c825  xdc_runtime_Memory_getMaxDefaultTypeAlign__E                              
1001c831  xdc_runtime_Memory_HeapProxy_alloc__E                                     
1001c83b  xdc_runtime_Memory_HeapProxy_free__E                                      
1001c845  xdc_runtime_Gate_leaveSystem__E                                           
1001c84b  xdc_runtime_System_Module_startup__E                                      
1001c851  xdc_runtime_Gate_enterSystem__E                                           
1001c855  xdc_runtime_System_Module_GateProxy_enter__E                              
1001c859  xdc_runtime_System_Module_GateProxy_leave__E                              
1001c85d  xdc_runtime_System_abortSpin__E                                           
1001c85f  xdc_runtime_System_exitSpin__E                                            
1001c861  ti_sysbios_family_arm_m3_Hwi_dispatch__I                                  
1001c931  ti_sysbios_family_arm_m3_TaskSupport_buildTaskStack                       
1001c97d  ti_sysbios_family_arm_m3_Hwi_initStacks__E                                
1001c9c5  ti_sysbios_family_arm_m3_Hwi_excHandlerAsm__I                             
1001c9e5  ti_sysbios_family_xxx_Hwi_switchAndRunFunc                                
1001ca03  ti_sysbios_family_arm_m3_Hwi_pendSV__I                                    
1001ca1b  ti_sysbios_family_arm_m3_Hwi_return                                       
1001ca1d  ti_sysbios_family_arm_m3_TaskSupport_glue                                 
1001ca2d  ti_sysbios_family_arm_m3_TaskSupport_swap__E                              
1001ca2d  ti_sysbios_knl_Task_SupportProxy_swap__E                                  
1001ca35  ti_sysbios_knl_Task_swapReturn                                            
1001ca3d  memcpy                                                                    
1001ca55  memset                                                                    
1001ca6b  ti_sysbios_rom_cortexm_cc26xx_CC26xx_getRevision__E                       
20000000  ti_sysbios_family_arm_m3_Hwi_ramVectors                                   
20000100  ti_sysbios_knl_Task_Module__state__V                                      
20000144  ti_sysbios_family_arm_m3_Hwi_Module__state__V                             
20000178  ti_sysbios_knl_Clock_Module__state__V                                     
200001a4  ti_sysbios_BIOS_Module__state__V                                          
200001c8  ti_sysbios_knl_Swi_Module__state__V                                       
200001e4  ti_sysbios_family_arm_cc26xx_Timer_Module__state__V                       
200001ec  ti_sysbios_family_arm_cc26xx_TimestampProvider_Module__state__V           
200001f0  xdc_runtime_Startup_Module__state__V                                      
200001f8  xdc_runtime_System_Module__state__V                                       
20000200  xdc_runtime_Memory_Module__state__V                                       
20000600  ti_sysbios_knl_Task_Instance_State_0_stack__A                             
20000e00  ti_sysbios_heaps_HeapMem_Instance_State_0_buf__A                          
20000e40  ti_sysbios_family_arm_m3_Hwi_dispatchTable                                
20000e5c  ti_sysbios_family_arm_cc26xx_Timer_Module__root__V                        
20000e64  ti_sysbios_family_arm_m3_Hwi_Module__root__V                              
20000e6c  ti_sysbios_family_arm_m3_Hwi_Object__table__V                             
20000e84  ti_sysbios_family_arm_m3_Hwi_Module_State_0_excActive__A                  
20000e88  ti_sysbios_family_arm_m3_Hwi_Module_State_0_excContext__A                 
20000e8c  ti_sysbios_family_arm_m3_Hwi_Module_State_0_excStack__A                   
20000e90  ti_sysbios_gates_GateHwi_Module__root__V                                  
20000e98  ti_sysbios_gates_GateHwi_Object__table__V                                 
20000e9c  ti_sysbios_gates_GateMutex_Module__root__V                                
20000ea4  ti_sysbios_hal_Hwi_Module__root__V                                        
20000eac  ti_sysbios_heaps_HeapMem_Module__root__V                                  
20000eb4  ti_sysbios_heaps_HeapMem_Object__table__V                                 
20000ecc  ti_sysbios_knl_Clock_Module__root__V                                      
20000ed4  ti_sysbios_knl_Event_Module__root__V                                      
20000edc  ti_sysbios_knl_Mailbox_Module__root__V                                    
20000ee4  ti_sysbios_knl_Queue_Module__root__V                                      
20000eec  ti_sysbios_knl_Semaphore_Module__root__V                                  
20000ef4  ti_sysbios_knl_Swi_Module__root__V                                        
20000efc  ti_sysbios_knl_Task_Module__root__V                                       
20000f04  ti_sysbios_knl_Task_Module_State_0_idleTask__A                            
20000f08  xdc_runtime_System_Module_State_0_atexitHandlers__A                       
20000f28  __xdc__init__addr                                                         
20000f2c  ti_sysbios_knl_Swi_Module_State_0_readyQ__A                               
20000fac  ti_sysbios_knl_Task_Module_State_0_readyQ__A                              
2000102c  TSK_idle                                                                  
2000102c  ti_sysbios_knl_Task_Object__table__V                                      
20001078  ti_sysbios_family_arm_cc26xx_Timer_Object__table__V                       
200010c0  ti_sysbios_gates_GateMutex_Object__table__V                               
200010f8  ti_sysbios_knl_Swi_Object__table__V                                       
20001128  _lock                                                                     
2000112c  _unlock                                                                   
20001130  __TI_cleanup_ptr                                                          
20001134  __TI_dtors_ptr                                                            
20001138  main_func_sp                                                              
20004000  __stack                                                                   
20005000  __STACK_END                                                               
20005000  __STACK_TOP                                                               
e000e000  ti_sysbios_family_arm_m3_Hwi_nvic                                         
ffffffff  __binit__                                                                 
ffffffff  __c_args__                                                                
ffffffff  binit                                                                     
UNDEFED   SHT$$INIT_ARRAY$$Base                                                     
UNDEFED   SHT$$INIT_ARRAY$$Limit                                                    
UNDEFED   __TI_CINIT_Base                                                           
UNDEFED   __TI_CINIT_Limit                                                          
UNDEFED   __TI_Handler_Table_Base                                                   
UNDEFED   __TI_Handler_Table_Limit                                                  

[561 symbols]
