******************************************************************************
                  TI ARM Linker Unix v5.2.4                    
******************************************************************************
>> Linked Fri May 20 11:08:58 2016

OUTPUT FILE NAME:   <rtos_rom.xem3>
ENTRY POINT SYMBOL: "_c_int00"  address: 000020d9


MEMORY CONFIGURATION

         name            origin    length      used     unused   attr    fill
----------------------  --------  ---------  --------  --------  ----  --------
  VECS                  00000000   00000100  0000003c  000000c4  R  X
  RTOS_FLASH            00001000   00000700  00000332  000003ce  R  X
  FLASH                 00001700   0001e100  00001424  0001ccdc  R  X
  FLASH_CCFG            0001ffa8   00000058  00000058  00000000  R  X
  RTOS_ROM              10019b00   00003100  00003096  0000006a  R  X
  VRAM                  20000000   00000100  000000c8  00000038  RW X
  RTOS_SRAM             20000100   00000500  00000106  000003fa  RW X
  SRAM                  20000600   00004a00  00001c08  00002df8  RW X


SEGMENT ALLOCATION MAP

run origin  load origin   length   init length attrs members
----------  ----------- ---------- ----------- ----- -------
00000000    00000000    0000003c   0000003c    r--
  00000000    00000000    0000003c   0000003c    r-- .resetVecs
00001000    00001000    00000338   00000338    r--
  00001000    00001000    00000295   00000295    r-- .sysbios_rom_const
  00001298    00001298    00000071   00000071    r-- .sysbios_rom_const
  0000130c    0000130c    0000002c   0000002c    r-- .sysbios_rom_const
00001700    00001700    00001424   00001424    r-x
  00001700    00001700    00000e3c   00000e3c    r-x .text
  0000253c    0000253c    0000031c   0000031c    r-x .bigc_text
  00002858    00002858    00000244   00000244    r-x .mangled_apis_text
  00002a9c    00002a9c    00000088   00000088    r-- .const
0001ffa8    0001ffa8    00000058   00000058    r--
  0001ffa8    0001ffa8    00000058   00000058    r-- .ccfg
10019b00    10019b00    00003098   00003098    r-x
  10019b00    10019b00    00000004   00000004    r-- .sysbios_rom_text
  10019b04    10019b04    00002630   00002630    r-x .sysbios_rom_text
  1001c134    1001c134    0000067c   0000067c    r-x .sysbios_rom_text
  1001c7b0    1001c7b0    000001d4   000001d4    r-x .sysbios_rom_text
  1001c984    1001c984    000001c0   000001c0    r-- .sysbios_rom_text
  1001cb44    1001cb44    0000002e   0000002e    r-x .sysbios_rom_text
  1001cb74    1001cb74    00000024   00000024    r-- .sysbios_rom_text
20000000    20000000    000000c8   00000000    rw-
  20000000    20000000    000000c8   00000000    rw- .vecs
20000100    20000100    00000106   00000106    rw-
  20000100    20000100    000000f0   000000f0    rw- .sysbios_rom_data
  200001f0    200001f0    00000016   00000016    rw- .sysbios_rom_data
20000600    20000600    00000908   00000000    rw-
  20000600    20000600    00000908   00000000    rw- .bss
20000f08    20000f08    00000300   00000300    rw-
  20000f08    20000f08    00000300   00000300    rw- .data
20004000    20004000    00001000   00000000    rw-
  20004000    20004000    00001000   00000000    rw- .stack


SECTION ALLOCATION MAP

 output                                  attributes/
section   page    origin      length       input sections
--------  ----  ----------  ----------   ----------------
.text      0    00001700    00000e3c     
                  00001700    000002dc     driverlib.lib : setup.obj (.text:HapiTrimDeviceShutDown)
                  000019dc    000001f4     rtsv7M3_T_le_eabi.lib : ull_div_t2.obj (.text)
                  00001bd0    00000110     CC26xx_r2.obj (.text:main)
                  00001ce0    000000a0     auto_init.aem3 : auto_init.oem3 (.text)
                  00001d80    000000a0     driverlib.lib : setup.obj (.text:trimDevice)
                  00001e20    00000070                   : chipinfo.obj (.text:NOROM_ChipInfo_GetHwRevision)
                  00001e90    0000006c                   : setup.obj (.text:GetTrimForAmpcompCtrl)
                  00001efc    00000064                   : setup.obj (.text:GetTrimForAnabypassValue1)
                  00001f60    00000050                   : setup.obj (.text:SetupCacheModeAccordingToCcfgSetting)
                  00001fb0    0000004c                   : osc.obj (.text:NOROM_OSCClockSourceSet)
                  00001ffc    0000004c     rtsv7M3_T_le_eabi.lib : cpy_tbl.obj (.text)
                  00002048    00000048     driverlib.lib : chipinfo.obj (.text:NOROM_ChipInfo_GetChipFamily)
                  00002090    00000048                   : ddi.obj (.text:NOROM_DDI16BitfieldWrite)
                  000020d8    00000044     boot.aem3 : boot.oem3 (.text)
                  0000211c    00000044     rtsv7M3_T_le_eabi.lib : exit.obj (.text)
                  00002160    00000040     driverlib.lib : ddi.obj (.text:NOROM_DDI16BitfieldRead)
                  000021a0    00000040                   : interrupt.obj (.text:NOROM_IntPendClear)
                  000021e0    00000030                   : aon_event.obj (.text:NOROM_AONEventMcuWakeUpSet)
                  00002210    00000030                   : setup.obj (.text:SetAonRtcSubSecInc)
                  00002240    0000002c                   : setup.obj (.text:GetTrimForRadcExtCfg)
                  0000226c    0000002c                   : ddi.obj (.text:NOROM_DDI32RegWrite)
                  00002298    00000020                   : setup.obj (.text:GetTrimForXoscHfCtl)
                  000022b8    0000001c                   : setup.obj (.text:GetTrimForAmpcompTh2)
                  000022d4    0000001c                   : osc.obj (.text:NOROM_OSCClockSourceGet)
                  000022f0    00000018                   : setup.obj (.text:GetTrimForAdcShModeEn)
                  00002308    00000018                   : setup.obj (.text:GetTrimForAdcShVbufEn)
                  00002320    00000018                   : setup.obj (.text:GetTrimForAmpcompTh1)
                  00002338    00000018                   : setup.obj (.text:GetTrimForDblrLoopFilterResetVoltage)
                  00002350    00000018                   : setup.obj (.text:GetTrimForRcOscLfIBiasTrim)
                  00002368    00000018                   : setup.obj (.text:GetTrimForRcOscLfRtuneCtuneTrim)
                  00002380    00000018                   : setup.obj (.text:GetTrimForXoscLfRegulatorAndCmirrwrRatio)
                  00002398    00000018                   : aon_rtc.obj (.text:NOROM_AONRTCCurrentCompareValueGet)
                  000023b0    00000018     rtsv7M3_T_le_eabi.lib : args_main.obj (.text)
                  000023c8    00000018                           : ll_mul_t2.obj (.text)
                  000023e0    00000014     driverlib.lib : aon_rtc.obj (.text:NOROM_AONRTCCurrent64BitValueGet)
                  000023f4    00000014                   : chipinfo.obj (.text:NOROM_ThisCodeIsBuiltForCC26xxHwRev22AndLater_HaltIfViolated)
                  00002408    00000014     rtsv7M3_T_le_eabi.lib : _lock.obj (.text)
                  0000241c    00000010     driverlib.lib : setup.obj (.text:GetTrimForXoscHfFastStart)
                  0000242c    00000010                   : setup.obj (.text:GetTrimForXoscHfIbiastherm)
                  0000243c    0000000e                   : setup.obj (.text:SignExtendVddrTrimValue)
                  0000244a    0000000c                   : cpu.obj (.text:NOROM_CPUcpsid)
                  00002456    0000000c                   : cpu.obj (.text:NOROM_CPUcpsie)
                  00002462    00000006     mangled_BIOS_rom.obj (.text:__xdc__init)
                  00002468    00000002     CC26xx_r2.obj (.text:smallErrorPolicy)
                  0000246a    00000002     --HOLE-- [fill = 0]
                  0000246c    00000008     mangled_BIOS_rom.obj (.tramp.xdc_runtime_System_exit__E.1)
                  00002474    00000008     CC26xx_r2.obj (.tramp.memcpy.1)
                  0000247c    00000008     mangled_BIOS_rom.obj (.tramp.ti_sysbios_knl_Clock_start__E.1)
                  00002484    00000008     mangled_BIOS_rom.obj (.tramp.ti_sysbios_knl_Semaphore_post__E.1)
                  0000248c    00000008     mangled_BIOS_rom.obj (.tramp.ti_sysbios_knl_Semaphore_pend__E.1)
                  00002494    00000008     mangled_BIOS_rom.obj (.tramp.ti_sysbios_knl_Event_post__E.1)
                  0000249c    00000008     mangled_BIOS_rom.obj (.tramp.ti_sysbios_knl_Event_pend__E.1)
                  000024a4    00000008     mangled_BIOS_rom.obj (.tramp.ti_sysbios_knl_Swi_construct.1)
                  000024ac    00000008     mangled_BIOS_rom.obj (.tramp.ti_sysbios_family_arm_m3_Hwi_construct.1)
                  000024b4    00000008     mangled_BIOS_rom.obj (.tramp.ti_sysbios_knl_Clock_construct.1)
                  000024bc    00000008     mangled_BIOS_rom.obj (.tramp.ti_sysbios_knl_Event_construct.1)
                  000024c4    00000008     mangled_BIOS_rom.obj (.tramp.ti_sysbios_knl_Semaphore_construct.1)
                  000024cc    00000008     mangled_BIOS_rom.obj (.tramp.ti_sysbios_knl_Task_construct.1)
                  000024d4    00000008     mangled_BIOS_rom.obj (.tramp.ti_sysbios_knl_Swi_create.1)
                  000024dc    00000008     mangled_BIOS_rom.obj (.tramp.ti_sysbios_family_arm_m3_Hwi_create.1)
                  000024e4    00000008     mangled_BIOS_rom.obj (.tramp.ti_sysbios_knl_Clock_create.1)
                  000024ec    00000008     mangled_BIOS_rom.obj (.tramp.ti_sysbios_knl_Event_create.1)
                  000024f4    00000008     mangled_BIOS_rom.obj (.tramp.ti_sysbios_knl_Semaphore_create.1)
                  000024fc    00000008     mangled_BIOS_rom.obj (.tramp.ti_sysbios_knl_Task_create.1)
                  00002504    00000008     mangled_BIOS_rom.obj (.tramp.ti_sysbios_knl_Swi_Params__init__S.1)
                  0000250c    00000008     mangled_BIOS_rom.obj (.tramp.ti_sysbios_family_arm_m3_Hwi_Params__init__S.1)
                  00002514    00000008     mangled_BIOS_rom.obj (.tramp.ti_sysbios_knl_Event_Params__init__S.1)
                  0000251c    00000008     mangled_BIOS_rom.obj (.tramp.ti_sysbios_knl_Semaphore_Params__init__S.1)
                  00002524    00000008     mangled_BIOS_rom.obj (.tramp.ti_sysbios_knl_Clock_Params__init__S.1)
                  0000252c    00000008     mangled_BIOS_rom.obj (.tramp.ti_sysbios_knl_Task_Params__init__S.1)
                  00002534    00000008     mangled_BIOS_rom.obj (.tramp.ti_sysbios_BIOS_start__E.1)

.const     0    00002a9c    00000088     
                  00002a9c    00000048     CC26xx_r2_pem3.obj (.const:.string)
                  00002ae4    00000024     CC26xx_r2_pem3.obj (.const:xdc_runtime_Startup_sfxnTab__A)
                  00002b08    00000012     CC26xx_r2_pem3.obj (.const:xdc_runtime_Startup_sfxnRts__A)
                  00002b1a    00000001     CC26xx_r2_pem3.obj (.const:xdc_runtime_Text_charTab__A)
                  00002b1b    00000001     --HOLE-- [fill = 0]
                  00002b1c    00000008     CC26xx_r2_pem3.obj (.const:xdc_runtime_Startup_firstFxns__A)

.cinit     0    00001700    00000000     UNINITIALIZED

.init_array 
*          0    00001700    00000000     UNINITIALIZED

.ccfg      0    0001ffa8    00000058     
                  0001ffa8    00000058     CC26xx_r2_pem3.obj (.ccfg:retain)

.bss       0    20000600    00000908     UNINITIALIZED
                  20000600    00000800     CC26xx_r2_pem3.obj (.bss:taskStackSection)
                  20000e00    000000c8     CC26xx_r2_pem3.obj (.bss:ti_sysbios_family_arm_m3_Hwi_dispatchTable)
                  20000ec8    00000040     CC26xx_r2_pem3.obj (.bss:ti_sysbios_heaps_HeapMem_Instance_State_0_buf__A)

.data      0    20000f08    00000300     
                  20000f08    000000f0     CC26xx_r2_pem3.obj (.data)
                  20000ff8    00000080     CC26xx_r2_pem3.obj (.data:ti_sysbios_knl_Swi_Module_State_0_readyQ__A)
                  20001078    00000080     CC26xx_r2_pem3.obj (.data:ti_sysbios_knl_Task_Module_State_0_readyQ__A)
                  200010f8    0000004c     CC26xx_r2_pem3.obj (.data:ti_sysbios_knl_Task_Object__table__V)
                  20001144    00000004     rtsv7M3_T_le_eabi.lib : stkdepth_vars.obj (.data)
                  20001148    00000048     CC26xx_r2_pem3.obj (.data:ti_sysbios_family_arm_cc26xx_Timer_Object__table__V)
                  20001190    00000038     CC26xx_r2_pem3.obj (.data:ti_sysbios_gates_GateMutex_Object__table__V)
                  200011c8    00000030     CC26xx_r2_pem3.obj (.data:ti_sysbios_knl_Swi_Object__table__V)
                  200011f8    00000008     rtsv7M3_T_le_eabi.lib : _lock.obj (.data)
                  20001200    00000008                           : exit.obj (.data)

.stack     0    20004000    00001000     UNINITIALIZED
                  20004000    00001000     --HOLE--

.bootVecs 
*          0    00000000    00000008     DSECT
                  00000000    00000008     boot.aem3 : boot.oem3 (.bootVecs)

.resetVecs 
*          0    00000000    0000003c     
                  00000000    0000003c     CC26xx_r2_pem3.obj (.resetVecs)

.sysbios_rom_const 
*          0    00001000    00000295     
                  00001000    00000028     CC26xx_r2_pem3.obj (.const:ti_sysbios_heaps_HeapMem_Module__FXNS__C)
                  00001028    00000024     CC26xx_r2_pem3.obj (.const:ti_sysbios_gates_GateHwi_Module__FXNS__C)
                  0000104c    00000024     CC26xx_r2_pem3.obj (.const:ti_sysbios_gates_GateMutex_Module__FXNS__C)
                  00001070    00000020     CC26xx_r2_pem3.obj (.const:ti_sysbios_family_arm_m3_Hwi_Object__DESC__C)
                  00001090    00000020     CC26xx_r2_pem3.obj (.const:ti_sysbios_gates_GateHwi_Object__DESC__C)
                  000010b0    00000020     CC26xx_r2_pem3.obj (.const:ti_sysbios_gates_GateMutex_Object__DESC__C)
                  000010d0    00000020     CC26xx_r2_pem3.obj (.const:ti_sysbios_hal_Hwi_Object__DESC__C)
                  000010f0    00000020     CC26xx_r2_pem3.obj (.const:ti_sysbios_heaps_HeapMem_Object__DESC__C)
                  00001110    00000020     CC26xx_r2_pem3.obj (.const:ti_sysbios_knl_Clock_Object__DESC__C)
                  00001130    00000020     CC26xx_r2_pem3.obj (.const:ti_sysbios_knl_Event_Object__DESC__C)
                  00001150    00000020     CC26xx_r2_pem3.obj (.const:ti_sysbios_knl_Mailbox_Object__DESC__C)
                  00001170    00000020     CC26xx_r2_pem3.obj (.const:ti_sysbios_knl_Queue_Object__DESC__C)
                  00001190    00000020     CC26xx_r2_pem3.obj (.const:ti_sysbios_knl_Semaphore_Object__DESC__C)
                  000011b0    00000020     CC26xx_r2_pem3.obj (.const:ti_sysbios_knl_Swi_Object__DESC__C)
                  000011d0    00000020     CC26xx_r2_pem3.obj (.const:ti_sysbios_knl_Task_Object__DESC__C)
                  000011f0    00000008     CC26xx_r2_pem3.obj (.const:ti_sysbios_knl_Idle_funcList__C)
                  000011f8    00000004     CC26xx_r2_pem3.obj (.const:ti_sysbios_BIOS_E_startupNotDone__C)
                  000011fc    00000004     CC26xx_r2_pem3.obj (.const:ti_sysbios_family_arm_cc26xx_Timer_startupNeeded__C)
                  00001200    00000004     CC26xx_r2_pem3.obj (.const:ti_sysbios_family_arm_m3_Hwi_E_alreadyDefined__C)
                  00001204    00000004     CC26xx_r2_pem3.obj (.const:ti_sysbios_family_arm_m3_Hwi_E_hwiLimitExceeded__C)
                  00001208    00000004     CC26xx_r2_pem3.obj (.const:ti_sysbios_family_arm_m3_Hwi_NUM_INTERRUPTS__C)
                  0000120c    00000004     CC26xx_r2_pem3.obj (.const:ti_sysbios_family_arm_m3_Hwi_Object__count__C)
                  00001210    00000004     CC26xx_r2_pem3.obj (.const:ti_sysbios_family_arm_m3_Hwi_Object__table__C)
                  00001214    00000004     CC26xx_r2_pem3.obj (.const:ti_sysbios_family_arm_m3_Hwi_ccr__C)
                  00001218    00000004     CC26xx_r2_pem3.obj (.const:ti_sysbios_family_arm_m3_Hwi_excHandlerFunc__C)
                  0000121c    00000004     CC26xx_r2_pem3.obj (.const:ti_sysbios_family_arm_m3_Hwi_nullIsrFunc__C)
                  00001220    00000004     CC26xx_r2_pem3.obj (.const:ti_sysbios_family_arm_m3_Hwi_numSparseInterrupts__C)
                  00001224    00000004     CC26xx_r2_pem3.obj (.const:ti_sysbios_family_arm_m3_Hwi_priGroup__C)
                  00001228    00000004     CC26xx_r2_pem3.obj (.const:ti_sysbios_family_arm_m3_TaskSupport_stackAlignment__C)
                  0000122c    00000004     CC26xx_r2_pem3.obj (.const:ti_sysbios_heaps_HeapMem_E_memory__C)
                  00001230    00000004     CC26xx_r2_pem3.obj (.const:ti_sysbios_heaps_HeapMem_Module__gateObj__C)
                  00001234    00000004     CC26xx_r2_pem3.obj (.const:ti_sysbios_heaps_HeapMem_Object__count__C)
                  00001238    00000004     CC26xx_r2_pem3.obj (.const:ti_sysbios_heaps_HeapMem_Object__table__C)
                  0000123c    00000004     CC26xx_r2_pem3.obj (.const:ti_sysbios_heaps_HeapMem_reqAlign__C)
                  00001240    00000004     CC26xx_r2_pem3.obj (.const:ti_sysbios_knl_Clock_triggerClock__C)
                  00001244    00000004     CC26xx_r2_pem3.obj (.const:ti_sysbios_knl_Mailbox_Object__count__C)
                  00001248    00000004     CC26xx_r2_pem3.obj (.const:ti_sysbios_knl_Mailbox_Object__table__C)
                  0000124c    00000004     CC26xx_r2_pem3.obj (.const:ti_sysbios_knl_Mailbox_maxTypeAlign__C)
                  00001250    00000004     CC26xx_r2_pem3.obj (.const:ti_sysbios_knl_Queue_Object__count__C)
                  00001254    00000004     CC26xx_r2_pem3.obj (.const:ti_sysbios_knl_Queue_Object__table__C)
                  00001258    00000004     CC26xx_r2_pem3.obj (.const:ti_sysbios_knl_Semaphore_eventPost__C)
                  0000125c    00000004     CC26xx_r2_pem3.obj (.const:ti_sysbios_knl_Semaphore_eventSync__C)
                  00001260    00000004     CC26xx_r2_pem3.obj (.const:ti_sysbios_knl_Swi_Object__count__C)
                  00001264    00000004     CC26xx_r2_pem3.obj (.const:ti_sysbios_knl_Swi_Object__table__C)
                  00001268    00000004     CC26xx_r2_pem3.obj (.const:ti_sysbios_knl_Swi_numPriorities__C)
                  0000126c    00000004     CC26xx_r2_pem3.obj (.const:ti_sysbios_knl_Task_Object__count__C)
                  00001270    00000004     CC26xx_r2_pem3.obj (.const:ti_sysbios_knl_Task_Object__table__C)
                  00001274    00000004     CC26xx_r2_pem3.obj (.const:ti_sysbios_knl_Task_allBlockedFunc__C)
                  00001278    00000004     CC26xx_r2_pem3.obj (.const:ti_sysbios_knl_Task_defaultStackHeap__C)
                  0000127c    00000004     CC26xx_r2_pem3.obj (.const:ti_sysbios_knl_Task_defaultStackSize__C)
                  00001280    00000004     CC26xx_r2_pem3.obj (.const:ti_sysbios_knl_Task_numConstructedTasks__C)
                  00001284    00000002     CC26xx_r2_pem3.obj (.const:ti_sysbios_BIOS_Module__id__C)
                  00001286    00000002     CC26xx_r2_pem3.obj (.const:ti_sysbios_family_arm_cc26xx_Timer_Module__id__C)
                  00001288    00000002     CC26xx_r2_pem3.obj (.const:ti_sysbios_family_arm_cc26xx_TimestampProvider_useClockTimer__C)
                  0000128a    00000002     CC26xx_r2_pem3.obj (.const:ti_sysbios_family_arm_m3_Hwi_Module__id__C)
                  0000128c    00000002     CC26xx_r2_pem3.obj (.const:ti_sysbios_gates_GateHwi_Module__id__C)
                  0000128e    00000002     CC26xx_r2_pem3.obj (.const:ti_sysbios_gates_GateMutex_Module__id__C)
                  00001290    00000002     CC26xx_r2_pem3.obj (.const:ti_sysbios_heaps_HeapMem_Module__id__C)
                  00001292    00000002     CC26xx_r2_pem3.obj (.const:ti_sysbios_knl_Task_initStackFlag__C)
                  00001294    00000001     CC26xx_r2_pem3.obj (.const:ti_sysbios_knl_Clock_tickMode__C)

.sysbios_rom_const 
*          0    00001298    00000071     
                  00001298    00000008     CC26xx_r2_pem3.obj (.const:xdc_runtime_Startup_firstFxns__C)
                  000012a0    00000008     CC26xx_r2_pem3.obj (.const:xdc_runtime_Startup_lastFxns__C)
                  000012a8    00000004     CC26xx_r2_pem3.obj (.const:xdc_runtime_Assert_E_assertFailed__C)
                  000012ac    00000004     CC26xx_r2_pem3.obj (.const:xdc_runtime_Error_E_memory__C)
                  000012b0    00000004     CC26xx_r2_pem3.obj (.const:xdc_runtime_Error_policyFxn__C)
                  000012b4    00000004     CC26xx_r2_pem3.obj (.const:xdc_runtime_Error_raiseHook__C)
                  000012b8    00000004     CC26xx_r2_pem3.obj (.const:xdc_runtime_IGateProvider_Interface__BASE__C)
                  000012bc    00000004     CC26xx_r2_pem3.obj (.const:xdc_runtime_IHeap_Interface__BASE__C)
                  000012c0    00000004     CC26xx_r2_pem3.obj (.const:xdc_runtime_IModule_Interface__BASE__C)
                  000012c4    00000004     CC26xx_r2_pem3.obj (.const:xdc_runtime_Memory_defaultHeapInstance__C)
                  000012c8    00000004     CC26xx_r2_pem3.obj (.const:xdc_runtime_Startup_execImpl__C)
                  000012cc    00000004     CC26xx_r2_pem3.obj (.const:xdc_runtime_Startup_maxPasses__C)
                  000012d0    00000004     CC26xx_r2_pem3.obj (.const:xdc_runtime_Startup_sfxnRts__C)
                  000012d4    00000004     CC26xx_r2_pem3.obj (.const:xdc_runtime_Startup_sfxnTab__C)
                  000012d8    00000004     CC26xx_r2_pem3.obj (.const:xdc_runtime_Startup_startModsFxn__C)
                  000012dc    00000004     CC26xx_r2_pem3.obj (.const:xdc_runtime_SysCallback_abortFxn__C)
                  000012e0    00000004     CC26xx_r2_pem3.obj (.const:xdc_runtime_SysCallback_exitFxn__C)
                  000012e4    00000004     CC26xx_r2_pem3.obj (.const:xdc_runtime_System_abortFxn__C)
                  000012e8    00000004     CC26xx_r2_pem3.obj (.const:xdc_runtime_System_exitFxn__C)
                  000012ec    00000004     CC26xx_r2_pem3.obj (.const:xdc_runtime_System_maxAtexitHandlers__C)
                  000012f0    00000004     CC26xx_r2_pem3.obj (.const:xdc_runtime_Text_charTab__C)
                  000012f4    00000004     CC26xx_r2_pem3.obj (.const:xdc_runtime_Text_nameEmpty__C)
                  000012f8    00000004     CC26xx_r2_pem3.obj (.const:xdc_runtime_Text_nameStatic__C)
                  000012fc    00000004     CC26xx_r2_pem3.obj (.const:xdc_runtime_Text_nameUnknown__C)
                  00001300    00000002     CC26xx_r2_pem3.obj (.const:xdc_runtime_Error_maxDepth__C)
                  00001302    00000002     CC26xx_r2_pem3.obj (.const:xdc_runtime_Memory_Module__id__C)
                  00001304    00000002     CC26xx_r2_pem3.obj (.const:xdc_runtime_Text_charCnt__C)
                  00001306    00000002     CC26xx_r2_pem3.obj (.const:xdc_runtime_Text_isLoaded__C)
                  00001308    00000001     CC26xx_r2_pem3.obj (.const:xdc_runtime_Error_policy__C)

.sysbios_rom_const 
*          0    0000130c    0000002c     
                  0000130c    00000004     CC26xx_r2_pem3.obj (.const:ti_sysbios_rom_ROM_ti_sysbios_family_arm_cc26xx_Timer_getCount64__E)
                  00001310    00000004     CC26xx_r2_pem3.obj (.const:ti_sysbios_rom_ROM_ti_sysbios_family_arm_cc26xx_Timer_getCurrentTick__E)
                  00001314    00000004     CC26xx_r2_pem3.obj (.const:ti_sysbios_rom_ROM_ti_sysbios_family_arm_cc26xx_Timer_getMaxTicks__E)
                  00001318    00000004     CC26xx_r2_pem3.obj (.const:ti_sysbios_rom_ROM_ti_sysbios_family_arm_cc26xx_Timer_initDevice__I)
                  0000131c    00000004     CC26xx_r2_pem3.obj (.const:ti_sysbios_rom_ROM_ti_sysbios_family_arm_cc26xx_Timer_setNextTick__E)
                  00001320    00000004     CC26xx_r2_pem3.obj (.const:ti_sysbios_rom_ROM_ti_sysbios_family_arm_cc26xx_Timer_setThreshold__I)
                  00001324    00000004     CC26xx_r2_pem3.obj (.const:ti_sysbios_rom_ROM_ti_sysbios_family_arm_cc26xx_Timer_start__E)
                  00001328    00000004     CC26xx_r2_pem3.obj (.const:ti_sysbios_rom_ROM_ti_sysbios_family_arm_cc26xx_TimestampProvider_get32__E)
                  0000132c    00000004     CC26xx_r2_pem3.obj (.const:ti_sysbios_rom_ROM_xdc_runtime_Startup_getState__I)
                  00001330    00000004     CC26xx_r2_pem3.obj (.const:ti_sysbios_rom_ROM_xdc_runtime_System_SupportProxy_abort__E)
                  00001334    00000004     CC26xx_r2_pem3.obj (.const:ti_sysbios_rom_ROM_xdc_runtime_System_SupportProxy_exit__E)

.bigc_text 
*          0    0000253c    0000031c     
                  0000253c    0000008c     CC26xx_r2_pem3.obj (.text:xdc_runtime_Startup_getState__I)
                  000025c8    00000030     CC26xx_r2_pem3.obj (.text:ti_sysbios_BIOS_atExitFunc__I)
                  000025f8    00000030     CC26xx_r2_pem3.obj (.text:ti_sysbios_BIOS_rtsLock__I)
                  00002628    0000002c     CC26xx_r2_pem3.obj (.text:ti_sysbios_BIOS_rtsUnlock__I)
                  00002654    00000024     CC26xx_r2_pem3.obj (.text:ti_sysbios_BIOS_registerRTSLock__I)
                  00002678    00000024     CC26xx_r2_pem3.obj (.text:ti_sysbios_BIOS_startFunc__I)
                  0000269c    00000020     CC26xx_r2_pem3.obj (.text:ti_sysbios_BIOS_errorRaiseHook__I)
                  000026bc    00000020     CC26xx_r2_pem3.obj (.text:ti_sysbios_BIOS_removeRTSLock__I)
                  000026dc    0000001c     CC26xx_r2_pem3.obj (.text:ti_sysbios_rom_cortexm_cc26xx_r2_CC26xx_r2_checkRevision__E)
                  000026f8    00000018     CC26xx_r2_pem3.obj (.text:ti_sysbios_knl_Clock_doTick__I)
                  00002710    00000018     CC26xx_r2_pem3.obj (.text:xdc_runtime_Startup_exec__I)
                  00002728    00000016     CC26xx_r2_pem3.obj (.text:ti_sysbios_BIOS_exitFunc__I)
                  0000273e    00000002     CC26xx_r2_pem3.obj (.text:ti_sysbios_BIOS_nullFunc__I)
                  00002740    0000000c     CC26xx_r2_pem3.obj (.text:ti_sysbios_family_arm_cc26xx_Timer_dynamicStub__E)
                  0000274c    0000000c     CC26xx_r2_pem3.obj (.text:ti_sysbios_family_arm_cc26xx_Timer_getCount64__E)
                  00002758    0000000c     CC26xx_r2_pem3.obj (.text:ti_sysbios_family_arm_cc26xx_Timer_getCurrentTick__E)
                  00002764    0000000c     CC26xx_r2_pem3.obj (.text:ti_sysbios_family_arm_cc26xx_Timer_getMaxTicks__E)
                  00002770    0000000c     CC26xx_r2_pem3.obj (.text:ti_sysbios_family_arm_cc26xx_Timer_initDevice__I)
                  0000277c    0000000c     CC26xx_r2_pem3.obj (.text:ti_sysbios_family_arm_cc26xx_Timer_setNextTick__E)
                  00002788    0000000c     CC26xx_r2_pem3.obj (.text:ti_sysbios_family_arm_cc26xx_Timer_setThreshold__I)
                  00002794    0000000c     CC26xx_r2_pem3.obj (.text:ti_sysbios_family_arm_cc26xx_Timer_start__E)
                  000027a0    0000000c     CC26xx_r2_pem3.obj (.text:ti_sysbios_family_arm_cc26xx_TimestampProvider_get32__E)
                  000027ac    0000000c     CC26xx_r2_pem3.obj (.text:ti_sysbios_knl_Clock_workFuncDynamic__E)
                  000027b8    0000000c     CC26xx_r2_pem3.obj (.text:xdc_runtime_Startup_reset__I)
                  000027c4    0000000c     CC26xx_r2_pem3.obj (.text:xdc_runtime_System_SupportProxy_abort__E)
                  000027d0    0000000c     CC26xx_r2_pem3.obj (.text:xdc_runtime_System_SupportProxy_exit__E)
                  000027dc    00000002     CC26xx_r2_pem3.obj (.text:ti_sysbios_rom_cortexm_cc26xx_r2_CC26xx_r2_badRomRevision__E)
                  000027de    00000002     --HOLE-- [fill = 0]
                  000027e0    00000008     mangled_BIOS_rom.obj (.tramp.xdc_runtime_SysCallback_exit__E.1)
                  000027e8    00000008     mangled_BIOS_rom.obj (.tramp.xdc_runtime_SysCallback_abort__E.1)
                  000027f0    00000008     mangled_BIOS_rom.obj (.tramp.xdc_runtime_System_exit__E.2)
                  000027f8    00000008     mangled_BIOS_rom.obj (.tramp.ti_sysbios_knl_Swi_post__E.1)
                  00002800    00000008     mangled_BIOS_rom.obj (.tramp.ti_sysbios_knl_Clock_logTick__E.1)
                  00002808    00000008     mangled_BIOS_rom.obj (.tramp.ti_sysbios_knl_Task_startup__E.1)
                  00002810    00000008     mangled_BIOS_rom.obj (.tramp.ti_sysbios_knl_Swi_startup__E.1)
                  00002818    00000008     mangled_BIOS_rom.obj (.tramp.ti_sysbios_hal_Hwi_startup__E.1)
                  00002820    00000008     mangled_BIOS_rom.obj (.tramp.ti_sysbios_family_arm_cc26xx_Timer_startup__E.1)
                  00002828    00000008     mangled_BIOS_rom.obj (.tramp.xdc_runtime_System_atexit__E.1)
                  00002830    00000008     mangled_BIOS_rom.obj (.tramp.ti_sysbios_BIOS_RtsGateProxy_leave__E.1)
                  00002838    00000008     mangled_BIOS_rom.obj (.tramp.ti_sysbios_BIOS_RtsGateProxy_enter__E.1)
                  00002840    00000008     mangled_BIOS_rom.obj (.tramp.ti_sysbios_BIOS_setThreadType__E.1)
                  00002848    00000008     mangled_BIOS_rom.obj (.tramp.ti_sysbios_knl_Task_disable__E.1)
                  00002850    00000008     mangled_BIOS_rom.obj (.tramp.ti_sysbios_knl_Swi_disable__E.1)

.mangled_apis_text 
*          0    00002858    00000244     
                  00002858    00000098     mangled_BIOS_rom.obj (.text:ti_sysbios_knl_Clock_workFuncDynamic__E__mangled__)
                  000028f0    00000058     mangled_BIOS_rom.obj (.text:ti_sysbios_family_arm_cc26xx_Timer_start__E__mangled__)
                  00002948    00000040     mangled_BIOS_rom.obj (.text:ti_sysbios_family_arm_cc26xx_Timer_getCurrentTick__E__mangled__)
                  00002988    00000040     mangled_BIOS_rom.obj (.text:ti_sysbios_family_arm_cc26xx_Timer_setNextTick__E__mangled__)
                  000029c8    00000030     mangled_BIOS_rom.obj (.text:ti_sysbios_family_arm_cc26xx_Timer_setThreshold__I__mangled__)
                  000029f8    00000028     mangled_BIOS_rom.obj (.text:ti_sysbios_family_arm_cc26xx_Timer_getMaxTicks__E__mangled__)
                  00002a20    00000028     mangled_BIOS_rom.obj (.text:ti_sysbios_family_arm_cc26xx_Timer_initDevice__I__mangled__)
                  00002a48    0000001c     mangled_BIOS_rom.obj (.text:ti_sysbios_family_arm_cc26xx_Timer_dynamicStub__E__mangled__)
                  00002a64    0000001c     mangled_BIOS_rom.obj (.text:ti_sysbios_family_arm_cc26xx_TimestampProvider_get32__E__mangled__)
                  00002a80    00000004     mangled_BIOS_rom.obj (.text:ti_sysbios_family_arm_cc26xx_Timer_getCount64__E__mangled__)
                  00002a84    00000008     mangled_BIOS_rom.obj (.tramp.ti_sysbios_knl_Clock_scheduleNextTick__E.1)
                  00002a8c    00000008     mangled_BIOS_rom.obj (.tramp.ti_sysbios_knl_Clock_walkQueueDynamic__E.1)
                  00002a94    00000008     mangled_BIOS_rom.obj (.tramp.ti_sysbios_knl_Clock_TimerProxy_getCurrentTick__E.1)

.sysbios_rom_text 
*          0    10019b00    00000004     
                  10019b00    00000004     CC26xx_r2_pem3.obj (.const:ti_sysbios_rom_cortexm_cc26xx_r2_CC26xx_r2_REVISION__C)

.sysbios_rom_text 
*          0    10019b04    00002630     
                  10019b04    000000f4     mangled_BIOS_rom.obj (.text:ti_sysbios_knl_Semaphore_pend__E)
                  10019bf8    000000e8     mangled_BIOS_rom.obj (.text:ti_sysbios_knl_Event_pend__E)
                  10019ce0    000000cc     mangled_BIOS_rom.obj (.text:ti_sysbios_knl_Task_Instance_init__E)
                  10019dac    000000c8     mangled_BIOS_rom.obj (.text:ti_sysbios_knl_Mailbox_Instance_init__E)
                  10019e74    000000c4     mangled_BIOS_rom.obj (.text:ti_sysbios_heaps_HeapMem_alloc__E)
                  10019f38    000000b0     mangled_BIOS_rom.obj (.text:ti_sysbios_family_arm_m3_Hwi_postInit__I)
                  10019fe8    0000009c     mangled_BIOS_rom.obj (.text:ti_sysbios_family_arm_cc26xx_Timer_periodicStub__E)
                  1001a084    00000098     mangled_BIOS_rom.obj (.text:ti_sysbios_family_arm_m3_Hwi_Instance_init__E)
                  1001a11c    00000094     mangled_BIOS_rom.obj (.text:ti_sysbios_knl_Task_Instance_finalize__E)
                  1001a1b0    00000084     mangled_BIOS_rom.obj (.text:ti_sysbios_knl_Mailbox_post__E)
                  1001a234    00000080     mangled_BIOS_rom.obj (.text:ti_sysbios_family_arm_m3_Hwi_initNVIC__E)
                  1001a2b4    00000080     mangled_BIOS_rom.obj (.text:ti_sysbios_knl_Clock_startI__E)
                  1001a334    00000080     mangled_BIOS_rom.obj (.text:ti_sysbios_knl_Task_postInit__I)
                  1001a3b4    00000078     mangled_BIOS_rom.obj (.text:ti_sysbios_heaps_HeapMem_free__E)
                  1001a42c    00000078     mangled_BIOS_rom.obj (.text:ti_sysbios_knl_Clock_walkQueueDynamic__E)
                  1001a4a4    00000078     mangled_BIOS_rom.obj (.text:ti_sysbios_knl_Clock_workFunc__E)
                  1001a51c    00000074     mangled_BIOS_rom.obj (.text:ti_sysbios_knl_Semaphore_post__E)
                  1001a590    00000070     mangled_BIOS_rom.obj (.text:ti_sysbios_knl_Event_post__E)
                  1001a600    00000070     mangled_BIOS_rom.obj (.text:ti_sysbios_knl_Mailbox_Instance_finalize__E)
                  1001a670    00000070     mangled_BIOS_rom.obj (.text:ti_sysbios_knl_Mailbox_pend__E)
                  1001a6e0    00000070     mangled_BIOS_rom.obj (.text:ti_sysbios_knl_Task_sleep__E)
                  1001a750    00000068     mangled_BIOS_rom.obj (.text:ti_sysbios_knl_Semaphore_Instance_init__E)
                  1001a7b8    00000068     mangled_BIOS_rom.obj (.text:ti_sysbios_knl_Swi_restoreHwi__E)
                  1001a820    00000064     mangled_BIOS_rom.obj (.text:ti_sysbios_family_arm_m3_Hwi_Object__create__S)
                  1001a884    00000064     mangled_BIOS_rom.obj (.text:ti_sysbios_family_arm_m3_Hwi_dispatchC__I)
                  1001a8e8    00000064     mangled_BIOS_rom.obj (.text:ti_sysbios_hal_Hwi_create)
                  1001a94c    00000060     mangled_BIOS_rom.obj (.text:ti_sysbios_family_arm_m3_Hwi_create)
                  1001a9ac    00000060     mangled_BIOS_rom.obj (.text:ti_sysbios_knl_Mailbox_create)
                  1001aa0c    00000060     mangled_BIOS_rom.obj (.text:ti_sysbios_knl_Swi_Instance_init__E)
                  1001aa6c    0000005c     mangled_BIOS_rom.obj (.text:ti_sysbios_family_arm_m3_Hwi_Instance_finalize__E)
                  1001aac8    0000005c     mangled_BIOS_rom.obj (.text:ti_sysbios_knl_Task_Module_startup__E)
                  1001ab24    0000005c     mangled_BIOS_rom.obj (.text:ti_sysbios_knl_Task_startCore__E)
                  1001ab80    00000058     mangled_BIOS_rom.obj (.text:ti_sysbios_family_arm_m3_Hwi_construct)
                  1001abd8    00000058     mangled_BIOS_rom.obj (.text:ti_sysbios_knl_Mailbox_construct)
                  1001ac30    00000058     mangled_BIOS_rom.obj (.text:ti_sysbios_knl_Swi_create)
                  1001ac88    00000058     mangled_BIOS_rom.obj (.text:ti_sysbios_knl_Swi_run__I)
                  1001ace0    00000058     mangled_BIOS_rom.obj (.text:ti_sysbios_knl_Task_create)
                  1001ad38    00000054     mangled_BIOS_rom.obj (.text:ti_sysbios_knl_Swi_schedule__I)
                  1001ad8c    00000050     mangled_BIOS_rom.obj (.text:ti_sysbios_knl_Swi_construct)
                  1001addc    00000050     mangled_BIOS_rom.obj (.text:ti_sysbios_knl_Swi_runLoop__I)
                  1001ae2c    00000050     mangled_BIOS_rom.obj (.text:ti_sysbios_knl_Task_construct)
                  1001ae7c    0000004c     mangled_BIOS_rom.obj (.text:ti_sysbios_knl_Task_schedule__I)
                  1001aec8    00000048     mangled_BIOS_rom.obj (.text:ti_sysbios_family_arm_m3_Hwi_Module_startup__E)
                  1001af10    00000048     mangled_BIOS_rom.obj (.text:ti_sysbios_heaps_HeapMem_getStats__E)
                  1001af58    00000044     mangled_BIOS_rom.obj (.text:ti_sysbios_family_arm_m3_Hwi_disableInterrupt__E)
                  1001af9c    00000044     mangled_BIOS_rom.obj (.text:ti_sysbios_family_arm_m3_Hwi_enableInterrupt__E)
                  1001afe0    00000044     mangled_BIOS_rom.obj (.text:ti_sysbios_knl_Mailbox_Module_startup__E)
                  1001b024    00000044     mangled_BIOS_rom.obj (.text:ti_sysbios_knl_Swi_post__E)
                  1001b068    00000044     mangled_BIOS_rom.obj (.text:ti_sysbios_knl_Task_allBlockedFunction__I)
                  1001b0ac    00000040     mangled_BIOS_rom.obj (.text:ti_sysbios_family_arm_m3_Hwi_getStackInfo__E)
                  1001b0ec    00000040     mangled_BIOS_rom.obj (.text:ti_sysbios_knl_Task_yield__E)
                  1001b12c    0000003a     mangled_BIOS_rom.obj (.text:ti_sysbios_knl_Task_exit__E)
                  1001b166    00000002     mangled_BIOS_rom.obj (.text:ti_sysbios_gates_GateHwi_Instance_init__E)
                  1001b168    00000038     mangled_BIOS_rom.obj (.text:ti_sysbios_BIOS_start__E)
                  1001b1a0    00000038     mangled_BIOS_rom.obj (.text:ti_sysbios_family_arm_m3_TaskSupport_start__E)
                  1001b1d8    00000038     mangled_BIOS_rom.obj (.text:ti_sysbios_heaps_HeapMem_Instance_init__E)
                  1001b210    00000038     mangled_BIOS_rom.obj (.text:ti_sysbios_knl_Clock_Instance_init__E)
                  1001b248    00000038     mangled_BIOS_rom.obj (.text:ti_sysbios_knl_Clock_create)
                  1001b280    00000034     mangled_BIOS_rom.obj (.text:ti_sysbios_heaps_HeapMem_init__I)
                  1001b2b4    00000034     mangled_BIOS_rom.obj (.text:ti_sysbios_knl_Clock_construct)
                  1001b2e8    00000034     mangled_BIOS_rom.obj (.text:ti_sysbios_knl_Clock_getTicks__E)
                  1001b31c    00000034     mangled_BIOS_rom.obj (.text:ti_sysbios_knl_Semaphore_create)
                  1001b350    00000034     mangled_BIOS_rom.obj (.text:ti_sysbios_knl_Swi_restore__E)
                  1001b384    00000034     mangled_BIOS_rom.obj (.text:ti_sysbios_knl_Task_blockI__E)
                  1001b3b8    00000030     mangled_BIOS_rom.obj (.text:ti_sysbios_gates_GateMutex_Object__create__S)
                  1001b3e8    00000030     mangled_BIOS_rom.obj (.text:ti_sysbios_gates_GateMutex_create)
                  1001b418    00000030     mangled_BIOS_rom.obj (.text:ti_sysbios_gates_GateMutex_enter__E)
                  1001b448    00000030     mangled_BIOS_rom.obj (.text:ti_sysbios_knl_Event_create)
                  1001b478    00000030     mangled_BIOS_rom.obj (.text:ti_sysbios_knl_Semaphore_construct)
                  1001b4a8    00000030     mangled_BIOS_rom.obj (.text:ti_sysbios_knl_Task_processVitalTaskFlag__I)
                  1001b4d8    0000002c     mangled_BIOS_rom.obj (.text:ti_sysbios_family_arm_cc26xx_Timer_postInit__I)
                  1001b504    0000002c     mangled_BIOS_rom.obj (.text:ti_sysbios_family_arm_cc26xx_Timer_startup__E)
                  1001b530    0000002c     mangled_BIOS_rom.obj (.text:ti_sysbios_family_arm_m3_Hwi_Object__get__S)
                  1001b55c    0000002c     mangled_BIOS_rom.obj (.text:ti_sysbios_gates_GateMutex_construct)
                  1001b588    0000002c     mangled_BIOS_rom.obj (.text:ti_sysbios_hal_Hwi_initStack)
                  1001b5b4    0000002c     mangled_BIOS_rom.obj (.text:ti_sysbios_heaps_HeapMem_Object__create__S)
                  1001b5e0    0000002c     mangled_BIOS_rom.obj (.text:ti_sysbios_heaps_HeapMem_Object__get__S)
                  1001b60c    0000002c     mangled_BIOS_rom.obj (.text:ti_sysbios_knl_Event_construct)
                  1001b638    0000002c     mangled_BIOS_rom.obj (.text:ti_sysbios_knl_Event_pendTimeout__I)
                  1001b664    0000002c     mangled_BIOS_rom.obj (.text:ti_sysbios_knl_Mailbox_Object__get__S)
                  1001b690    0000002c     mangled_BIOS_rom.obj (.text:ti_sysbios_knl_Mailbox_postInit__I)
                  1001b6bc    0000002c     mangled_BIOS_rom.obj (.text:ti_sysbios_knl_Queue_construct)
                  1001b6e8    0000002c     mangled_BIOS_rom.obj (.text:ti_sysbios_knl_Queue_create)
                  1001b714    0000002c     mangled_BIOS_rom.obj (.text:ti_sysbios_knl_Semaphore_pendTimeout__I)
                  1001b740    0000002c     mangled_BIOS_rom.obj (.text:ti_sysbios_knl_Swi_Object__get__S)
                  1001b76c    0000002c     mangled_BIOS_rom.obj (.text:ti_sysbios_knl_Task_unblockI__E)
                  1001b798    00000028     mangled_BIOS_rom.obj (.text:ti_sysbios_family_arm_cc26xx_TimestampProvider_get64__E)
                  1001b7c0    00000028     mangled_BIOS_rom.obj (.text:ti_sysbios_knl_Clock_addI__E)
                  1001b7e8    00000028     mangled_BIOS_rom.obj (.text:ti_sysbios_knl_Semaphore_Instance_finalize__E)
                  1001b810    00000028     mangled_BIOS_rom.obj (.text:ti_sysbios_knl_Task_restore__E)
                  1001b838    00000026     mangled_BIOS_rom.obj (.text:ti_sysbios_hal_Hwi_Instance_init__E)
                  1001b85e    00000002     mangled_BIOS_rom.obj (.text:ti_sysbios_knl_Clock_logTick__E)
                  1001b860    00000024     mangled_BIOS_rom.obj (.text:ti_sysbios_family_arm_cc26xx_Timer_Module_startup__E)
                  1001b884    00000024     mangled_BIOS_rom.obj (.text:ti_sysbios_gates_GateHwi_Object__create__S)
                  1001b8a8    00000024     mangled_BIOS_rom.obj (.text:ti_sysbios_gates_GateMutex_Object__delete__S)
                  1001b8cc    00000024     mangled_BIOS_rom.obj (.text:ti_sysbios_knl_Clock_Object__delete__S)
                  1001b8f0    00000024     mangled_BIOS_rom.obj (.text:ti_sysbios_knl_Semaphore_Object__delete__S)
                  1001b914    00000020     mangled_BIOS_rom.obj (.text:ti_sysbios_family_arm_cc26xx_Timer_Module__startupDone__S)
                  1001b934    00000020     mangled_BIOS_rom.obj (.text:ti_sysbios_family_arm_cc26xx_TimestampProvider_Module_startup__E)
                  1001b954    00000020     mangled_BIOS_rom.obj (.text:ti_sysbios_family_arm_m3_Hwi_Module__startupDone__S)
                  1001b974    00000020     mangled_BIOS_rom.obj (.text:ti_sysbios_family_arm_m3_Hwi_Object__delete__S)
                  1001b994    00000020     mangled_BIOS_rom.obj (.text:ti_sysbios_family_arm_m3_Hwi_excHandler__I)
                  1001b9b4    00000020     mangled_BIOS_rom.obj (.text:ti_sysbios_gates_GateHwi_Handle__label__S)
                  1001b9d4    00000020     mangled_BIOS_rom.obj (.text:ti_sysbios_gates_GateHwi_Object__delete__S)
                  1001b9f4    00000020     mangled_BIOS_rom.obj (.text:ti_sysbios_gates_GateMutex_Handle__label__S)
                  1001ba14    00000020     mangled_BIOS_rom.obj (.text:ti_sysbios_gates_GateMutex_Object__destruct__S)
                  1001ba34    00000020     mangled_BIOS_rom.obj (.text:ti_sysbios_hal_Hwi_Object__delete__S)
                  1001ba54    00000020     mangled_BIOS_rom.obj (.text:ti_sysbios_heaps_HeapMem_Handle__label__S)
                  1001ba74    00000020     mangled_BIOS_rom.obj (.text:ti_sysbios_heaps_HeapMem_Object__delete__S)
                  1001ba94    00000020     mangled_BIOS_rom.obj (.text:ti_sysbios_knl_Clock_Module_startup__E)
                  1001bab4    00000020     mangled_BIOS_rom.obj (.text:ti_sysbios_knl_Clock_Object__destruct__S)
                  1001bad4    00000020     mangled_BIOS_rom.obj (.text:ti_sysbios_knl_Clock_stop__E)
                  1001baf4    00000020     mangled_BIOS_rom.obj (.text:ti_sysbios_knl_Event_Object__delete__S)
                  1001bb14    00000020     mangled_BIOS_rom.obj (.text:ti_sysbios_knl_Event_checkEvents__I)
                  1001bb34    00000020     mangled_BIOS_rom.obj (.text:ti_sysbios_knl_Idle_run__E)
                  1001bb54    00000020     mangled_BIOS_rom.obj (.text:ti_sysbios_knl_Mailbox_Object__delete__S)
                  1001bb74    00000020     mangled_BIOS_rom.obj (.text:ti_sysbios_knl_Queue_Object__delete__S)
                  1001bb94    00000020     mangled_BIOS_rom.obj (.text:ti_sysbios_knl_Queue_Object__get__S)
                  1001bbb4    00000020     mangled_BIOS_rom.obj (.text:ti_sysbios_knl_Semaphore_Object__destruct__S)
                  1001bbd4    00000020     mangled_BIOS_rom.obj (.text:ti_sysbios_knl_Swi_Object__delete__S)
                  1001bbf4    00000020     mangled_BIOS_rom.obj (.text:ti_sysbios_knl_Task_Object__delete__S)
                  1001bc14    00000020     mangled_BIOS_rom.obj (.text:ti_sysbios_knl_Task_Object__get__S)
                  1001bc34    00000020     mangled_BIOS_rom.obj (.text:ti_sysbios_knl_Task_restoreHwi__E)
                  1001bc54    0000001c     mangled_BIOS_rom.obj (.text:ti_sysbios_family_arm_m3_Hwi_Object__destruct__S)
                  1001bc70    0000001c     mangled_BIOS_rom.obj (.text:ti_sysbios_family_arm_m3_Hwi_setPriority__E)
                  1001bc8c    0000001c     mangled_BIOS_rom.obj (.text:ti_sysbios_gates_GateMutex_Instance_init__E)
                  1001bca8    0000001c     mangled_BIOS_rom.obj (.text:ti_sysbios_hal_Hwi_HwiProxy_create)
                  1001bcc4    0000001c     mangled_BIOS_rom.obj (.text:ti_sysbios_knl_Clock_scheduleNextTick__E)
                  1001bce0    0000001c     mangled_BIOS_rom.obj (.text:ti_sysbios_knl_Event_Object__destruct__S)
                  1001bcfc    0000001c     mangled_BIOS_rom.obj (.text:ti_sysbios_knl_Mailbox_Object__destruct__S)
                  1001bd18    0000001c     mangled_BIOS_rom.obj (.text:ti_sysbios_knl_Queue_Object__destruct__S)
                  1001bd34    0000001c     mangled_BIOS_rom.obj (.text:ti_sysbios_knl_Queue_get__E)
                  1001bd50    0000001c     mangled_BIOS_rom.obj (.text:ti_sysbios_knl_Queue_put__E)
                  1001bd6c    0000001c     mangled_BIOS_rom.obj (.text:ti_sysbios_knl_Swi_Object__destruct__S)
                  1001bd88    0000001c     mangled_BIOS_rom.obj (.text:ti_sysbios_knl_Task_Object__destruct__S)
                  1001bda4    0000001c     mangled_BIOS_rom.obj (.text:ti_sysbios_knl_Task_enter__I)
                  1001bdc0    0000001a     mangled_BIOS_rom.obj (.text:ti_sysbios_knl_Task_sleepTimeout__I)
                  1001bdda    00000002     mangled_BIOS_rom.obj (.text:ti_sysbios_knl_Clock_triggerFunc__I)
                  1001bddc    00000018     mangled_BIOS_rom.obj (.text:ti_sysbios_family_arm_m3_Hwi_plug__E)
                  1001bdf4    00000018     mangled_BIOS_rom.obj (.text:ti_sysbios_gates_GateMutex_leave__E)
                  1001be0c    00000018     mangled_BIOS_rom.obj (.text:ti_sysbios_knl_Task_unblock__E)
                  1001be24    00000016     mangled_BIOS_rom.obj (.text:ti_sysbios_knl_Clock_Instance_finalize__E)
                  1001be3a    00000016     mangled_BIOS_rom.obj (.text:ti_sysbios_knl_Clock_start__E)
                  1001be50    00000014     mangled_BIOS_rom.obj (.text:ti_sysbios_family_arm_m3_Hwi_switchFromBootStack__E)
                  1001be64    00000014     mangled_BIOS_rom.obj (.text:ti_sysbios_knl_Event_Instance_init__E)
                  1001be78    00000012     mangled_BIOS_rom.obj (.text:ti_sysbios_hal_Hwi_Module_startup__E)
                  1001be8a    00000012     mangled_BIOS_rom.obj (.text:ti_sysbios_knl_Event_sync__E)
                  1001be9c    00000010     mangled_BIOS_rom.obj (.text:ti_sysbios_BIOS_exit__E)
                  1001beac    00000010     mangled_BIOS_rom.obj (.text:ti_sysbios_BIOS_getCpuFreq__E)
                  1001bebc    00000010     mangled_BIOS_rom.obj (.text:ti_sysbios_BIOS_setThreadType__E)
                  1001becc    00000010     mangled_BIOS_rom.obj (.text:ti_sysbios_gates_GateMutex_Instance_finalize__E)
                  1001bedc    00000010     mangled_BIOS_rom.obj (.text:ti_sysbios_hal_Hwi_HwiProxy_Object__create__S)
                  1001beec    00000010     mangled_BIOS_rom.obj (.text:ti_sysbios_knl_Clock_TimerProxy_getCurrentTick__E)
                  1001befc    00000010     mangled_BIOS_rom.obj (.text:ti_sysbios_knl_Clock_TimerProxy_getMaxTicks__E)
                  1001bf0c    00000010     mangled_BIOS_rom.obj (.text:ti_sysbios_knl_Clock_TimerProxy_setNextTick__E)
                  1001bf1c    00000010     mangled_BIOS_rom.obj (.text:ti_sysbios_knl_Swi_disable__E)
                  1001bf2c    00000010     mangled_BIOS_rom.obj (.text:ti_sysbios_knl_Swi_enabled__E)
                  1001bf3c    00000010     mangled_BIOS_rom.obj (.text:ti_sysbios_knl_Task_disable__E)
                  1001bf4c    0000000e     mangled_BIOS_rom.obj (.text:ti_sysbios_heaps_HeapMem_restore__E)
                  1001bf5a    0000000e     mangled_BIOS_rom.obj (.text:ti_sysbios_knl_Queue_empty__E)
                  1001bf68    0000000e     mangled_BIOS_rom.obj (.text:ti_sysbios_knl_Queue_remove__E)
                  1001bf76    0000000c     mangled_BIOS_rom.obj (.text:ti_sysbios_family_arm_cc26xx_TimestampProvider_getFreq__E)
                  1001bf82    00000002     mangled_BIOS_rom.obj (.text:ti_sysbios_knl_Swi_Instance_finalize__E)
                  1001bf84    0000000c     mangled_BIOS_rom.obj (.text:ti_sysbios_family_arm_m3_Hwi_Params__init__S)
                  1001bf90    0000000c     mangled_BIOS_rom.obj (.text:ti_sysbios_family_arm_m3_Hwi_disableFxn__E)
                  1001bf9c    0000000c     mangled_BIOS_rom.obj (.text:ti_sysbios_family_arm_m3_Hwi_enableFxn__E)
                  1001bfa8    0000000c     mangled_BIOS_rom.obj (.text:ti_sysbios_family_arm_m3_TaskSupport_getStackAlignment__E)
                  1001bfb4    0000000c     mangled_BIOS_rom.obj (.text:ti_sysbios_gates_GateHwi_enter__E)
                  1001bfc0    0000000c     mangled_BIOS_rom.obj (.text:ti_sysbios_gates_GateMutex_Params__init__S)
                  1001bfcc    0000000c     mangled_BIOS_rom.obj (.text:ti_sysbios_knl_Clock_Params__init__S)
                  1001bfd8    0000000c     mangled_BIOS_rom.obj (.text:ti_sysbios_knl_Clock_getTimerHandle__E)
                  1001bfe4    0000000c     mangled_BIOS_rom.obj (.text:ti_sysbios_knl_Event_Params__init__S)
                  1001bff0    0000000c     mangled_BIOS_rom.obj (.text:ti_sysbios_knl_Mailbox_Params__init__S)
                  1001bffc    0000000c     mangled_BIOS_rom.obj (.text:ti_sysbios_knl_Queue_dequeue__E)
                  1001c008    0000000c     mangled_BIOS_rom.obj (.text:ti_sysbios_knl_Queue_enqueue__E)
                  1001c014    0000000c     mangled_BIOS_rom.obj (.text:ti_sysbios_knl_Semaphore_Params__init__S)
                  1001c020    0000000c     mangled_BIOS_rom.obj (.text:ti_sysbios_knl_Swi_Params__init__S)
                  1001c02c    0000000c     mangled_BIOS_rom.obj (.text:ti_sysbios_knl_Task_Params__init__S)
                  1001c038    0000000c     mangled_BIOS_rom.obj (.text:ti_sysbios_knl_Task_self__E)
                  1001c044    0000000a     mangled_BIOS_rom.obj (.text:ti_sysbios_hal_Hwi_Instance_finalize__E)
                  1001c04e    00000008     mangled_BIOS_rom.obj (.text:ti_sysbios_family_arm_m3_Hwi_doSwiRestore__I)
                  1001c056    00000008     mangled_BIOS_rom.obj (.text:ti_sysbios_family_arm_m3_Hwi_startup__E)
                  1001c05e    00000008     mangled_BIOS_rom.obj (.text:ti_sysbios_knl_Idle_loop__E)
                  1001c066    00000006     mangled_BIOS_rom.obj (.text:ti_sysbios_family_arm_m3_Hwi_doTaskRestore__I)
                  1001c06c    00000006     mangled_BIOS_rom.obj (.text:ti_sysbios_family_arm_m3_Hwi_restoreFxn__E)
                  1001c072    00000006     mangled_BIOS_rom.obj (.text:ti_sysbios_gates_GateHwi_leave__E)
                  1001c078    00000006     mangled_BIOS_rom.obj (.text:ti_sysbios_heaps_HeapMem_isBlocking__E)
                  1001c07e    00000006     mangled_BIOS_rom.obj (.text:ti_sysbios_knl_Queue_Instance_init__E)
                  1001c084    00000006     mangled_BIOS_rom.obj (.text:ti_sysbios_knl_Queue_elemClear__E)
                  1001c08a    00000006     mangled_BIOS_rom.obj (.text:ti_sysbios_knl_Swi_Module_startup__E)
                  1001c090    00000006     mangled_BIOS_rom.obj (.text:ti_sysbios_knl_Swi_startup__E)
                  1001c096    00000006     mangled_BIOS_rom.obj (.text:ti_sysbios_knl_Task_enable__E)
                  1001c09c    00000004     mangled_BIOS_rom.obj (.text:ti_sysbios_BIOS_RtsGateProxy_enter__E)
                  1001c0a0    00000004     mangled_BIOS_rom.obj (.text:ti_sysbios_BIOS_RtsGateProxy_leave__E)
                  1001c0a4    00000004     mangled_BIOS_rom.obj (.text:ti_sysbios_family_arm_cc26xx_Timer_getExpiredTicks__E)
                  1001c0a8    00000004     mangled_BIOS_rom.obj (.text:ti_sysbios_family_arm_cc26xx_Timer_getPeriod__E)
                  1001c0ac    00000004     mangled_BIOS_rom.obj (.text:ti_sysbios_family_arm_cc26xx_Timer_setPeriod__E)
                  1001c0b0    00000004     mangled_BIOS_rom.obj (.text:ti_sysbios_family_arm_m3_Hwi_delete)
                  1001c0b4    00000004     mangled_BIOS_rom.obj (.text:ti_sysbios_family_arm_m3_Hwi_destruct)
                  1001c0b8    00000004     mangled_BIOS_rom.obj (.text:ti_sysbios_family_arm_m3_TaskSupport_Module__startupDone__S)
                  1001c0bc    00000004     mangled_BIOS_rom.obj (.text:ti_sysbios_gates_GateHwi_query__E)
                  1001c0c0    00000004     mangled_BIOS_rom.obj (.text:ti_sysbios_gates_GateMutex_delete)
                  1001c0c4    00000004     mangled_BIOS_rom.obj (.text:ti_sysbios_gates_GateMutex_destruct)
                  1001c0c8    00000004     mangled_BIOS_rom.obj (.text:ti_sysbios_gates_GateMutex_query__E)
                  1001c0cc    00000004     mangled_BIOS_rom.obj (.text:ti_sysbios_hal_Hwi_HwiProxy_delete)
                  1001c0d0    00000004     mangled_BIOS_rom.obj (.text:ti_sysbios_hal_Hwi_delete)
                  1001c0d4    00000004     mangled_BIOS_rom.obj (.text:ti_sysbios_heaps_HeapMem_Module_GateProxy_enter__E)
                  1001c0d8    00000004     mangled_BIOS_rom.obj (.text:ti_sysbios_heaps_HeapMem_Module_GateProxy_leave__E)
                  1001c0dc    00000004     mangled_BIOS_rom.obj (.text:ti_sysbios_knl_Clock_TimerProxy_getExpiredTicks__E)
                  1001c0e0    00000004     mangled_BIOS_rom.obj (.text:ti_sysbios_knl_Clock_TimerProxy_getPeriod__E)
                  1001c0e4    00000004     mangled_BIOS_rom.obj (.text:ti_sysbios_knl_Clock_delete)
                  1001c0e8    00000004     mangled_BIOS_rom.obj (.text:ti_sysbios_knl_Clock_destruct)
                  1001c0ec    00000004     mangled_BIOS_rom.obj (.text:ti_sysbios_knl_Clock_removeI__E)
                  1001c0f0    00000004     mangled_BIOS_rom.obj (.text:ti_sysbios_knl_Clock_setTimeout__E)
                  1001c0f4    00000004     mangled_BIOS_rom.obj (.text:ti_sysbios_knl_Event_delete)
                  1001c0f8    00000004     mangled_BIOS_rom.obj (.text:ti_sysbios_knl_Event_destruct)
                  1001c0fc    00000004     mangled_BIOS_rom.obj (.text:ti_sysbios_knl_Mailbox_delete)
                  1001c100    00000004     mangled_BIOS_rom.obj (.text:ti_sysbios_knl_Mailbox_destruct)
                  1001c104    00000004     mangled_BIOS_rom.obj (.text:ti_sysbios_knl_Queue_delete)
                  1001c108    00000004     mangled_BIOS_rom.obj (.text:ti_sysbios_knl_Queue_destruct)
                  1001c10c    00000004     mangled_BIOS_rom.obj (.text:ti_sysbios_knl_Queue_head__E)
                  1001c110    00000004     mangled_BIOS_rom.obj (.text:ti_sysbios_knl_Queue_next__E)
                  1001c114    00000004     mangled_BIOS_rom.obj (.text:ti_sysbios_knl_Semaphore_delete)
                  1001c118    00000004     mangled_BIOS_rom.obj (.text:ti_sysbios_knl_Semaphore_destruct)
                  1001c11c    00000004     mangled_BIOS_rom.obj (.text:ti_sysbios_knl_Swi_delete)
                  1001c120    00000004     mangled_BIOS_rom.obj (.text:ti_sysbios_knl_Swi_destruct)
                  1001c124    00000004     mangled_BIOS_rom.obj (.text:ti_sysbios_knl_Swi_postInit__I)
                  1001c128    00000004     mangled_BIOS_rom.obj (.text:ti_sysbios_knl_Task_delete)
                  1001c12c    00000004     mangled_BIOS_rom.obj (.text:ti_sysbios_knl_Task_destruct)
                  1001c130    00000004     mangled_BIOS_rom.obj (.text:ti_sysbios_knl_Task_startup__E)

.sysbios_rom_text 
*          0    1001c134    0000067c     
                  1001c134    000000f8     mangled_BIOS_rom.obj (.text:xdc_runtime_Startup_startMods__I)
                  1001c22c    000000a8     mangled_BIOS_rom.obj (.text:xdc_runtime_Error_policyDefault__E)
                  1001c2d4    00000080     mangled_BIOS_rom.obj (.text:xdc_runtime_Core_createObject__I)
                  1001c354    0000006c     mangled_BIOS_rom.obj (.text:xdc_runtime_Memory_alloc__E)
                  1001c3c0    0000005e     mangled_BIOS_rom.obj (.text:xdc_runtime_Core_deleteObject__I)
                  1001c41e    00000002     mangled_BIOS_rom.obj (.text:xdc_runtime_Error_policySpin__E)
                  1001c420    00000050     mangled_BIOS_rom.obj (.text:xdc_runtime_Startup_exec__E)
                  1001c470    00000048     mangled_BIOS_rom.obj (.text:xdc_runtime_Assert_raise__I)
                  1001c4b8    00000048     mangled_BIOS_rom.obj (.text:xdc_runtime_Core_assignParams__I)
                  1001c500    00000048     mangled_BIOS_rom.obj (.text:xdc_runtime_Core_constructObject__I)
                  1001c548    00000044     mangled_BIOS_rom.obj (.text:xdc_runtime_Error_setX__E)
                  1001c58c    00000038     mangled_BIOS_rom.obj (.text:xdc_runtime_System_atexit__E)
                  1001c5c4    00000034     mangled_BIOS_rom.obj (.text:xdc_runtime_Core_assignLabel__I)
                  1001c5f8    00000034     mangled_BIOS_rom.obj (.text:xdc_runtime_System_processAtExit__E)
                  1001c62c    0000002c     mangled_BIOS_rom.obj (.text:xdc_runtime_Text_cordText__E)
                  1001c658    00000020     mangled_BIOS_rom.obj (.text:xdc_runtime_System_abort__E)
                  1001c678    0000001c     mangled_BIOS_rom.obj (.text:xdc_runtime_Error_raiseX__E)
                  1001c694    0000001c     mangled_BIOS_rom.obj (.text:xdc_runtime_Memory_valloc__E)
                  1001c6b0    00000018     mangled_BIOS_rom.obj (.text:xdc_runtime_Core_destructObject__I)
                  1001c6c8    00000018     mangled_BIOS_rom.obj (.text:xdc_runtime_Error_check__E)
                  1001c6e0    00000018     mangled_BIOS_rom.obj (.text:xdc_runtime_System_exit__E)
                  1001c6f8    00000018     mangled_BIOS_rom.obj (.text:xdc_runtime_Text_ropeText__E)
                  1001c710    00000010     mangled_BIOS_rom.obj (.text:xdc_runtime_Memory_free__E)
                  1001c720    00000010     mangled_BIOS_rom.obj (.text:xdc_runtime_SysCallback_abort__E)
                  1001c730    00000010     mangled_BIOS_rom.obj (.text:xdc_runtime_SysCallback_exit__E)
                  1001c740    00000010     mangled_BIOS_rom.obj (.text:xdc_runtime_Timestamp_SupportProxy_get32__E)
                  1001c750    0000000c     mangled_BIOS_rom.obj (.text:xdc_runtime_Error_init__E)
                  1001c75c    0000000c     mangled_BIOS_rom.obj (.text:xdc_runtime_Memory_calloc__E)
                  1001c768    0000000c     mangled_BIOS_rom.obj (.text:xdc_runtime_Memory_getMaxDefaultTypeAlign__E)
                  1001c774    0000000c     mangled_BIOS_rom.obj (.text:xdc_runtime_Startup_rtsDone__E)
                  1001c780    0000000a     mangled_BIOS_rom.obj (.text:xdc_runtime_IHeap_alloc$65)
                  1001c78a    0000000a     mangled_BIOS_rom.obj (.text:xdc_runtime_IHeap_free$65)
                  1001c794    00000006     mangled_BIOS_rom.obj (.text:xdc_runtime_Gate_leaveSystem__E)
                  1001c79a    00000006     mangled_BIOS_rom.obj (.text:xdc_runtime_System_Module_startup__E)
                  1001c7a0    00000004     mangled_BIOS_rom.obj (.text:xdc_runtime_Gate_enterSystem__E)
                  1001c7a4    00000004     mangled_BIOS_rom.obj (.text:xdc_runtime_System_Module_GateProxy_enter__E)
                  1001c7a8    00000004     mangled_BIOS_rom.obj (.text:xdc_runtime_System_Module_GateProxy_leave__E)
                  1001c7ac    00000002     mangled_BIOS_rom.obj (.text:xdc_runtime_System_abortSpin__E)
                  1001c7ae    00000002     mangled_BIOS_rom.obj (.text:xdc_runtime_System_exitSpin__E)

.sysbios_rom_text 
*          0    1001c7b0    000001d4     
                  1001c7b0    000000c8     arm_m3_Hwi_asm_rom.obj (.text:ti_sysbios_family_arm_m3_Hwi_dispatch__I)
                  1001c878    0000004c     arm_m3_TaskSupport_asm_rom.obj (.text:ti_sysbios_family_arm_m3_TaskSupport_buildTaskStack)
                  1001c8c4    00000048     arm_m3_Hwi_asm_switch_rom.obj (.text:ti_sysbios_family_arm_m3_Hwi_initStacks__E)
                  1001c90c    00000020     arm_m3_Hwi_asm_rom.obj (.text:ti_sysbios_family_arm_m3_Hwi_excHandlerAsm__I)
                  1001c92c    0000001e     arm_m3_Hwi_asm_switch_rom.obj (.text:ti_sysbios_family_xxx_Hwi_switchAndRunFunc)
                  1001c94a    0000001a     arm_m3_Hwi_asm_rom.obj (.text:ti_sysbios_family_arm_m3_Hwi_pendSV__I)
                  1001c964    00000010     arm_m3_TaskSupport_asm_rom.obj (.text:ti_sysbios_family_arm_m3_TaskSupport_glue)
                  1001c974    00000010     arm_m3_TaskSupport_asm_rom.obj (.text:ti_sysbios_family_arm_m3_TaskSupport_swap__E)

.sysbios_rom_text 
*          0    1001c984    000001c0     
                  1001c984    0000003c     CC26xx_r2_pem3.obj (.const:ti_sysbios_knl_Task_Object__PARAMS__C)
                  1001c9c0    00000034     CC26xx_r2_pem3.obj (.const:ti_sysbios_knl_Mailbox_Object__PARAMS__C)
                  1001c9f4    00000030     CC26xx_r2_pem3.obj (.const:ti_sysbios_family_arm_m3_Hwi_Object__PARAMS__C)
                  1001ca24    0000002c     CC26xx_r2_pem3.obj (.const:ti_sysbios_hal_Hwi_Object__PARAMS__C)
                  1001ca50    00000028     CC26xx_r2_pem3.obj (.const:ti_sysbios_knl_Swi_Object__PARAMS__C)
                  1001ca78    00000024     CC26xx_r2_pem3.obj (.const:ti_sysbios_heaps_HeapMem_Object__PARAMS__C)
                  1001ca9c    00000024     CC26xx_r2_pem3.obj (.const:ti_sysbios_knl_Clock_Object__PARAMS__C)
                  1001cac0    00000024     CC26xx_r2_pem3.obj (.const:ti_sysbios_knl_Semaphore_Object__PARAMS__C)
                  1001cae4    00000018     CC26xx_r2_pem3.obj (.const:ti_sysbios_gates_GateHwi_Object__PARAMS__C)
                  1001cafc    00000018     CC26xx_r2_pem3.obj (.const:ti_sysbios_gates_GateMutex_Object__PARAMS__C)
                  1001cb14    00000018     CC26xx_r2_pem3.obj (.const:ti_sysbios_knl_Event_Object__PARAMS__C)
                  1001cb2c    00000018     CC26xx_r2_pem3.obj (.const:ti_sysbios_knl_Queue_Object__PARAMS__C)

.sysbios_rom_text 
*          0    1001cb44    0000002e     
                  1001cb44    00000018     CC26xx_r2.obj (.text:memcpy)
                  1001cb5c    00000016     CC26xx_r2.obj (.text:memset)

.sysbios_rom_text 
*          0    1001cb74    00000024     
                  1001cb74    00000004     CC26xx_r2_pem3.obj (.const:ti_sysbios_gates_GateMutex_Instance_State_sem__O)
                  1001cb78    00000004     CC26xx_r2_pem3.obj (.const:ti_sysbios_knl_Clock_Module_State_clockQ__O)
                  1001cb7c    00000004     CC26xx_r2_pem3.obj (.const:ti_sysbios_knl_Event_Instance_State_pendQ__O)
                  1001cb80    00000004     CC26xx_r2_pem3.obj (.const:ti_sysbios_knl_Mailbox_Instance_State_dataQue__O)
                  1001cb84    00000004     CC26xx_r2_pem3.obj (.const:ti_sysbios_knl_Mailbox_Instance_State_dataSem__O)
                  1001cb88    00000004     CC26xx_r2_pem3.obj (.const:ti_sysbios_knl_Mailbox_Instance_State_freeQue__O)
                  1001cb8c    00000004     CC26xx_r2_pem3.obj (.const:ti_sysbios_knl_Mailbox_Instance_State_freeSem__O)
                  1001cb90    00000004     CC26xx_r2_pem3.obj (.const:ti_sysbios_knl_Semaphore_Instance_State_pendQ__O)
                  1001cb94    00000004     CC26xx_r2_pem3.obj (.const:ti_sysbios_knl_Task_Module_State_inactiveQ__O)

.vecs      0    20000000    000000c8     UNINITIALIZED
                  20000000    000000c8     CC26xx_r2_pem3.obj (.vecs)

.sysbios_rom_data 
*          0    20000100    000000f0     
                  20000100    00000044     CC26xx_r2_pem3.obj (.data:ti_sysbios_knl_Task_Module__state__V)
                  20000144    00000034     CC26xx_r2_pem3.obj (.data:ti_sysbios_family_arm_m3_Hwi_Module__state__V)
                  20000178    0000002c     CC26xx_r2_pem3.obj (.data:ti_sysbios_knl_Clock_Module__state__V)
                  200001a4    00000024     CC26xx_r2_pem3.obj (.data:ti_sysbios_BIOS_Module__state__V)
                  200001c8    0000001c     CC26xx_r2_pem3.obj (.data:ti_sysbios_knl_Swi_Module__state__V)
                  200001e4    00000008     CC26xx_r2_pem3.obj (.data:ti_sysbios_family_arm_cc26xx_Timer_Module__state__V)
                  200001ec    00000004     CC26xx_r2_pem3.obj (.data:ti_sysbios_family_arm_cc26xx_TimestampProvider_Module__state__V)

.sysbios_rom_data 
*          0    200001f0    00000016     
                  200001f0    00000008     CC26xx_r2_pem3.obj (.data:xdc_runtime_Startup_Module__state__V)
                  200001f8    00000008     CC26xx_r2_pem3.obj (.data:xdc_runtime_System_Module__state__V)
                  20000200    00000004     CC26xx_r2_pem3.obj (.data:xdc_runtime_Memory_Module__state__V)
                  20000204    00000002     CC26xx_r2_pem3.obj (.data:xdc_runtime_Error_Module__state__V)

xdc.meta   0    00000000    000000f8     COPY SECTION
                  00000000    000000f8     CC26xx_r2_pem3.obj (xdc.meta)

xdc.noload 
*          0    00000000    00000000     COPY SECTION

.TI.noinit 
*          0    20000600    00000000     UNINITIALIZED

.TI.persistent 
*          0    20000f08    00000000     UNINITIALIZED


FAR CALL TRAMPOLINES

callee name               trampoline name
   callee addr  tramp addr   call addr  call info
--------------  -----------  ---------  ----------------
xdc_runtime_System_exit__E  $Tramp$TT$L$PI$$xdc_runtime_System_exit__E
   1001c6e1     0000246c     00002104   boot.aem3 : boot.oem3 (.text)
memcpy                    $Tramp$TT$L$PI$$memcpy
   1001cb45     00002474     00002030   rtsv7M3_T_le_eabi.lib : cpy_tbl.obj (.text)
ti_sysbios_knl_Clock_start__E  $Tramp$TT$L$PI$$ti_sysbios_knl_Clock_start__E
   1001be3b     0000247c     00001cd0   CC26xx_r2.obj (.text:main)
ti_sysbios_knl_Semaphore_post__E  $Tramp$TT$L$PI$$ti_sysbios_knl_Semaphore_post__E
   1001a51d     00002484     00001cca   CC26xx_r2.obj (.text:main)
ti_sysbios_knl_Semaphore_pend__E  $Tramp$TT$L$PI$$ti_sysbios_knl_Semaphore_pend__E
   10019b05     0000248c     00001cc4   CC26xx_r2.obj (.text:main)
ti_sysbios_knl_Event_post__E  $Tramp$TT$L$PI$$ti_sysbios_knl_Event_post__E
   1001a591     00002494     00001cba   CC26xx_r2.obj (.text:main)
ti_sysbios_knl_Event_pend__E  $Tramp$TT$L$PI$$ti_sysbios_knl_Event_pend__E
   10019bf9     0000249c     00001cb2   CC26xx_r2.obj (.text:main)
ti_sysbios_knl_Swi_construct  $Tramp$TT$L$PI$$ti_sysbios_knl_Swi_construct
   1001ad8d     000024a4     00001ca4   CC26xx_r2.obj (.text:main)
ti_sysbios_family_arm_m3_Hwi_construct  $Tramp$TT$L$PI$$ti_sysbios_family_arm_m3_Hwi_construct
   1001ab81     000024ac     00001c98   CC26xx_r2.obj (.text:main)
ti_sysbios_knl_Clock_construct  $Tramp$TT$L$PI$$ti_sysbios_knl_Clock_construct
   1001b2b5     000024b4     00001c88   CC26xx_r2.obj (.text:main)
ti_sysbios_knl_Event_construct  $Tramp$TT$L$PI$$ti_sysbios_knl_Event_construct
   1001b60d     000024bc     00001c7c   CC26xx_r2.obj (.text:main)
ti_sysbios_knl_Semaphore_construct  $Tramp$TT$L$PI$$ti_sysbios_knl_Semaphore_construct
   1001b479     000024c4     00001c74   CC26xx_r2.obj (.text:main)
ti_sysbios_knl_Task_construct  $Tramp$TT$L$PI$$ti_sysbios_knl_Task_construct
   1001ae2d     000024cc     00001c6a   CC26xx_r2.obj (.text:main)
ti_sysbios_knl_Swi_create  $Tramp$TT$L$PI$$ti_sysbios_knl_Swi_create
   1001ac31     000024d4     00001c5e   CC26xx_r2.obj (.text:main)
ti_sysbios_family_arm_m3_Hwi_create  $Tramp$TT$L$PI$$ti_sysbios_family_arm_m3_Hwi_create
   1001a94d     000024dc     00001c54   CC26xx_r2.obj (.text:main)
ti_sysbios_knl_Clock_create  $Tramp$TT$L$PI$$ti_sysbios_knl_Clock_create
   1001b249     000024e4     00001c48   CC26xx_r2.obj (.text:main)
ti_sysbios_knl_Event_create  $Tramp$TT$L$PI$$ti_sysbios_knl_Event_create
   1001b449     000024ec     00001c3c   CC26xx_r2.obj (.text:main)
ti_sysbios_knl_Semaphore_create  $Tramp$TT$L$PI$$ti_sysbios_knl_Semaphore_create
   1001b31d     000024f4     00001c34   CC26xx_r2.obj (.text:main)
ti_sysbios_knl_Task_create  $Tramp$TT$L$PI$$ti_sysbios_knl_Task_create
   1001ace1     000024fc     00001c2a   CC26xx_r2.obj (.text:main)
ti_sysbios_knl_Swi_Params__init__S  $Tramp$TT$L$PI$$ti_sysbios_knl_Swi_Params__init__S
   1001c021     00002504     00001c1e   CC26xx_r2.obj (.text:main)
ti_sysbios_family_arm_m3_Hwi_Params__init__S  $Tramp$TT$L$PI$$ti_sysbios_family_arm_m3_Hwi_Params__init__S
   1001bf85     0000250c     00001c12   CC26xx_r2.obj (.text:main)
ti_sysbios_knl_Event_Params__init__S  $Tramp$TT$L$PI$$ti_sysbios_knl_Event_Params__init__S
   1001bfe5     00002514     00001c06   CC26xx_r2.obj (.text:main)
ti_sysbios_knl_Semaphore_Params__init__S  $Tramp$TT$L$PI$$ti_sysbios_knl_Semaphore_Params__init__S
   1001c015     0000251c     00001bfa   CC26xx_r2.obj (.text:main)
ti_sysbios_knl_Clock_Params__init__S  $Tramp$TT$L$PI$$ti_sysbios_knl_Clock_Params__init__S
   1001bfcd     00002524     00001bee   CC26xx_r2.obj (.text:main)
ti_sysbios_knl_Task_Params__init__S  $Tramp$TT$L$PI$$ti_sysbios_knl_Task_Params__init__S
   1001c02d     0000252c     00001be2   CC26xx_r2.obj (.text:main)
ti_sysbios_BIOS_start__E  $Tramp$TT$L$PI$$ti_sysbios_BIOS_start__E
   1001b169     00002534     00001bd6   CC26xx_r2.obj (.text:main)
xdc_runtime_SysCallback_exit__E  $Tramp$TT$L$PI$$xdc_runtime_SysCallback_exit__E
   1001c731     000027e0     000027d6   CC26xx_r2_pem3.obj (.text:xdc_runtime_System_SupportProxy_exit__E)
xdc_runtime_SysCallback_abort__E  $Tramp$TT$L$PI$$xdc_runtime_SysCallback_abort__E
   1001c721     000027e8     000027ca   CC26xx_r2_pem3.obj (.text:xdc_runtime_System_SupportProxy_abort__E)
xdc_runtime_System_exit__E  $Tramp$TT$L$PI$$xdc_runtime_System_exit__E
   1001c6e1     000027f0     00002738   CC26xx_r2_pem3.obj (.text:ti_sysbios_BIOS_exitFunc__I)
ti_sysbios_knl_Swi_post__E  $Tramp$TT$L$PI$$ti_sysbios_knl_Swi_post__E
   1001b025     000027f8     00002704   CC26xx_r2_pem3.obj (.text:ti_sysbios_knl_Clock_doTick__I)
ti_sysbios_knl_Clock_logTick__E  $Tramp$TT$L$PI$$ti_sysbios_knl_Clock_logTick__E
   1001b85f     00002800     000026fc   CC26xx_r2_pem3.obj (.text:ti_sysbios_knl_Clock_doTick__I)
ti_sysbios_knl_Task_startup__E  $Tramp$TT$L$PI$$ti_sysbios_knl_Task_startup__E
   1001c131     00002808     00002690   CC26xx_r2_pem3.obj (.text:ti_sysbios_BIOS_startFunc__I)
ti_sysbios_knl_Swi_startup__E  $Tramp$TT$L$PI$$ti_sysbios_knl_Swi_startup__E
   1001c091     00002810     0000268c   CC26xx_r2_pem3.obj (.text:ti_sysbios_BIOS_startFunc__I)
ti_sysbios_hal_Hwi_startup__E  $Tramp$TT$L$PI$$ti_sysbios_hal_Hwi_startup__E
   1001c057     00002818     00002688   CC26xx_r2_pem3.obj (.text:ti_sysbios_BIOS_startFunc__I)
ti_sysbios_family_arm_cc26xx_Timer_startup__E  $Tramp$TT$L$PI$$ti_sysbios_family_arm_cc26xx_Timer_startup__E
   1001b505     00002820     00002684   CC26xx_r2_pem3.obj (.text:ti_sysbios_BIOS_startFunc__I)
xdc_runtime_System_atexit__E  $Tramp$TT$L$PI$$xdc_runtime_System_atexit__E
   1001c58d     00002828     0000267c   CC26xx_r2_pem3.obj (.text:ti_sysbios_BIOS_startFunc__I)
ti_sysbios_BIOS_RtsGateProxy_leave__E  $Tramp$TT$L$PI$$ti_sysbios_BIOS_RtsGateProxy_leave__E
   1001c0a1     00002830     00002640   CC26xx_r2_pem3.obj (.text:ti_sysbios_BIOS_rtsUnlock__I)
ti_sysbios_BIOS_RtsGateProxy_enter__E  $Tramp$TT$L$PI$$ti_sysbios_BIOS_RtsGateProxy_enter__E
   1001c09d     00002838     000025fe   CC26xx_r2_pem3.obj (.text:ti_sysbios_BIOS_rtsLock__I)
ti_sysbios_BIOS_setThreadType__E  $Tramp$TT$L$PI$$ti_sysbios_BIOS_setThreadType__E
   1001bebd     00002840     000025d6   CC26xx_r2_pem3.obj (.text:ti_sysbios_BIOS_atExitFunc__I)
                             000026b2   CC26xx_r2_pem3.obj (.text:ti_sysbios_BIOS_errorRaiseHook__I)
                             00002732   CC26xx_r2_pem3.obj (.text:ti_sysbios_BIOS_exitFunc__I)
ti_sysbios_knl_Task_disable__E  $Tramp$TT$L$PI$$ti_sysbios_knl_Task_disable__E
   1001bf3d     00002848     000025d0   CC26xx_r2_pem3.obj (.text:ti_sysbios_BIOS_atExitFunc__I)
ti_sysbios_knl_Swi_disable__E  $Tramp$TT$L$PI$$ti_sysbios_knl_Swi_disable__E
   1001bf1d     00002850     000025cc   CC26xx_r2_pem3.obj (.text:ti_sysbios_BIOS_atExitFunc__I)
ti_sysbios_knl_Clock_scheduleNextTick__E  $Tramp$TT$L$PI$$ti_sysbios_knl_Clock_scheduleNextTick__E
   1001bcc5     00002a84     000028d6   mangled_BIOS_rom.obj (.text:ti_sysbios_knl_Clock_workFuncDynamic__E__mangled__)
ti_sysbios_knl_Clock_walkQueueDynamic__E  $Tramp$TT$L$PI$$ti_sysbios_knl_Clock_walkQueueDynamic__E
   1001a42d     00002a8c     0000289e   mangled_BIOS_rom.obj (.text:ti_sysbios_knl_Clock_workFuncDynamic__E__mangled__)
                             000028ba   mangled_BIOS_rom.obj (.text:ti_sysbios_knl_Clock_workFuncDynamic__E__mangled__)
ti_sysbios_knl_Clock_TimerProxy_getCurrentTick__E  $Tramp$TT$L$PI$$ti_sysbios_knl_Clock_TimerProxy_getCurrentTick__E
   1001beed     00002a94     0000286c   mangled_BIOS_rom.obj (.text:ti_sysbios_knl_Clock_workFuncDynamic__E__mangled__)

[44 trampolines]
[47 trampoline calls]


GLOBAL SYMBOLS: SORTED ALPHABETICALLY BY Name 

address   name                                                                      
-------   ----                                                                      
0000211d  C$$EXIT                                                                   
000021e1  NOROM_AONEventMcuWakeUpSet                                                
000023e1  NOROM_AONRTCCurrent64BitValueGet                                          
00002399  NOROM_AONRTCCurrentCompareValueGet                                        
0000244b  NOROM_CPUcpsid                                                            
00002457  NOROM_CPUcpsie                                                            
00002049  NOROM_ChipInfo_GetChipFamily                                              
00001e21  NOROM_ChipInfo_GetHwRevision                                              
00002161  NOROM_DDI16BitfieldRead                                                   
00002091  NOROM_DDI16BitfieldWrite                                                  
0000226d  NOROM_DDI32RegWrite                                                       
000021a1  NOROM_IntPendClear                                                        
000022d5  NOROM_OSCClockSourceGet                                                   
00001fb1  NOROM_OSCClockSourceSet                                                   
000023f5  NOROM_ThisCodeIsBuiltForCC26xxHwRev22AndLater_HaltIfViolated              
UNDEFED   SHT$$INIT_ARRAY$$Base                                                     
UNDEFED   SHT$$INIT_ARRAY$$Limit                                                    
0000243d  SignExtendVddrTrimValue                                                   
00000000  __ASM__                                                                   
00000072  __ISA__                                                                   
00000084  __PLAT__                                                                  
20005000  __STACK_END                                                               
00001000  __STACK_SIZE                                                              
20005000  __STACK_TOP                                                               
000000ab  __TARG__                                                                  
UNDEFED   __TI_CINIT_Base                                                           
UNDEFED   __TI_CINIT_Limit                                                          
UNDEFED   __TI_Handler_Table_Base                                                   
UNDEFED   __TI_Handler_Table_Limit                                                  
00001ce1  __TI_auto_init                                                            
20001200  __TI_cleanup_ptr                                                          
20001204  __TI_dtors_ptr                                                            
00000000  __TI_static_base__                                                        
000000d0  __TRDR__                                                                  
000023c9  __aeabi_lmul                                                              
000019dd  __aeabi_uldivmod                                                          
ffffffff  __binit__                                                                 
ffffffff  __c_args__                                                                
0001ffa8  __ccfg                                                                    
20004000  __stack                                                                   
00002463  __xdc__init                                                               
20000ff4  __xdc__init__addr                                                         
000023b1  _args_main                                                                
000020d9  _c_int00                                                                  
200011f8  _lock                                                                     
00002417  _nop                                                                      
0000240f  _register_lock                                                            
00002409  _register_unlock                                                          
200011fc  _unlock                                                                   
00002121  abort                                                                     
ffffffff  binit                                                                     
00001ffd  copy_in                                                                   
00002129  exit                                                                      
00001bd1  main                                                                      
20001144  main_func_sp                                                              
1001cb45  memcpy                                                                    
1001cb5d  memset                                                                    
00002469  smallErrorPolicy                                                          
000011f8  ti_sysbios_BIOS_E_startupNotDone__C                                       
00001284  ti_sysbios_BIOS_Module__id__C                                             
200001a4  ti_sysbios_BIOS_Module__state__V                                          
1001b9f5  ti_sysbios_BIOS_RtsGateProxy_Handle__label__S                             
1001b8a9  ti_sysbios_BIOS_RtsGateProxy_Object__delete__S                            
1001bfc1  ti_sysbios_BIOS_RtsGateProxy_Params__init__S                              
1001c09d  ti_sysbios_BIOS_RtsGateProxy_enter__E                                     
1001c0a1  ti_sysbios_BIOS_RtsGateProxy_leave__E                                     
1001c0c9  ti_sysbios_BIOS_RtsGateProxy_query__E                                     
000025c9  ti_sysbios_BIOS_atExitFunc__I                                             
[...]
1001be51  ti_sysbios_hal_Hwi_switchFromBootStack__E                                 
1001be65  ti_sysbios_knl_Event_Instance_init__E                                     
1001be79  ti_sysbios_hal_Hwi_Module_startup__E                                      
1001be8b  ti_sysbios_knl_Event_sync__E                                              
1001be9d  ti_sysbios_BIOS_exit__E                                                   
1001bead  ti_sysbios_BIOS_getCpuFreq__E                                             
1001bebd  ti_sysbios_BIOS_setThreadType__E                                          
1001becd  ti_sysbios_gates_GateMutex_Instance_finalize__E                           
1001bedd  ti_sysbios_hal_Hwi_HwiProxy_Object__create__S                             
1001beed  ti_sysbios_knl_Clock_TimerProxy_getCurrentTick__E                         
1001befd  ti_sysbios_knl_Clock_TimerProxy_getMaxTicks__E                            
1001bf0d  ti_sysbios_knl_Clock_TimerProxy_setNextTick__E                            
1001bf1d  ti_sysbios_knl_Swi_disable__E                                             
1001bf2d  ti_sysbios_knl_Swi_enabled__E                                             
1001bf3d  ti_sysbios_knl_Task_disable__E                                            
1001bf4d  ti_sysbios_heaps_HeapMem_restore__E                                       
1001bf5b  ti_sysbios_knl_Queue_empty__E                                             
1001bf69  ti_sysbios_knl_Queue_remove__E                                            
1001bf77  ti_sysbios_family_arm_cc26xx_TimestampProvider_getFreq__E                 
1001bf77  xdc_runtime_Timestamp_SupportProxy_getFreq__E                             
1001bf77  xdc_runtime_Timestamp_getFreq__E                                          
1001bf83  ti_sysbios_knl_Swi_Instance_finalize__E                                   
1001bf85  ti_sysbios_family_arm_m3_Hwi_Params__init__S                              
1001bf85  ti_sysbios_hal_Hwi_HwiProxy_Params__init__S                               
1001bf91  ti_sysbios_family_arm_m3_Hwi_disableFxn__E                                
1001bf9d  ti_sysbios_family_arm_m3_Hwi_enableFxn__E                                 
1001bfa9  ti_sysbios_family_arm_m3_TaskSupport_getStackAlignment__E                 
1001bfa9  ti_sysbios_knl_Task_SupportProxy_getStackAlignment__E                     
1001bfb5  ti_sysbios_gates_GateHwi_enter__E                                         
1001bfc1  ti_sysbios_BIOS_RtsGateProxy_Params__init__S                              
1001bfc1  ti_sysbios_gates_GateMutex_Params__init__S                                
1001bfc1  ti_sysbios_heaps_HeapMem_Module_GateProxy_Params__init__S                 
1001bfcd  ti_sysbios_knl_Clock_Params__init__S                                      
1001bfd9  ti_sysbios_knl_Clock_getTimerHandle__E                                    
1001bfe5  ti_sysbios_knl_Event_Params__init__S                                      
1001bff1  ti_sysbios_knl_Mailbox_Params__init__S                                    
1001bffd  ti_sysbios_knl_Queue_dequeue__E                                           
1001c009  ti_sysbios_knl_Queue_enqueue__E                                           
1001c015  ti_sysbios_knl_Semaphore_Params__init__S                                  
1001c021  ti_sysbios_knl_Swi_Params__init__S                                        
1001c02d  ti_sysbios_knl_Task_Params__init__S                                       
1001c039  ti_sysbios_knl_Task_self__E                                               
1001c045  ti_sysbios_hal_Hwi_Instance_finalize__E                                   
1001c04f  ti_sysbios_family_arm_m3_Hwi_doSwiRestore__I                              
1001c057  ti_sysbios_family_arm_m3_Hwi_startup__E                                   
1001c057  ti_sysbios_hal_Hwi_HwiProxy_startup__E                                    
1001c057  ti_sysbios_hal_Hwi_startup__E                                             
1001c05f  ti_sysbios_knl_Idle_loop__E                                               
1001c067  ti_sysbios_family_arm_m3_Hwi_doTaskRestore__I                             
1001c06d  ti_sysbios_family_arm_m3_Hwi_restoreFxn__E                                
1001c073  ti_sysbios_gates_GateHwi_leave__E                                         
1001c079  ti_sysbios_heaps_HeapMem_isBlocking__E                                    
1001c07f  ti_sysbios_knl_Queue_Instance_init__E                                     
1001c085  ti_sysbios_knl_Queue_elemClear__E                                         
1001c08b  ti_sysbios_knl_Swi_Module_startup__E                                      
1001c091  ti_sysbios_knl_Swi_startup__E                                             
1001c097  ti_sysbios_knl_Task_enable__E                                             
1001c09d  ti_sysbios_BIOS_RtsGateProxy_enter__E                                     
1001c0a1  ti_sysbios_BIOS_RtsGateProxy_leave__E                                     
1001c0a5  ti_sysbios_family_arm_cc26xx_Timer_getExpiredTicks__E                     
1001c0a9  ti_sysbios_family_arm_cc26xx_Timer_getPeriod__E                           
1001c0ad  ti_sysbios_family_arm_cc26xx_Timer_setPeriod__E                           
1001c0b1  ti_sysbios_family_arm_m3_Hwi_delete                                       
1001c0b5  ti_sysbios_family_arm_m3_Hwi_destruct                                     
1001c0b9  ti_sysbios_family_arm_m3_TaskSupport_Module__startupDone__S               
1001c0b9  ti_sysbios_knl_Task_SupportProxy_Module__startupDone__S                   
1001c0bd  ti_sysbios_gates_GateHwi_query__E                                         
1001c0bd  xdc_runtime_System_Module_GateProxy_query__E                              
1001c0c1  ti_sysbios_gates_GateMutex_delete                                         
1001c0c5  ti_sysbios_gates_GateMutex_destruct                                       
1001c0c9  ti_sysbios_BIOS_RtsGateProxy_query__E                                     
1001c0c9  ti_sysbios_gates_GateMutex_query__E                                       
1001c0c9  ti_sysbios_heaps_HeapMem_Module_GateProxy_query__E                        
1001c0cd  ti_sysbios_hal_Hwi_HwiProxy_delete                                        
1001c0d1  ti_sysbios_hal_Hwi_delete                                                 
1001c0d5  ti_sysbios_heaps_HeapMem_Module_GateProxy_enter__E                        
1001c0d9  ti_sysbios_heaps_HeapMem_Module_GateProxy_leave__E                        
1001c0dd  ti_sysbios_knl_Clock_TimerProxy_getExpiredTicks__E                        
1001c0e1  ti_sysbios_knl_Clock_TimerProxy_getPeriod__E                              
1001c0e5  ti_sysbios_knl_Clock_delete                                               
1001c0e9  ti_sysbios_knl_Clock_destruct                                             
1001c0ed  ti_sysbios_knl_Clock_removeI__E                                           
1001c0f1  ti_sysbios_knl_Clock_setTimeout__E                                        
1001c0f5  ti_sysbios_knl_Event_delete                                               
1001c0f9  ti_sysbios_knl_Event_destruct                                             
1001c0fd  ti_sysbios_knl_Mailbox_delete                                             
1001c101  ti_sysbios_knl_Mailbox_destruct                                           
1001c105  ti_sysbios_knl_Queue_delete                                               
1001c109  ti_sysbios_knl_Queue_destruct                                             
1001c10d  ti_sysbios_knl_Queue_head__E                                              
1001c111  ti_sysbios_knl_Queue_next__E                                              
1001c115  ti_sysbios_knl_Semaphore_delete                                           
1001c119  ti_sysbios_knl_Semaphore_destruct                                         
1001c11d  ti_sysbios_knl_Swi_delete                                                 
1001c121  ti_sysbios_knl_Swi_destruct                                               
1001c125  ti_sysbios_knl_Swi_postInit__I                                            
1001c129  ti_sysbios_knl_Task_delete                                                
1001c12d  ti_sysbios_knl_Task_destruct                                              
1001c131  ti_sysbios_knl_Task_startup__E                                            
1001c135  xdc_runtime_Startup_startMods__I                                          
1001c22d  xdc_runtime_Error_policyDefault__E                                        
1001c2d5  xdc_runtime_Core_createObject__I                                          
1001c355  xdc_runtime_Memory_alloc__E                                               
1001c3c1  xdc_runtime_Core_deleteObject__I                                          
1001c41f  xdc_runtime_Error_policySpin__E                                           
1001c421  xdc_runtime_Startup_exec__E                                               
1001c471  xdc_runtime_Assert_raise__I                                               
1001c4b9  xdc_runtime_Core_assignParams__I                                          
1001c501  xdc_runtime_Core_constructObject__I                                       
1001c549  xdc_runtime_Error_setX__E                                                 
1001c58d  xdc_runtime_System_atexit__E                                              
1001c5c5  xdc_runtime_Core_assignLabel__I                                           
1001c5f9  xdc_runtime_System_processAtExit__E                                       
1001c62d  xdc_runtime_Text_cordText__E                                              
1001c659  xdc_runtime_System_abort__E                                               
1001c679  xdc_runtime_Error_raiseX__E                                               
1001c695  xdc_runtime_Memory_valloc__E                                              
1001c6b1  xdc_runtime_Core_destructObject__I                                        
1001c6c9  xdc_runtime_Error_check__E                                                
1001c6e1  xdc_runtime_System_exit__E                                                
1001c6f9  xdc_runtime_Text_ropeText__E                                              
1001c711  xdc_runtime_Memory_free__E                                                
1001c721  xdc_runtime_SysCallback_abort__E                                          
1001c731  xdc_runtime_SysCallback_exit__E                                           
1001c741  xdc_runtime_Timestamp_SupportProxy_get32__E                               
1001c741  xdc_runtime_Timestamp_get32__E                                            
1001c751  xdc_runtime_Error_init__E                                                 
1001c75d  xdc_runtime_Memory_calloc__E                                              
1001c769  xdc_runtime_Memory_getMaxDefaultTypeAlign__E                              
1001c775  xdc_runtime_Startup_rtsDone__E                                            
1001c781  xdc_runtime_Memory_HeapProxy_alloc__E                                     
1001c78b  xdc_runtime_Memory_HeapProxy_free__E                                      
1001c795  xdc_runtime_Gate_leaveSystem__E                                           
1001c79b  xdc_runtime_System_Module_startup__E                                      
1001c7a1  xdc_runtime_Gate_enterSystem__E                                           
1001c7a5  xdc_runtime_System_Module_GateProxy_enter__E                              
1001c7a9  xdc_runtime_System_Module_GateProxy_leave__E                              
1001c7ad  xdc_runtime_System_abortSpin__E                                           
1001c7af  xdc_runtime_System_exitSpin__E                                            
1001c7b1  ti_sysbios_family_arm_m3_Hwi_dispatch__I                                  
1001c879  ti_sysbios_family_arm_m3_TaskSupport_buildTaskStack                       
1001c8c5  ti_sysbios_family_arm_m3_Hwi_initStacks__E                                
1001c90d  ti_sysbios_family_arm_m3_Hwi_excHandlerAsm__I                             
1001c92d  ti_sysbios_family_xxx_Hwi_switchAndRunFunc                                
1001c94b  ti_sysbios_family_arm_m3_Hwi_pendSV__I                                    
1001c963  ti_sysbios_family_arm_m3_Hwi_return                                       
1001c965  ti_sysbios_family_arm_m3_TaskSupport_glue                                 
1001c975  ti_sysbios_family_arm_m3_TaskSupport_swap__E                              
1001c975  ti_sysbios_knl_Task_SupportProxy_swap__E                                  
1001c97d  ti_sysbios_knl_Task_swapReturn                                            
1001c984  ti_sysbios_knl_Task_Object__PARAMS__C                                     
1001c9c0  ti_sysbios_knl_Mailbox_Object__PARAMS__C                                  
1001c9f4  ti_sysbios_family_arm_m3_Hwi_Object__PARAMS__C                            
1001ca24  ti_sysbios_hal_Hwi_Object__PARAMS__C                                      
1001ca50  ti_sysbios_knl_Swi_Object__PARAMS__C                                      
1001ca78  ti_sysbios_heaps_HeapMem_Object__PARAMS__C                                
1001ca9c  ti_sysbios_knl_Clock_Object__PARAMS__C                                    
1001cac0  ti_sysbios_knl_Semaphore_Object__PARAMS__C                                
1001cae4  ti_sysbios_gates_GateHwi_Object__PARAMS__C                                
1001cafc  ti_sysbios_gates_GateMutex_Object__PARAMS__C                              
1001cb14  ti_sysbios_knl_Event_Object__PARAMS__C                                    
1001cb2c  ti_sysbios_knl_Queue_Object__PARAMS__C                                    
1001cb45  memcpy                                                                    
1001cb5d  memset                                                                    
1001cb74  ti_sysbios_gates_GateMutex_Instance_State_sem__O                          
1001cb78  ti_sysbios_knl_Clock_Module_State_clockQ__O                               
1001cb7c  ti_sysbios_knl_Event_Instance_State_pendQ__O                              
1001cb80  ti_sysbios_knl_Mailbox_Instance_State_dataQue__O                          
1001cb84  ti_sysbios_knl_Mailbox_Instance_State_dataSem__O                          
1001cb88  ti_sysbios_knl_Mailbox_Instance_State_freeQue__O                          
1001cb8c  ti_sysbios_knl_Mailbox_Instance_State_freeSem__O                          
1001cb90  ti_sysbios_knl_Semaphore_Instance_State_pendQ__O                          
1001cb94  ti_sysbios_knl_Task_Module_State_inactiveQ__O                             
20000000  ti_sysbios_family_arm_m3_Hwi_ramVectors                                   
20000100  ti_sysbios_knl_Task_Module__state__V                                      
20000144  ti_sysbios_family_arm_m3_Hwi_Module__state__V                             
20000178  ti_sysbios_knl_Clock_Module__state__V                                     
200001a4  ti_sysbios_BIOS_Module__state__V                                          
200001c8  ti_sysbios_knl_Swi_Module__state__V                                       
200001e4  ti_sysbios_family_arm_cc26xx_Timer_Module__state__V                       
200001ec  ti_sysbios_family_arm_cc26xx_TimestampProvider_Module__state__V           
200001f0  xdc_runtime_Startup_Module__state__V                                      
200001f8  xdc_runtime_System_Module__state__V                                       
20000200  xdc_runtime_Memory_Module__state__V                                       
20000204  xdc_runtime_Error_Module__state__V                                        
20000600  ti_sysbios_knl_Task_Instance_State_0_stack__A                             
20000e00  ti_sysbios_family_arm_m3_Hwi_dispatchTable                                
20000ec8  ti_sysbios_heaps_HeapMem_Instance_State_0_buf__A                          
20000f08  ti_sysbios_family_arm_cc26xx_Timer_Module__root__V                        
20000f10  ti_sysbios_family_arm_m3_Hwi_Module__root__V                              
20000f18  ti_sysbios_family_arm_m3_Hwi_Object__table__V                             
20000f30  ti_sysbios_family_arm_m3_Hwi_Module_State_0_excActive__A                  
20000f34  ti_sysbios_family_arm_m3_Hwi_Module_State_0_excContext__A                 
20000f38  ti_sysbios_family_arm_m3_Hwi_Module_State_0_excStack__A                   
20000f3c  ti_sysbios_gates_GateHwi_Module__root__V                                  
20000f44  ti_sysbios_gates_GateHwi_Object__table__V                                 
20000f48  ti_sysbios_gates_GateMutex_Module__root__V                                
20000f50  ti_sysbios_hal_Hwi_Module__root__V                                        
20000f58  ti_sysbios_heaps_HeapMem_Module__root__V                                  
20000f60  ti_sysbios_heaps_HeapMem_Object__table__V                                 
20000f78  ti_sysbios_knl_Clock_Module__root__V                                      
20000f80  ti_sysbios_knl_Clock_Object__table__V                                     
20000fa0  ti_sysbios_knl_Event_Module__root__V                                      
20000fa8  ti_sysbios_knl_Mailbox_Module__root__V                                    
20000fb0  ti_sysbios_knl_Queue_Module__root__V                                      
20000fb8  ti_sysbios_knl_Semaphore_Module__root__V                                  
20000fc0  ti_sysbios_knl_Swi_Module__root__V                                        
20000fc8  ti_sysbios_knl_Task_Module__root__V                                       
20000fd0  ti_sysbios_knl_Task_Module_State_0_idleTask__A                            
20000fd4  xdc_runtime_System_Module_State_0_atexitHandlers__A                       
20000ff4  __xdc__init__addr                                                         
20000ff8  ti_sysbios_knl_Swi_Module_State_0_readyQ__A                               
20001078  ti_sysbios_knl_Task_Module_State_0_readyQ__A                              
200010f8  ti_sysbios_knl_Task_Object__table__V                                      
20001144  main_func_sp                                                              
20001148  ti_sysbios_family_arm_cc26xx_Timer_Object__table__V                       
20001190  ti_sysbios_gates_GateMutex_Object__table__V                               
200011c8  ti_sysbios_knl_Swi_Object__table__V                                       
200011f8  _lock                                                                     
200011fc  _unlock                                                                   
20001200  __TI_cleanup_ptr                                                          
20001204  __TI_dtors_ptr                                                            
20004000  __stack                                                                   
20005000  __STACK_END                                                               
20005000  __STACK_TOP                                                               
e000e000  ti_sysbios_family_arm_m3_Hwi_nvic                                         
ffffffff  __binit__                                                                 
ffffffff  __c_args__                                                                
ffffffff  binit                                                                     
UNDEFED   SHT$$INIT_ARRAY$$Base                                                     
UNDEFED   SHT$$INIT_ARRAY$$Limit                                                    
UNDEFED   __TI_CINIT_Base                                                           
UNDEFED   __TI_CINIT_Limit                                                          
UNDEFED   __TI_Handler_Table_Base                                                   
UNDEFED   __TI_Handler_Table_Limit                                                  

[588 symbols]
