******************************************************************************
                  TI ARM Linker Unix v5.2.4                    
******************************************************************************
>> Linked Fri Jun 10 14:26:22 2016

OUTPUT FILE NAME:   <rtos_rom.xem3>
ENTRY POINT SYMBOL: "_c_int00"  address: 0000215d


MEMORY CONFIGURATION

         name            origin    length      used     unused   attr    fill
----------------------  --------  ---------  --------  --------  ----  --------
  VECS                  00000000   00000100  0000003c  000000c4  R  X
  RTOS_FLASH            00001000   00000700  0000032c  000003d4  R  X
  FLASH                 00001700   0001e100  000014c8  0001cc38  R  X
  FLASH_CCFG            0001ffa8   00000058  00000058  00000000  R  X
  RTOS_ROM              10019b00   00003100  00003070  00000090  R  X
  VRAM                  20000000   00000100  000000c8  00000038  RW X
  RTOS_SRAM             20000100   00000500  00000106  000003fa  RW X
  SRAM                  20000600   00004a00  00001c08  00002df8  RW X


SEGMENT ALLOCATION MAP

run origin  load origin   length   init length attrs members
----------  ----------- ---------- ----------- ----- -------
00000000    00000000    0000003c   0000003c    r--
  00000000    00000000    0000003c   0000003c    r-- .resetVecs
00001000    00001000    00000330   00000330    r--
  00001000    00001000    0000028f   0000028f    r-- .sysbios_rom_const
  00001290    00001290    00000071   00000071    r-- .sysbios_rom_const
  00001304    00001304    0000002c   0000002c    r-- .sysbios_rom_const
00001700    00001700    000014c8   000014c8    r-x
  00001700    00001700    00000ec4   00000ec4    r-x .text
  000025c4    000025c4    00000338   00000338    r-x .bigc_text
  000028fc    000028fc    00000244   00000244    r-x .mangled_apis_text
  00002b40    00002b40    00000088   00000088    r-- .const
0001ffa8    0001ffa8    00000058   00000058    r--
  0001ffa8    0001ffa8    00000058   00000058    r-- .ccfg
10019b00    10019b00    00003074   00003074    r-x
  10019b00    10019b00    00000004   00000004    r-- .sysbios_rom_text
  10019b04    10019b04    0000260a   0000260a    r-x .sysbios_rom_text
  1001c110    1001c110    0000067c   0000067c    r-x .sysbios_rom_text
  1001c78c    1001c78c    000001d4   000001d4    r-x .sysbios_rom_text
  1001c960    1001c960    000001c0   000001c0    r-- .sysbios_rom_text
  1001cb20    1001cb20    0000002e   0000002e    r-x .sysbios_rom_text
  1001cb50    1001cb50    00000024   00000024    r-- .sysbios_rom_text
20000000    20000000    000000c8   00000000    rw-
  20000000    20000000    000000c8   00000000    rw- .vecs
20000100    20000100    00000106   00000106    rw-
  20000100    20000100    000000f0   000000f0    rw- .sysbios_rom_data
  200001f0    200001f0    00000016   00000016    rw- .sysbios_rom_data
20000600    20000600    00000908   00000000    rw-
  20000600    20000600    00000908   00000000    rw- .bss
20000f08    20000f08    00000300   00000300    rw-
  20000f08    20000f08    00000300   00000300    rw- .data
20004000    20004000    00001000   00000000    rw-
  20004000    20004000    00001000   00000000    rw- .stack


SECTION ALLOCATION MAP

 output                                  attributes/
section   page    origin      length       input sections
--------  ----  ----------  ----------   ----------------
.text      0    00001700    00000ec4     
                  00001700    000001f4     rtsv7M3_T_le_eabi.lib : ull_div_t2.obj (.text)
                  000018f4    00000130     driverlib.lib : setup.obj (.text:NOROM_SetupAfterColdResetWakeupFromShutDownCfg3)
                  00001a24    00000110     CC26xx_r2.obj (.text:main)
                  00001b34    000000e4     driverlib.lib : setup.obj (.text:NOROM_SetupAfterColdResetWakeupFromShutDownCfg2)
                  00001c18    000000cc                   : setup.obj (.text:TrimAfterColdResetWakeupFromShutDown)
                  00001ce4    000000a4                   : setup.obj (.text:NOROM_SetupTrimDevice)
                  00001d88    000000a0     auto_init.aem3 : auto_init.oem3 (.text)
                  00001e28    00000078     driverlib.lib : setup.obj (.text:NOROM_SetupAfterColdResetWakeupFromShutDownCfg1)
                  00001ea0    00000070                   : chipinfo.obj (.text:NOROM_ChipInfo_GetHwRevision)
                  00001f10    0000006c                   : setup.obj (.text:NOROM_SetupGetTrimForAmpcompCtrl)
                  00001f7c    00000068                   : setup.obj (.text:NOROM_SetupGetTrimForAnabypassValue1)
                  00001fe4    00000050                   : setup.obj (.text:NOROM_SetupSetCacheModeAccordingToCcfgSetting)
                  00002034    0000004c                   : osc.obj (.text:NOROM_OSCClockSourceSet)
                  00002080    0000004c     rtsv7M3_T_le_eabi.lib : cpy_tbl.obj (.text)
                  000020cc    00000048     driverlib.lib : chipinfo.obj (.text:NOROM_ChipInfo_GetChipFamily)
                  00002114    00000048                   : ddi.obj (.text:NOROM_DDI16BitfieldWrite)
                  0000215c    00000044     boot.aem3 : boot.oem3 (.text)
                  000021a0    00000044     rtsv7M3_T_le_eabi.lib : exit.obj (.text)
                  000021e4    00000040     driverlib.lib : ddi.obj (.text:NOROM_DDI16BitfieldRead)
                  00002224    00000040                   : interrupt.obj (.text:NOROM_IntPendClear)
                  00002264    00000030                   : aon_event.obj (.text:NOROM_AONEventMcuWakeUpSet)
                  00002294    00000030                   : setup.obj (.text:NOROM_SetupSetAonRtcSubSecInc)
                  000022c4    0000002c                   : ddi.obj (.text:NOROM_DDI32RegWrite)
                  000022f0    0000002c                   : setup.obj (.text:NOROM_SetupGetTrimForRadcExtCfg)
                  0000231c    00000020                   : setup.obj (.text:NOROM_SetupGetTrimForXoscHfCtl)
                  0000233c    0000001c                   : osc.obj (.text:NOROM_OSCClockSourceGet)
                  00002358    0000001c                   : setup.obj (.text:NOROM_SetupGetTrimForAmpcompTh2)
                  00002374    0000001c                   : setup.obj (.text:NOROM_SetupGetTrimForRcOscLfRtuneCtuneTrim)
                  00002390    00000018                   : aon_rtc.obj (.text:NOROM_AONRTCCurrentCompareValueGet)
                  000023a8    00000018                   : setup.obj (.text:NOROM_SetupGetTrimForAdcShModeEn)
                  000023c0    00000018                   : setup.obj (.text:NOROM_SetupGetTrimForAdcShVbufEn)
                  000023d8    00000018                   : setup.obj (.text:NOROM_SetupGetTrimForAmpcompTh1)
                  000023f0    00000018                   : setup.obj (.text:NOROM_SetupGetTrimForDblrLoopFilterResetVoltage)
                  00002408    00000018                   : setup.obj (.text:NOROM_SetupGetTrimForRcOscLfIBiasTrim)
                  00002420    00000018                   : setup.obj (.text:NOROM_SetupGetTrimForXoscLfRegulatorAndCmirrwrRatio)
                  00002438    00000018     rtsv7M3_T_le_eabi.lib : args_main.obj (.text)
                  00002450    00000018                           : ll_mul_t2.obj (.text)
                  00002468    00000014     driverlib.lib : aon_rtc.obj (.text:NOROM_AONRTCCurrent64BitValueGet)
                  0000247c    00000014                   : chipinfo.obj (.text:NOROM_ThisCodeIsBuiltForCC26xxHwRev22AndLater_HaltIfViolated)
                  00002490    00000014     rtsv7M3_T_le_eabi.lib : _lock.obj (.text)
                  000024a4    00000010     driverlib.lib : setup.obj (.text:NOROM_SetupGetTrimForXoscHfFastStart)
                  000024b4    00000010                   : setup.obj (.text:NOROM_SetupGetTrimForXoscHfIbiastherm)
                  000024c4    0000000e                   : setup.obj (.text:NOROM_SetupSignExtendVddrTrimValue)
                  000024d2    0000000c                   : cpu.obj (.text:NOROM_CPUcpsid)
                  000024de    0000000c                   : cpu.obj (.text:NOROM_CPUcpsie)
                  000024ea    00000006     mangled_BIOS_rom.obj (.text:__xdc__init)
                  000024f0    00000002     CC26xx_r2.obj (.text:smallErrorPolicy)
                  000024f2    00000002     --HOLE-- [fill = 0]
                  000024f4    00000008     mangled_BIOS_rom.obj (.tramp.xdc_runtime_System_exit__E.1)
                  000024fc    00000008     CC26xx_r2.obj (.tramp.memcpy.1)
                  00002504    00000008     mangled_BIOS_rom.obj (.tramp.ti_sysbios_knl_Clock_start__E.1)
                  0000250c    00000008     mangled_BIOS_rom.obj (.tramp.ti_sysbios_knl_Semaphore_post__E.1)
                  00002514    00000008     mangled_BIOS_rom.obj (.tramp.ti_sysbios_knl_Semaphore_pend__E.1)
                  0000251c    00000008     mangled_BIOS_rom.obj (.tramp.ti_sysbios_knl_Event_post__E.1)
                  00002524    00000008     mangled_BIOS_rom.obj (.tramp.ti_sysbios_knl_Event_pend__E.1)
                  0000252c    00000008     mangled_BIOS_rom.obj (.tramp.ti_sysbios_knl_Swi_construct.1)
                  00002534    00000008     mangled_BIOS_rom.obj (.tramp.ti_sysbios_family_arm_m3_Hwi_construct.1)
                  0000253c    00000008     mangled_BIOS_rom.obj (.tramp.ti_sysbios_knl_Clock_construct.1)
                  00002544    00000008     mangled_BIOS_rom.obj (.tramp.ti_sysbios_knl_Event_construct.1)
                  0000254c    00000008     mangled_BIOS_rom.obj (.tramp.ti_sysbios_knl_Semaphore_construct.1)
                  00002554    00000008     mangled_BIOS_rom.obj (.tramp.ti_sysbios_knl_Task_construct.1)
                  0000255c    00000008     mangled_BIOS_rom.obj (.tramp.ti_sysbios_knl_Swi_create.1)
                  00002564    00000008     mangled_BIOS_rom.obj (.tramp.ti_sysbios_family_arm_m3_Hwi_create.1)
                  0000256c    00000008     mangled_BIOS_rom.obj (.tramp.ti_sysbios_knl_Clock_create.1)
                  00002574    00000008     mangled_BIOS_rom.obj (.tramp.ti_sysbios_knl_Event_create.1)
                  0000257c    00000008     mangled_BIOS_rom.obj (.tramp.ti_sysbios_knl_Semaphore_create.1)
                  00002584    00000008     mangled_BIOS_rom.obj (.tramp.ti_sysbios_knl_Task_create.1)
                  0000258c    00000008     mangled_BIOS_rom.obj (.tramp.ti_sysbios_knl_Swi_Params__init__S.1)
                  00002594    00000008     mangled_BIOS_rom.obj (.tramp.ti_sysbios_family_arm_m3_Hwi_Params__init__S.1)
                  0000259c    00000008     mangled_BIOS_rom.obj (.tramp.ti_sysbios_knl_Event_Params__init__S.1)
                  000025a4    00000008     mangled_BIOS_rom.obj (.tramp.ti_sysbios_knl_Semaphore_Params__init__S.1)
                  000025ac    00000008     mangled_BIOS_rom.obj (.tramp.ti_sysbios_knl_Clock_Params__init__S.1)
                  000025b4    00000008     mangled_BIOS_rom.obj (.tramp.ti_sysbios_knl_Task_Params__init__S.1)
                  000025bc    00000008     mangled_BIOS_rom.obj (.tramp.ti_sysbios_BIOS_start__E.1)

.const     0    00002b40    00000088     
                  00002b40    00000048     CC26xx_r2_pem3.obj (.const:.string)
                  00002b88    00000024     CC26xx_r2_pem3.obj (.const:xdc_runtime_Startup_sfxnTab__A)
                  00002bac    00000012     CC26xx_r2_pem3.obj (.const:xdc_runtime_Startup_sfxnRts__A)
                  00002bbe    00000001     CC26xx_r2_pem3.obj (.const:xdc_runtime_Text_charTab__A)
                  00002bbf    00000001     --HOLE-- [fill = 0]
                  00002bc0    00000008     CC26xx_r2_pem3.obj (.const:xdc_runtime_Startup_firstFxns__A)

.cinit     0    00001700    00000000     UNINITIALIZED

.init_array 
*          0    00001700    00000000     UNINITIALIZED

.ccfg      0    0001ffa8    00000058     
                  0001ffa8    00000058     CC26xx_r2_pem3.obj (.ccfg:retain)

.bss       0    20000600    00000908     UNINITIALIZED
                  20000600    00000800     CC26xx_r2_pem3.obj (.bss:taskStackSection)
                  20000e00    000000c8     CC26xx_r2_pem3.obj (.bss:ti_sysbios_family_arm_m3_Hwi_dispatchTable)
                  20000ec8    00000040     CC26xx_r2_pem3.obj (.bss:ti_sysbios_heaps_HeapMem_Instance_State_0_buf__A)

.data      0    20000f08    00000300     
                  20000f08    000000f0     CC26xx_r2_pem3.obj (.data)
                  20000ff8    00000080     CC26xx_r2_pem3.obj (.data:ti_sysbios_knl_Swi_Module_State_0_readyQ__A)
                  20001078    00000080     CC26xx_r2_pem3.obj (.data:ti_sysbios_knl_Task_Module_State_0_readyQ__A)
                  200010f8    0000004c     CC26xx_r2_pem3.obj (.data:ti_sysbios_knl_Task_Object__table__V)
                  20001144    00000004     rtsv7M3_T_le_eabi.lib : stkdepth_vars.obj (.data)
                  20001148    00000048     CC26xx_r2_pem3.obj (.data:ti_sysbios_family_arm_cc26xx_Timer_Object__table__V)
                  20001190    00000038     CC26xx_r2_pem3.obj (.data:ti_sysbios_gates_GateMutex_Object__table__V)
                  200011c8    00000030     CC26xx_r2_pem3.obj (.data:ti_sysbios_knl_Swi_Object__table__V)
                  200011f8    00000008     rtsv7M3_T_le_eabi.lib : _lock.obj (.data)
                  20001200    00000008                           : exit.obj (.data)

.stack     0    20004000    00001000     UNINITIALIZED
                  20004000    00001000     --HOLE--

.bootVecs 
*          0    00000000    00000008     DSECT
                  00000000    00000008     boot.aem3 : boot.oem3 (.bootVecs)

.resetVecs 
*          0    00000000    0000003c     
                  00000000    0000003c     CC26xx_r2_pem3.obj (.resetVecs)

.sysbios_rom_const 
*          0    00001000    0000028f     
                  00001000    00000028     CC26xx_r2_pem3.obj (.const:ti_sysbios_heaps_HeapMem_Module__FXNS__C)
                  00001028    00000024     CC26xx_r2_pem3.obj (.const:ti_sysbios_gates_GateHwi_Module__FXNS__C)
                  0000104c    00000024     CC26xx_r2_pem3.obj (.const:ti_sysbios_gates_GateMutex_Module__FXNS__C)
                  00001070    00000020     CC26xx_r2_pem3.obj (.const:ti_sysbios_family_arm_m3_Hwi_Object__DESC__C)
                  00001090    00000020     CC26xx_r2_pem3.obj (.const:ti_sysbios_gates_GateHwi_Object__DESC__C)
                  000010b0    00000020     CC26xx_r2_pem3.obj (.const:ti_sysbios_gates_GateMutex_Object__DESC__C)
                  000010d0    00000020     CC26xx_r2_pem3.obj (.const:ti_sysbios_hal_Hwi_Object__DESC__C)
                  000010f0    00000020     CC26xx_r2_pem3.obj (.const:ti_sysbios_heaps_HeapMem_Object__DESC__C)
                  00001110    00000020     CC26xx_r2_pem3.obj (.const:ti_sysbios_knl_Clock_Object__DESC__C)
                  00001130    00000020     CC26xx_r2_pem3.obj (.const:ti_sysbios_knl_Event_Object__DESC__C)
                  00001150    00000020     CC26xx_r2_pem3.obj (.const:ti_sysbios_knl_Mailbox_Object__DESC__C)
                  00001170    00000020     CC26xx_r2_pem3.obj (.const:ti_sysbios_knl_Queue_Object__DESC__C)
                  00001190    00000020     CC26xx_r2_pem3.obj (.const:ti_sysbios_knl_Semaphore_Object__DESC__C)
                  000011b0    00000020     CC26xx_r2_pem3.obj (.const:ti_sysbios_knl_Swi_Object__DESC__C)
                  000011d0    00000020     CC26xx_r2_pem3.obj (.const:ti_sysbios_knl_Task_Object__DESC__C)
                  000011f0    00000008     CC26xx_r2_pem3.obj (.const:ti_sysbios_knl_Idle_funcList__C)
                  000011f8    00000004     CC26xx_r2_pem3.obj (.const:ti_sysbios_family_arm_cc26xx_Timer_startupNeeded__C)
                  000011fc    00000004     CC26xx_r2_pem3.obj (.const:ti_sysbios_family_arm_m3_Hwi_E_alreadyDefined__C)
                  00001200    00000004     CC26xx_r2_pem3.obj (.const:ti_sysbios_family_arm_m3_Hwi_E_hwiLimitExceeded__C)
                  00001204    00000004     CC26xx_r2_pem3.obj (.const:ti_sysbios_family_arm_m3_Hwi_NUM_INTERRUPTS__C)
                  00001208    00000004     CC26xx_r2_pem3.obj (.const:ti_sysbios_family_arm_m3_Hwi_Object__count__C)
                  0000120c    00000004     CC26xx_r2_pem3.obj (.const:ti_sysbios_family_arm_m3_Hwi_Object__table__C)
                  00001210    00000004     CC26xx_r2_pem3.obj (.const:ti_sysbios_family_arm_m3_Hwi_ccr__C)
                  00001214    00000004     CC26xx_r2_pem3.obj (.const:ti_sysbios_family_arm_m3_Hwi_excHandlerFunc__C)
                  00001218    00000004     CC26xx_r2_pem3.obj (.const:ti_sysbios_family_arm_m3_Hwi_nullIsrFunc__C)
                  0000121c    00000004     CC26xx_r2_pem3.obj (.const:ti_sysbios_family_arm_m3_Hwi_numSparseInterrupts__C)
                  00001220    00000004     CC26xx_r2_pem3.obj (.const:ti_sysbios_family_arm_m3_Hwi_priGroup__C)
                  00001224    00000004     CC26xx_r2_pem3.obj (.const:ti_sysbios_family_arm_m3_TaskSupport_stackAlignment__C)
                  00001228    00000004     CC26xx_r2_pem3.obj (.const:ti_sysbios_heaps_HeapMem_E_memory__C)
                  0000122c    00000004     CC26xx_r2_pem3.obj (.const:ti_sysbios_heaps_HeapMem_Module__gateObj__C)
                  00001230    00000004     CC26xx_r2_pem3.obj (.const:ti_sysbios_heaps_HeapMem_Object__count__C)
                  00001234    00000004     CC26xx_r2_pem3.obj (.const:ti_sysbios_heaps_HeapMem_Object__table__C)
                  00001238    00000004     CC26xx_r2_pem3.obj (.const:ti_sysbios_heaps_HeapMem_reqAlign__C)
                  0000123c    00000004     CC26xx_r2_pem3.obj (.const:ti_sysbios_knl_Clock_triggerClock__C)
                  00001240    00000004     CC26xx_r2_pem3.obj (.const:ti_sysbios_knl_Mailbox_Object__count__C)
                  00001244    00000004     CC26xx_r2_pem3.obj (.const:ti_sysbios_knl_Mailbox_Object__table__C)
                  00001248    00000004     CC26xx_r2_pem3.obj (.const:ti_sysbios_knl_Mailbox_maxTypeAlign__C)
                  0000124c    00000004     CC26xx_r2_pem3.obj (.const:ti_sysbios_knl_Queue_Object__count__C)
                  00001250    00000004     CC26xx_r2_pem3.obj (.const:ti_sysbios_knl_Queue_Object__table__C)
                  00001254    00000004     CC26xx_r2_pem3.obj (.const:ti_sysbios_knl_Semaphore_eventPost__C)
                  00001258    00000004     CC26xx_r2_pem3.obj (.const:ti_sysbios_knl_Semaphore_eventSync__C)
                  0000125c    00000004     CC26xx_r2_pem3.obj (.const:ti_sysbios_knl_Swi_Object__count__C)
                  00001260    00000004     CC26xx_r2_pem3.obj (.const:ti_sysbios_knl_Swi_Object__table__C)
                  00001264    00000004     CC26xx_r2_pem3.obj (.const:ti_sysbios_knl_Swi_numPriorities__C)
                  00001268    00000004     CC26xx_r2_pem3.obj (.const:ti_sysbios_knl_Task_Object__count__C)
                  0000126c    00000004     CC26xx_r2_pem3.obj (.const:ti_sysbios_knl_Task_Object__table__C)
                  00001270    00000004     CC26xx_r2_pem3.obj (.const:ti_sysbios_knl_Task_allBlockedFunc__C)
                  00001274    00000004     CC26xx_r2_pem3.obj (.const:ti_sysbios_knl_Task_defaultStackHeap__C)
                  00001278    00000004     CC26xx_r2_pem3.obj (.const:ti_sysbios_knl_Task_defaultStackSize__C)
                  0000127c    00000004     CC26xx_r2_pem3.obj (.const:ti_sysbios_knl_Task_numConstructedTasks__C)
                  00001280    00000002     CC26xx_r2_pem3.obj (.const:ti_sysbios_family_arm_cc26xx_Timer_Module__id__C)
                  00001282    00000002     CC26xx_r2_pem3.obj (.const:ti_sysbios_family_arm_cc26xx_TimestampProvider_useClockTimer__C)
                  00001284    00000002     CC26xx_r2_pem3.obj (.const:ti_sysbios_family_arm_m3_Hwi_Module__id__C)
                  00001286    00000002     CC26xx_r2_pem3.obj (.const:ti_sysbios_gates_GateHwi_Module__id__C)
                  00001288    00000002     CC26xx_r2_pem3.obj (.const:ti_sysbios_gates_GateMutex_Module__id__C)
                  0000128a    00000002     CC26xx_r2_pem3.obj (.const:ti_sysbios_heaps_HeapMem_Module__id__C)
                  0000128c    00000002     CC26xx_r2_pem3.obj (.const:ti_sysbios_knl_Task_initStackFlag__C)
                  0000128e    00000001     CC26xx_r2_pem3.obj (.const:ti_sysbios_knl_Clock_tickMode__C)

.sysbios_rom_const 
*          0    00001290    00000071     
                  00001290    00000008     CC26xx_r2_pem3.obj (.const:xdc_runtime_Startup_firstFxns__C)
                  00001298    00000008     CC26xx_r2_pem3.obj (.const:xdc_runtime_Startup_lastFxns__C)
                  000012a0    00000004     CC26xx_r2_pem3.obj (.const:xdc_runtime_Assert_E_assertFailed__C)
                  000012a4    00000004     CC26xx_r2_pem3.obj (.const:xdc_runtime_Error_E_memory__C)
                  000012a8    00000004     CC26xx_r2_pem3.obj (.const:xdc_runtime_Error_policyFxn__C)
                  000012ac    00000004     CC26xx_r2_pem3.obj (.const:xdc_runtime_Error_raiseHook__C)
                  000012b0    00000004     CC26xx_r2_pem3.obj (.const:xdc_runtime_IGateProvider_Interface__BASE__C)
                  000012b4    00000004     CC26xx_r2_pem3.obj (.const:xdc_runtime_IHeap_Interface__BASE__C)
                  000012b8    00000004     CC26xx_r2_pem3.obj (.const:xdc_runtime_IModule_Interface__BASE__C)
                  000012bc    00000004     CC26xx_r2_pem3.obj (.const:xdc_runtime_Memory_defaultHeapInstance__C)
                  000012c0    00000004     CC26xx_r2_pem3.obj (.const:xdc_runtime_Startup_execImpl__C)
                  000012c4    00000004     CC26xx_r2_pem3.obj (.const:xdc_runtime_Startup_maxPasses__C)
                  000012c8    00000004     CC26xx_r2_pem3.obj (.const:xdc_runtime_Startup_sfxnRts__C)
                  000012cc    00000004     CC26xx_r2_pem3.obj (.const:xdc_runtime_Startup_sfxnTab__C)
                  000012d0    00000004     CC26xx_r2_pem3.obj (.const:xdc_runtime_Startup_startModsFxn__C)
                  000012d4    00000004     CC26xx_r2_pem3.obj (.const:xdc_runtime_SysCallback_abortFxn__C)
                  000012d8    00000004     CC26xx_r2_pem3.obj (.const:xdc_runtime_SysCallback_exitFxn__C)
                  000012dc    00000004     CC26xx_r2_pem3.obj (.const:xdc_runtime_System_abortFxn__C)
                  000012e0    00000004     CC26xx_r2_pem3.obj (.const:xdc_runtime_System_exitFxn__C)
                  000012e4    00000004     CC26xx_r2_pem3.obj (.const:xdc_runtime_System_maxAtexitHandlers__C)
                  000012e8    00000004     CC26xx_r2_pem3.obj (.const:xdc_runtime_Text_charTab__C)
                  000012ec    00000004     CC26xx_r2_pem3.obj (.const:xdc_runtime_Text_nameEmpty__C)
                  000012f0    00000004     CC26xx_r2_pem3.obj (.const:xdc_runtime_Text_nameStatic__C)
                  000012f4    00000004     CC26xx_r2_pem3.obj (.const:xdc_runtime_Text_nameUnknown__C)
                  000012f8    00000002     CC26xx_r2_pem3.obj (.const:xdc_runtime_Error_maxDepth__C)
                  000012fa    00000002     CC26xx_r2_pem3.obj (.const:xdc_runtime_Memory_Module__id__C)
                  000012fc    00000002     CC26xx_r2_pem3.obj (.const:xdc_runtime_Text_charCnt__C)
                  000012fe    00000002     CC26xx_r2_pem3.obj (.const:xdc_runtime_Text_isLoaded__C)
                  00001300    00000001     CC26xx_r2_pem3.obj (.const:xdc_runtime_Error_policy__C)

.sysbios_rom_const 
*          0    00001304    0000002c     
                  00001304    00000004     CC26xx_r2_pem3.obj (.const:ti_sysbios_rom_ROM_ti_sysbios_family_arm_cc26xx_Timer_getCount64__E)
                  00001308    00000004     CC26xx_r2_pem3.obj (.const:ti_sysbios_rom_ROM_ti_sysbios_family_arm_cc26xx_Timer_getCurrentTick__E)
                  0000130c    00000004     CC26xx_r2_pem3.obj (.const:ti_sysbios_rom_ROM_ti_sysbios_family_arm_cc26xx_Timer_getMaxTicks__E)
                  00001310    00000004     CC26xx_r2_pem3.obj (.const:ti_sysbios_rom_ROM_ti_sysbios_family_arm_cc26xx_Timer_initDevice__I)
                  00001314    00000004     CC26xx_r2_pem3.obj (.const:ti_sysbios_rom_ROM_ti_sysbios_family_arm_cc26xx_Timer_setNextTick__E)
                  00001318    00000004     CC26xx_r2_pem3.obj (.const:ti_sysbios_rom_ROM_ti_sysbios_family_arm_cc26xx_Timer_setThreshold__I)
                  0000131c    00000004     CC26xx_r2_pem3.obj (.const:ti_sysbios_rom_ROM_ti_sysbios_family_arm_cc26xx_Timer_start__E)
                  00001320    00000004     CC26xx_r2_pem3.obj (.const:ti_sysbios_rom_ROM_ti_sysbios_family_arm_cc26xx_TimestampProvider_get32__E)
                  00001324    00000004     CC26xx_r2_pem3.obj (.const:ti_sysbios_rom_ROM_xdc_runtime_Startup_getState__I)
                  00001328    00000004     CC26xx_r2_pem3.obj (.const:ti_sysbios_rom_ROM_xdc_runtime_System_SupportProxy_abort__E)
                  0000132c    00000004     CC26xx_r2_pem3.obj (.const:ti_sysbios_rom_ROM_xdc_runtime_System_SupportProxy_exit__E)

.bigc_text 
*          0    000025c4    00000338     
                  000025c4    0000008c     CC26xx_r2_pem3.obj (.text:xdc_runtime_Startup_getState__I)
                  00002650    00000030     CC26xx_r2_pem3.obj (.text:ti_sysbios_BIOS_atExitFunc__I)
                  00002680    00000030     CC26xx_r2_pem3.obj (.text:ti_sysbios_BIOS_rtsLock__I)
                  000026b0    00000030     CC26xx_r2_pem3.obj (.text:ti_sysbios_BIOS_startFunc__I)
                  000026e0    0000002c     CC26xx_r2_pem3.obj (.text:ti_sysbios_BIOS_rtsUnlock__I)
                  0000270c    00000024     CC26xx_r2_pem3.obj (.text:ti_sysbios_BIOS_registerRTSLock__I)
                  00002730    00000020     CC26xx_r2_pem3.obj (.text:ti_sysbios_BIOS_errorRaiseHook__I)
                  00002750    00000020     CC26xx_r2_pem3.obj (.text:ti_sysbios_BIOS_removeRTSLock__I)
                  00002770    0000001c     CC26xx_r2_pem3.obj (.text:ti_sysbios_rom_cortexm_cc26xx_r2_CC26xx_r2_checkRevision__E)
                  0000278c    00000018     CC26xx_r2_pem3.obj (.text:ti_sysbios_knl_Clock_doTick__I)
                  000027a4    00000018     CC26xx_r2_pem3.obj (.text:xdc_runtime_Startup_exec__I)
                  000027bc    00000016     CC26xx_r2_pem3.obj (.text:ti_sysbios_BIOS_exitFunc__I)
                  000027d2    00000002     CC26xx_r2_pem3.obj (.text:ti_sysbios_BIOS_nullFunc__I)
                  000027d4    0000000c     CC26xx_r2_pem3.obj (.text:ti_sysbios_family_arm_cc26xx_Timer_dynamicStub__E)
                  000027e0    0000000c     CC26xx_r2_pem3.obj (.text:ti_sysbios_family_arm_cc26xx_Timer_getCount64__E)
                  000027ec    0000000c     CC26xx_r2_pem3.obj (.text:ti_sysbios_family_arm_cc26xx_Timer_getCurrentTick__E)
                  000027f8    0000000c     CC26xx_r2_pem3.obj (.text:ti_sysbios_family_arm_cc26xx_Timer_getMaxTicks__E)
                  00002804    0000000c     CC26xx_r2_pem3.obj (.text:ti_sysbios_family_arm_cc26xx_Timer_initDevice__I)
                  00002810    0000000c     CC26xx_r2_pem3.obj (.text:ti_sysbios_family_arm_cc26xx_Timer_setNextTick__E)
                  0000281c    0000000c     CC26xx_r2_pem3.obj (.text:ti_sysbios_family_arm_cc26xx_Timer_setThreshold__I)
                  00002828    0000000c     CC26xx_r2_pem3.obj (.text:ti_sysbios_family_arm_cc26xx_Timer_start__E)
                  00002834    0000000c     CC26xx_r2_pem3.obj (.text:ti_sysbios_family_arm_cc26xx_TimestampProvider_get32__E)
                  00002840    0000000c     CC26xx_r2_pem3.obj (.text:ti_sysbios_knl_Clock_workFuncDynamic__E)
                  0000284c    0000000c     CC26xx_r2_pem3.obj (.text:xdc_runtime_Startup_reset__I)
                  00002858    0000000c     CC26xx_r2_pem3.obj (.text:xdc_runtime_System_SupportProxy_abort__E)
                  00002864    0000000c     CC26xx_r2_pem3.obj (.text:xdc_runtime_System_SupportProxy_exit__E)
                  00002870    00000002     CC26xx_r2_pem3.obj (.text:ti_sysbios_rom_cortexm_cc26xx_r2_CC26xx_r2_badRomRevision__E)
                  00002872    00000002     --HOLE-- [fill = 0]
                  00002874    00000008     mangled_BIOS_rom.obj (.tramp.xdc_runtime_SysCallback_exit__E.1)
                  0000287c    00000008     mangled_BIOS_rom.obj (.tramp.xdc_runtime_SysCallback_abort__E.1)
                  00002884    00000008     mangled_BIOS_rom.obj (.tramp.xdc_runtime_System_exit__E.2)
                  0000288c    00000008     mangled_BIOS_rom.obj (.tramp.ti_sysbios_knl_Swi_post__E.1)
                  00002894    00000008     mangled_BIOS_rom.obj (.tramp.ti_sysbios_knl_Clock_logTick__E.1)
                  0000289c    00000008     mangled_BIOS_rom.obj (.tramp.ti_sysbios_BIOS_RtsGateProxy_leave__E.1)
                  000028a4    00000008     mangled_BIOS_rom.obj (.tramp.ti_sysbios_knl_Task_startup__E.1)
                  000028ac    00000008     mangled_BIOS_rom.obj (.tramp.ti_sysbios_knl_Swi_startup__E.1)
                  000028b4    00000008     mangled_BIOS_rom.obj (.tramp.ti_sysbios_hal_Hwi_startup__E.1)
                  000028bc    00000008     mangled_BIOS_rom.obj (.tramp.ti_sysbios_family_arm_cc26xx_Timer_startup__E.1)
                  000028c4    00000008     mangled_BIOS_rom.obj (.tramp.xdc_runtime_System_atexit__E.1)
                  000028cc    00000008     mangled_BIOS_rom.obj (.tramp.ti_sysbios_BIOS_linkedWithIncorrectBootLibrary__E.1)
                  000028d4    00000008     mangled_BIOS_rom.obj (.tramp.xdc_runtime_Startup_rtsDone__E.1)
                  000028dc    00000008     mangled_BIOS_rom.obj (.tramp.ti_sysbios_BIOS_RtsGateProxy_enter__E.1)
                  000028e4    00000008     mangled_BIOS_rom.obj (.tramp.ti_sysbios_BIOS_setThreadType__E.1)
                  000028ec    00000008     mangled_BIOS_rom.obj (.tramp.ti_sysbios_knl_Task_disable__E.1)
                  000028f4    00000008     mangled_BIOS_rom.obj (.tramp.ti_sysbios_knl_Swi_disable__E.1)

.mangled_apis_text 
*          0    000028fc    00000244     
                  000028fc    00000098     mangled_BIOS_rom.obj (.text:ti_sysbios_knl_Clock_workFuncDynamic__E__mangled__)
                  00002994    00000058     mangled_BIOS_rom.obj (.text:ti_sysbios_family_arm_cc26xx_Timer_start__E__mangled__)
                  000029ec    00000040     mangled_BIOS_rom.obj (.text:ti_sysbios_family_arm_cc26xx_Timer_getCurrentTick__E__mangled__)
                  00002a2c    00000040     mangled_BIOS_rom.obj (.text:ti_sysbios_family_arm_cc26xx_Timer_setNextTick__E__mangled__)
                  00002a6c    00000030     mangled_BIOS_rom.obj (.text:ti_sysbios_family_arm_cc26xx_Timer_setThreshold__I__mangled__)
                  00002a9c    00000028     mangled_BIOS_rom.obj (.text:ti_sysbios_family_arm_cc26xx_Timer_getMaxTicks__E__mangled__)
                  00002ac4    00000028     mangled_BIOS_rom.obj (.text:ti_sysbios_family_arm_cc26xx_Timer_initDevice__I__mangled__)
                  00002aec    0000001c     mangled_BIOS_rom.obj (.text:ti_sysbios_family_arm_cc26xx_Timer_dynamicStub__E__mangled__)
                  00002b08    0000001c     mangled_BIOS_rom.obj (.text:ti_sysbios_family_arm_cc26xx_TimestampProvider_get32__E__mangled__)
                  00002b24    00000004     mangled_BIOS_rom.obj (.text:ti_sysbios_family_arm_cc26xx_Timer_getCount64__E__mangled__)
                  00002b28    00000008     mangled_BIOS_rom.obj (.tramp.ti_sysbios_knl_Clock_scheduleNextTick__E.1)
                  00002b30    00000008     mangled_BIOS_rom.obj (.tramp.ti_sysbios_knl_Clock_walkQueueDynamic__E.1)
                  00002b38    00000008     mangled_BIOS_rom.obj (.tramp.ti_sysbios_knl_Clock_TimerProxy_getCurrentTick__E.1)

.sysbios_rom_text 
*          0    10019b00    00000004     
                  10019b00    00000004     CC26xx_r2_pem3.obj (.const:ti_sysbios_rom_cortexm_cc26xx_r2_CC26xx_r2_REVISION__C)

.sysbios_rom_text 
*          0    10019b04    0000260a     
                  10019b04    000000f4     mangled_BIOS_rom.obj (.text:ti_sysbios_knl_Semaphore_pend__E)
                  10019bf8    000000e8     mangled_BIOS_rom.obj (.text:ti_sysbios_knl_Event_pend__E)
                  10019ce0    000000cc     mangled_BIOS_rom.obj (.text:ti_sysbios_knl_Task_Instance_init__E)
                  10019dac    000000c8     mangled_BIOS_rom.obj (.text:ti_sysbios_knl_Mailbox_Instance_init__E)
                  10019e74    000000c4     mangled_BIOS_rom.obj (.text:ti_sysbios_heaps_HeapMem_alloc__E)
                  10019f38    000000b0     mangled_BIOS_rom.obj (.text:ti_sysbios_family_arm_m3_Hwi_postInit__I)
                  10019fe8    0000009c     mangled_BIOS_rom.obj (.text:ti_sysbios_family_arm_cc26xx_Timer_periodicStub__E)
                  1001a084    00000098     mangled_BIOS_rom.obj (.text:ti_sysbios_family_arm_m3_Hwi_Instance_init__E)
                  1001a11c    00000094     mangled_BIOS_rom.obj (.text:ti_sysbios_knl_Task_Instance_finalize__E)
                  1001a1b0    00000084     mangled_BIOS_rom.obj (.text:ti_sysbios_knl_Mailbox_post__E)
                  1001a234    00000080     mangled_BIOS_rom.obj (.text:ti_sysbios_family_arm_m3_Hwi_initNVIC__E)
                  1001a2b4    00000080     mangled_BIOS_rom.obj (.text:ti_sysbios_knl_Clock_startI__E)
                  1001a334    00000080     mangled_BIOS_rom.obj (.text:ti_sysbios_knl_Task_postInit__I)
                  1001a3b4    00000078     mangled_BIOS_rom.obj (.text:ti_sysbios_heaps_HeapMem_free__E)
                  1001a42c    00000078     mangled_BIOS_rom.obj (.text:ti_sysbios_knl_Clock_walkQueueDynamic__E)
                  1001a4a4    00000078     mangled_BIOS_rom.obj (.text:ti_sysbios_knl_Clock_workFunc__E)
                  1001a51c    00000074     mangled_BIOS_rom.obj (.text:ti_sysbios_knl_Semaphore_post__E)
                  1001a590    00000070     mangled_BIOS_rom.obj (.text:ti_sysbios_knl_Event_post__E)
                  1001a600    00000070     mangled_BIOS_rom.obj (.text:ti_sysbios_knl_Mailbox_Instance_finalize__E)
                  1001a670    00000070     mangled_BIOS_rom.obj (.text:ti_sysbios_knl_Mailbox_pend__E)
                  1001a6e0    00000070     mangled_BIOS_rom.obj (.text:ti_sysbios_knl_Task_sleep__E)
                  1001a750    00000068     mangled_BIOS_rom.obj (.text:ti_sysbios_knl_Semaphore_Instance_init__E)
                  1001a7b8    00000068     mangled_BIOS_rom.obj (.text:ti_sysbios_knl_Swi_restoreHwi__E)
                  1001a820    00000064     mangled_BIOS_rom.obj (.text:ti_sysbios_family_arm_m3_Hwi_Object__create__S)
                  1001a884    00000064     mangled_BIOS_rom.obj (.text:ti_sysbios_family_arm_m3_Hwi_dispatchC__I)
                  1001a8e8    00000064     mangled_BIOS_rom.obj (.text:ti_sysbios_hal_Hwi_create)
                  1001a94c    00000060     mangled_BIOS_rom.obj (.text:ti_sysbios_family_arm_m3_Hwi_create)
                  1001a9ac    00000060     mangled_BIOS_rom.obj (.text:ti_sysbios_knl_Mailbox_create)
                  1001aa0c    00000060     mangled_BIOS_rom.obj (.text:ti_sysbios_knl_Swi_Instance_init__E)
                  1001aa6c    0000005c     mangled_BIOS_rom.obj (.text:ti_sysbios_family_arm_m3_Hwi_Instance_finalize__E)
                  1001aac8    0000005c     mangled_BIOS_rom.obj (.text:ti_sysbios_knl_Task_Module_startup__E)
                  1001ab24    0000005c     mangled_BIOS_rom.obj (.text:ti_sysbios_knl_Task_startCore__E)
                  1001ab80    00000058     mangled_BIOS_rom.obj (.text:ti_sysbios_family_arm_m3_Hwi_construct)
                  1001abd8    00000058     mangled_BIOS_rom.obj (.text:ti_sysbios_knl_Mailbox_construct)
                  1001ac30    00000058     mangled_BIOS_rom.obj (.text:ti_sysbios_knl_Swi_create)
                  1001ac88    00000058     mangled_BIOS_rom.obj (.text:ti_sysbios_knl_Swi_run__I)
                  1001ace0    00000058     mangled_BIOS_rom.obj (.text:ti_sysbios_knl_Task_create)
                  1001ad38    00000054     mangled_BIOS_rom.obj (.text:ti_sysbios_knl_Swi_schedule__I)
                  1001ad8c    00000050     mangled_BIOS_rom.obj (.text:ti_sysbios_knl_Swi_construct)
                  1001addc    00000050     mangled_BIOS_rom.obj (.text:ti_sysbios_knl_Swi_runLoop__I)
                  1001ae2c    00000050     mangled_BIOS_rom.obj (.text:ti_sysbios_knl_Task_construct)
                  1001ae7c    0000004c     mangled_BIOS_rom.obj (.text:ti_sysbios_knl_Task_schedule__I)
                  1001aec8    00000048     mangled_BIOS_rom.obj (.text:ti_sysbios_family_arm_m3_Hwi_Module_startup__E)
                  1001af10    00000048     mangled_BIOS_rom.obj (.text:ti_sysbios_heaps_HeapMem_getStats__E)
                  1001af58    00000044     mangled_BIOS_rom.obj (.text:ti_sysbios_family_arm_m3_Hwi_disableInterrupt__E)
                  1001af9c    00000044     mangled_BIOS_rom.obj (.text:ti_sysbios_family_arm_m3_Hwi_enableInterrupt__E)
                  1001afe0    00000044     mangled_BIOS_rom.obj (.text:ti_sysbios_knl_Mailbox_Module_startup__E)
                  1001b024    00000044     mangled_BIOS_rom.obj (.text:ti_sysbios_knl_Swi_post__E)
                  1001b068    00000044     mangled_BIOS_rom.obj (.text:ti_sysbios_knl_Task_allBlockedFunction__I)
                  1001b0ac    00000040     mangled_BIOS_rom.obj (.text:ti_sysbios_family_arm_m3_Hwi_getStackInfo__E)
                  1001b0ec    00000040     mangled_BIOS_rom.obj (.text:ti_sysbios_knl_Task_yield__E)
                  1001b12c    0000003a     mangled_BIOS_rom.obj (.text:ti_sysbios_knl_Task_exit__E)
                  1001b166    00000002     mangled_BIOS_rom.obj (.text:ti_sysbios_BIOS_linkedWithIncorrectBootLibrary__E)
                  1001b168    00000038     mangled_BIOS_rom.obj (.text:ti_sysbios_family_arm_m3_TaskSupport_start__E)
                  1001b1a0    00000038     mangled_BIOS_rom.obj (.text:ti_sysbios_heaps_HeapMem_Instance_init__E)
                  1001b1d8    00000038     mangled_BIOS_rom.obj (.text:ti_sysbios_knl_Clock_Instance_init__E)
                  1001b210    00000038     mangled_BIOS_rom.obj (.text:ti_sysbios_knl_Clock_create)
                  1001b248    00000034     mangled_BIOS_rom.obj (.text:ti_sysbios_heaps_HeapMem_init__I)
                  1001b27c    00000034     mangled_BIOS_rom.obj (.text:ti_sysbios_knl_Clock_construct)
                  1001b2b0    00000034     mangled_BIOS_rom.obj (.text:ti_sysbios_knl_Clock_getTicks__E)
                  1001b2e4    00000034     mangled_BIOS_rom.obj (.text:ti_sysbios_knl_Semaphore_create)
                  1001b318    00000034     mangled_BIOS_rom.obj (.text:ti_sysbios_knl_Swi_restore__E)
                  1001b34c    00000034     mangled_BIOS_rom.obj (.text:ti_sysbios_knl_Task_blockI__E)
                  1001b380    00000030     mangled_BIOS_rom.obj (.text:ti_sysbios_gates_GateMutex_Object__create__S)
                  1001b3b0    00000030     mangled_BIOS_rom.obj (.text:ti_sysbios_gates_GateMutex_create)
                  1001b3e0    00000030     mangled_BIOS_rom.obj (.text:ti_sysbios_gates_GateMutex_enter__E)
                  1001b410    00000030     mangled_BIOS_rom.obj (.text:ti_sysbios_knl_Event_create)
                  1001b440    00000030     mangled_BIOS_rom.obj (.text:ti_sysbios_knl_Semaphore_construct)
                  1001b470    00000030     mangled_BIOS_rom.obj (.text:ti_sysbios_knl_Task_processVitalTaskFlag__I)
                  1001b4a0    0000002c     mangled_BIOS_rom.obj (.text:ti_sysbios_family_arm_cc26xx_Timer_postInit__I)
                  1001b4cc    0000002c     mangled_BIOS_rom.obj (.text:ti_sysbios_family_arm_cc26xx_Timer_startup__E)
                  1001b4f8    0000002c     mangled_BIOS_rom.obj (.text:ti_sysbios_family_arm_m3_Hwi_Object__get__S)
                  1001b524    0000002c     mangled_BIOS_rom.obj (.text:ti_sysbios_gates_GateMutex_construct)
                  1001b550    0000002c     mangled_BIOS_rom.obj (.text:ti_sysbios_hal_Hwi_initStack)
                  1001b57c    0000002c     mangled_BIOS_rom.obj (.text:ti_sysbios_heaps_HeapMem_Object__create__S)
                  1001b5a8    0000002c     mangled_BIOS_rom.obj (.text:ti_sysbios_heaps_HeapMem_Object__get__S)
                  1001b5d4    0000002c     mangled_BIOS_rom.obj (.text:ti_sysbios_knl_Event_construct)
                  1001b600    0000002c     mangled_BIOS_rom.obj (.text:ti_sysbios_knl_Event_pendTimeout__I)
                  1001b62c    0000002c     mangled_BIOS_rom.obj (.text:ti_sysbios_knl_Mailbox_Object__get__S)
                  1001b658    0000002c     mangled_BIOS_rom.obj (.text:ti_sysbios_knl_Mailbox_postInit__I)
                  1001b684    0000002c     mangled_BIOS_rom.obj (.text:ti_sysbios_knl_Queue_construct)
                  1001b6b0    0000002c     mangled_BIOS_rom.obj (.text:ti_sysbios_knl_Queue_create)
                  1001b6dc    0000002c     mangled_BIOS_rom.obj (.text:ti_sysbios_knl_Semaphore_pendTimeout__I)
                  1001b708    0000002c     mangled_BIOS_rom.obj (.text:ti_sysbios_knl_Swi_Object__get__S)
                  1001b734    0000002c     mangled_BIOS_rom.obj (.text:ti_sysbios_knl_Task_unblockI__E)
                  1001b760    00000028     mangled_BIOS_rom.obj (.text:ti_sysbios_family_arm_cc26xx_TimestampProvider_get64__E)
                  1001b788    00000028     mangled_BIOS_rom.obj (.text:ti_sysbios_knl_Clock_addI__E)
                  1001b7b0    00000028     mangled_BIOS_rom.obj (.text:ti_sysbios_knl_Semaphore_Instance_finalize__E)
                  1001b7d8    00000028     mangled_BIOS_rom.obj (.text:ti_sysbios_knl_Task_restore__E)
                  1001b800    00000026     mangled_BIOS_rom.obj (.text:ti_sysbios_hal_Hwi_Instance_init__E)
                  1001b826    00000002     mangled_BIOS_rom.obj (.text:ti_sysbios_gates_GateHwi_Instance_init__E)
                  1001b828    00000024     mangled_BIOS_rom.obj (.text:ti_sysbios_family_arm_cc26xx_Timer_Module_startup__E)
                  1001b84c    00000024     mangled_BIOS_rom.obj (.text:ti_sysbios_gates_GateHwi_Object__create__S)
                  1001b870    00000024     mangled_BIOS_rom.obj (.text:ti_sysbios_gates_GateMutex_Object__delete__S)
                  1001b894    00000024     mangled_BIOS_rom.obj (.text:ti_sysbios_knl_Clock_Object__delete__S)
                  1001b8b8    00000024     mangled_BIOS_rom.obj (.text:ti_sysbios_knl_Semaphore_Object__delete__S)
                  1001b8dc    00000020     mangled_BIOS_rom.obj (.text:ti_sysbios_family_arm_cc26xx_Timer_Module__startupDone__S)
                  1001b8fc    00000020     mangled_BIOS_rom.obj (.text:ti_sysbios_family_arm_cc26xx_TimestampProvider_Module_startup__E)
                  1001b91c    00000020     mangled_BIOS_rom.obj (.text:ti_sysbios_family_arm_m3_Hwi_Module__startupDone__S)
                  1001b93c    00000020     mangled_BIOS_rom.obj (.text:ti_sysbios_family_arm_m3_Hwi_Object__delete__S)
                  1001b95c    00000020     mangled_BIOS_rom.obj (.text:ti_sysbios_family_arm_m3_Hwi_excHandler__I)
                  1001b97c    00000020     mangled_BIOS_rom.obj (.text:ti_sysbios_gates_GateHwi_Handle__label__S)
                  1001b99c    00000020     mangled_BIOS_rom.obj (.text:ti_sysbios_gates_GateHwi_Object__delete__S)
                  1001b9bc    00000020     mangled_BIOS_rom.obj (.text:ti_sysbios_gates_GateMutex_Handle__label__S)
                  1001b9dc    00000020     mangled_BIOS_rom.obj (.text:ti_sysbios_gates_GateMutex_Object__destruct__S)
                  1001b9fc    00000020     mangled_BIOS_rom.obj (.text:ti_sysbios_hal_Hwi_Object__delete__S)
                  1001ba1c    00000020     mangled_BIOS_rom.obj (.text:ti_sysbios_heaps_HeapMem_Handle__label__S)
                  1001ba3c    00000020     mangled_BIOS_rom.obj (.text:ti_sysbios_heaps_HeapMem_Object__delete__S)
                  1001ba5c    00000020     mangled_BIOS_rom.obj (.text:ti_sysbios_knl_Clock_Module_startup__E)
                  1001ba7c    00000020     mangled_BIOS_rom.obj (.text:ti_sysbios_knl_Clock_Object__destruct__S)
                  1001ba9c    00000020     mangled_BIOS_rom.obj (.text:ti_sysbios_knl_Clock_stop__E)
                  1001babc    00000020     mangled_BIOS_rom.obj (.text:ti_sysbios_knl_Event_Object__delete__S)
                  1001badc    00000020     mangled_BIOS_rom.obj (.text:ti_sysbios_knl_Event_checkEvents__I)
                  1001bafc    00000020     mangled_BIOS_rom.obj (.text:ti_sysbios_knl_Idle_run__E)
                  1001bb1c    00000020     mangled_BIOS_rom.obj (.text:ti_sysbios_knl_Mailbox_Object__delete__S)
                  1001bb3c    00000020     mangled_BIOS_rom.obj (.text:ti_sysbios_knl_Queue_Object__delete__S)
                  1001bb5c    00000020     mangled_BIOS_rom.obj (.text:ti_sysbios_knl_Queue_Object__get__S)
                  1001bb7c    00000020     mangled_BIOS_rom.obj (.text:ti_sysbios_knl_Semaphore_Object__destruct__S)
                  1001bb9c    00000020     mangled_BIOS_rom.obj (.text:ti_sysbios_knl_Swi_Object__delete__S)
                  1001bbbc    00000020     mangled_BIOS_rom.obj (.text:ti_sysbios_knl_Task_Object__delete__S)
                  1001bbdc    00000020     mangled_BIOS_rom.obj (.text:ti_sysbios_knl_Task_Object__get__S)
                  1001bbfc    00000020     mangled_BIOS_rom.obj (.text:ti_sysbios_knl_Task_restoreHwi__E)
                  1001bc1c    0000001c     mangled_BIOS_rom.obj (.text:ti_sysbios_family_arm_m3_Hwi_Object__destruct__S)
                  1001bc38    0000001c     mangled_BIOS_rom.obj (.text:ti_sysbios_family_arm_m3_Hwi_setPriority__E)
                  1001bc54    0000001c     mangled_BIOS_rom.obj (.text:ti_sysbios_gates_GateMutex_Instance_init__E)
                  1001bc70    0000001c     mangled_BIOS_rom.obj (.text:ti_sysbios_hal_Hwi_HwiProxy_create)
                  1001bc8c    0000001c     mangled_BIOS_rom.obj (.text:ti_sysbios_knl_Clock_scheduleNextTick__E)
                  1001bca8    0000001c     mangled_BIOS_rom.obj (.text:ti_sysbios_knl_Event_Object__destruct__S)
                  1001bcc4    0000001c     mangled_BIOS_rom.obj (.text:ti_sysbios_knl_Mailbox_Object__destruct__S)
                  1001bce0    0000001c     mangled_BIOS_rom.obj (.text:ti_sysbios_knl_Queue_Object__destruct__S)
                  1001bcfc    0000001c     mangled_BIOS_rom.obj (.text:ti_sysbios_knl_Queue_get__E)
                  1001bd18    0000001c     mangled_BIOS_rom.obj (.text:ti_sysbios_knl_Queue_put__E)
                  1001bd34    0000001c     mangled_BIOS_rom.obj (.text:ti_sysbios_knl_Swi_Object__destruct__S)
                  1001bd50    0000001c     mangled_BIOS_rom.obj (.text:ti_sysbios_knl_Task_Object__destruct__S)
                  1001bd6c    0000001c     mangled_BIOS_rom.obj (.text:ti_sysbios_knl_Task_enter__I)
                  1001bd88    0000001a     mangled_BIOS_rom.obj (.text:ti_sysbios_knl_Task_sleepTimeout__I)
                  1001bda2    00000002     mangled_BIOS_rom.obj (.text:ti_sysbios_knl_Clock_logTick__E)
                  1001bda4    00000018     mangled_BIOS_rom.obj (.text:ti_sysbios_family_arm_m3_Hwi_plug__E)
                  1001bdbc    00000018     mangled_BIOS_rom.obj (.text:ti_sysbios_gates_GateMutex_leave__E)
                  1001bdd4    00000018     mangled_BIOS_rom.obj (.text:ti_sysbios_knl_Task_unblock__E)
                  1001bdec    00000016     mangled_BIOS_rom.obj (.text:ti_sysbios_knl_Clock_Instance_finalize__E)
                  1001be02    00000016     mangled_BIOS_rom.obj (.text:ti_sysbios_knl_Clock_start__E)
                  1001be18    00000014     mangled_BIOS_rom.obj (.text:ti_sysbios_family_arm_m3_Hwi_switchFromBootStack__E)
                  1001be2c    00000014     mangled_BIOS_rom.obj (.text:ti_sysbios_knl_Event_Instance_init__E)
                  1001be40    00000012     mangled_BIOS_rom.obj (.text:ti_sysbios_hal_Hwi_Module_startup__E)
                  1001be52    00000012     mangled_BIOS_rom.obj (.text:ti_sysbios_knl_Event_sync__E)
                  1001be64    00000010     mangled_BIOS_rom.obj (.text:ti_sysbios_BIOS_exit__E)
                  1001be74    00000010     mangled_BIOS_rom.obj (.text:ti_sysbios_BIOS_getCpuFreq__E)
                  1001be84    00000010     mangled_BIOS_rom.obj (.text:ti_sysbios_BIOS_setThreadType__E)
                  1001be94    00000010     mangled_BIOS_rom.obj (.text:ti_sysbios_BIOS_start__E)
                  1001bea4    00000010     mangled_BIOS_rom.obj (.text:ti_sysbios_gates_GateMutex_Instance_finalize__E)
                  1001beb4    00000010     mangled_BIOS_rom.obj (.text:ti_sysbios_hal_Hwi_HwiProxy_Object__create__S)
                  1001bec4    00000010     mangled_BIOS_rom.obj (.text:ti_sysbios_knl_Clock_TimerProxy_getCurrentTick__E)
                  1001bed4    00000010     mangled_BIOS_rom.obj (.text:ti_sysbios_knl_Clock_TimerProxy_getMaxTicks__E)
                  1001bee4    00000010     mangled_BIOS_rom.obj (.text:ti_sysbios_knl_Clock_TimerProxy_setNextTick__E)
                  1001bef4    00000010     mangled_BIOS_rom.obj (.text:ti_sysbios_knl_Swi_disable__E)
                  1001bf04    00000010     mangled_BIOS_rom.obj (.text:ti_sysbios_knl_Swi_enabled__E)
                  1001bf14    00000010     mangled_BIOS_rom.obj (.text:ti_sysbios_knl_Task_disable__E)
                  1001bf24    0000000e     mangled_BIOS_rom.obj (.text:ti_sysbios_heaps_HeapMem_restore__E)
                  1001bf32    0000000e     mangled_BIOS_rom.obj (.text:ti_sysbios_knl_Queue_empty__E)
                  1001bf40    0000000e     mangled_BIOS_rom.obj (.text:ti_sysbios_knl_Queue_remove__E)
                  1001bf4e    0000000c     mangled_BIOS_rom.obj (.text:ti_sysbios_family_arm_cc26xx_TimestampProvider_getFreq__E)
                  1001bf5a    00000002     mangled_BIOS_rom.obj (.text:ti_sysbios_knl_Clock_triggerFunc__I)
                  1001bf5c    0000000c     mangled_BIOS_rom.obj (.text:ti_sysbios_family_arm_m3_Hwi_Params__init__S)
                  1001bf68    0000000c     mangled_BIOS_rom.obj (.text:ti_sysbios_family_arm_m3_Hwi_disableFxn__E)
                  1001bf74    0000000c     mangled_BIOS_rom.obj (.text:ti_sysbios_family_arm_m3_Hwi_enableFxn__E)
                  1001bf80    0000000c     mangled_BIOS_rom.obj (.text:ti_sysbios_family_arm_m3_TaskSupport_getStackAlignment__E)
                  1001bf8c    0000000c     mangled_BIOS_rom.obj (.text:ti_sysbios_gates_GateHwi_enter__E)
                  1001bf98    0000000c     mangled_BIOS_rom.obj (.text:ti_sysbios_gates_GateMutex_Params__init__S)
                  1001bfa4    0000000c     mangled_BIOS_rom.obj (.text:ti_sysbios_knl_Clock_Params__init__S)
                  1001bfb0    0000000c     mangled_BIOS_rom.obj (.text:ti_sysbios_knl_Clock_getTimerHandle__E)
                  1001bfbc    0000000c     mangled_BIOS_rom.obj (.text:ti_sysbios_knl_Event_Params__init__S)
                  1001bfc8    0000000c     mangled_BIOS_rom.obj (.text:ti_sysbios_knl_Mailbox_Params__init__S)
                  1001bfd4    0000000c     mangled_BIOS_rom.obj (.text:ti_sysbios_knl_Queue_dequeue__E)
                  1001bfe0    0000000c     mangled_BIOS_rom.obj (.text:ti_sysbios_knl_Queue_enqueue__E)
                  1001bfec    0000000c     mangled_BIOS_rom.obj (.text:ti_sysbios_knl_Semaphore_Params__init__S)
                  1001bff8    0000000c     mangled_BIOS_rom.obj (.text:ti_sysbios_knl_Swi_Params__init__S)
                  1001c004    0000000c     mangled_BIOS_rom.obj (.text:ti_sysbios_knl_Task_Params__init__S)
                  1001c010    0000000c     mangled_BIOS_rom.obj (.text:ti_sysbios_knl_Task_self__E)
                  1001c01c    0000000a     mangled_BIOS_rom.obj (.text:ti_sysbios_hal_Hwi_Instance_finalize__E)
                  1001c026    00000008     mangled_BIOS_rom.obj (.text:ti_sysbios_family_arm_m3_Hwi_doSwiRestore__I)
                  1001c02e    00000008     mangled_BIOS_rom.obj (.text:ti_sysbios_family_arm_m3_Hwi_startup__E)
                  1001c036    00000008     mangled_BIOS_rom.obj (.text:ti_sysbios_knl_Idle_loop__E)
                  1001c03e    00000006     mangled_BIOS_rom.obj (.text:ti_sysbios_family_arm_m3_Hwi_doTaskRestore__I)
                  1001c044    00000006     mangled_BIOS_rom.obj (.text:ti_sysbios_family_arm_m3_Hwi_restoreFxn__E)
                  1001c04a    00000006     mangled_BIOS_rom.obj (.text:ti_sysbios_gates_GateHwi_leave__E)
                  1001c050    00000006     mangled_BIOS_rom.obj (.text:ti_sysbios_heaps_HeapMem_isBlocking__E)
                  1001c056    00000006     mangled_BIOS_rom.obj (.text:ti_sysbios_knl_Queue_Instance_init__E)
                  1001c05c    00000006     mangled_BIOS_rom.obj (.text:ti_sysbios_knl_Queue_elemClear__E)
                  1001c062    00000006     mangled_BIOS_rom.obj (.text:ti_sysbios_knl_Swi_Module_startup__E)
                  1001c068    00000006     mangled_BIOS_rom.obj (.text:ti_sysbios_knl_Swi_startup__E)
                  1001c06e    00000006     mangled_BIOS_rom.obj (.text:ti_sysbios_knl_Task_enable__E)
                  1001c074    00000004     mangled_BIOS_rom.obj (.text:ti_sysbios_BIOS_RtsGateProxy_enter__E)
                  1001c078    00000004     mangled_BIOS_rom.obj (.text:ti_sysbios_BIOS_RtsGateProxy_leave__E)
                  1001c07c    00000004     mangled_BIOS_rom.obj (.text:ti_sysbios_family_arm_cc26xx_Timer_getExpiredTicks__E)
                  1001c080    00000004     mangled_BIOS_rom.obj (.text:ti_sysbios_family_arm_cc26xx_Timer_getPeriod__E)
                  1001c084    00000004     mangled_BIOS_rom.obj (.text:ti_sysbios_family_arm_cc26xx_Timer_setPeriod__E)
                  1001c088    00000004     mangled_BIOS_rom.obj (.text:ti_sysbios_family_arm_m3_Hwi_delete)
                  1001c08c    00000004     mangled_BIOS_rom.obj (.text:ti_sysbios_family_arm_m3_Hwi_destruct)
                  1001c090    00000004     mangled_BIOS_rom.obj (.text:ti_sysbios_family_arm_m3_TaskSupport_Module__startupDone__S)
                  1001c094    00000004     mangled_BIOS_rom.obj (.text:ti_sysbios_gates_GateHwi_query__E)
                  1001c098    00000004     mangled_BIOS_rom.obj (.text:ti_sysbios_gates_GateMutex_delete)
                  1001c09c    00000004     mangled_BIOS_rom.obj (.text:ti_sysbios_gates_GateMutex_destruct)
                  1001c0a0    00000004     mangled_BIOS_rom.obj (.text:ti_sysbios_gates_GateMutex_query__E)
                  1001c0a4    00000004     mangled_BIOS_rom.obj (.text:ti_sysbios_hal_Hwi_HwiProxy_delete)
                  1001c0a8    00000004     mangled_BIOS_rom.obj (.text:ti_sysbios_hal_Hwi_delete)
                  1001c0ac    00000004     mangled_BIOS_rom.obj (.text:ti_sysbios_heaps_HeapMem_Module_GateProxy_enter__E)
                  1001c0b0    00000004     mangled_BIOS_rom.obj (.text:ti_sysbios_heaps_HeapMem_Module_GateProxy_leave__E)
                  1001c0b4    00000004     mangled_BIOS_rom.obj (.text:ti_sysbios_knl_Clock_TimerProxy_getExpiredTicks__E)
                  1001c0b8    00000004     mangled_BIOS_rom.obj (.text:ti_sysbios_knl_Clock_TimerProxy_getPeriod__E)
                  1001c0bc    00000004     mangled_BIOS_rom.obj (.text:ti_sysbios_knl_Clock_delete)
                  1001c0c0    00000004     mangled_BIOS_rom.obj (.text:ti_sysbios_knl_Clock_destruct)
                  1001c0c4    00000004     mangled_BIOS_rom.obj (.text:ti_sysbios_knl_Clock_removeI__E)
                  1001c0c8    00000004     mangled_BIOS_rom.obj (.text:ti_sysbios_knl_Clock_setTimeout__E)
                  1001c0cc    00000004     mangled_BIOS_rom.obj (.text:ti_sysbios_knl_Event_delete)
                  1001c0d0    00000004     mangled_BIOS_rom.obj (.text:ti_sysbios_knl_Event_destruct)
                  1001c0d4    00000004     mangled_BIOS_rom.obj (.text:ti_sysbios_knl_Mailbox_delete)
                  1001c0d8    00000004     mangled_BIOS_rom.obj (.text:ti_sysbios_knl_Mailbox_destruct)
                  1001c0dc    00000004     mangled_BIOS_rom.obj (.text:ti_sysbios_knl_Queue_delete)
                  1001c0e0    00000004     mangled_BIOS_rom.obj (.text:ti_sysbios_knl_Queue_destruct)
                  1001c0e4    00000004     mangled_BIOS_rom.obj (.text:ti_sysbios_knl_Queue_head__E)
                  1001c0e8    00000004     mangled_BIOS_rom.obj (.text:ti_sysbios_knl_Queue_next__E)
                  1001c0ec    00000004     mangled_BIOS_rom.obj (.text:ti_sysbios_knl_Semaphore_delete)
                  1001c0f0    00000004     mangled_BIOS_rom.obj (.text:ti_sysbios_knl_Semaphore_destruct)
                  1001c0f4    00000004     mangled_BIOS_rom.obj (.text:ti_sysbios_knl_Swi_delete)
                  1001c0f8    00000004     mangled_BIOS_rom.obj (.text:ti_sysbios_knl_Swi_destruct)
                  1001c0fc    00000004     mangled_BIOS_rom.obj (.text:ti_sysbios_knl_Swi_postInit__I)
                  1001c100    00000004     mangled_BIOS_rom.obj (.text:ti_sysbios_knl_Task_delete)
                  1001c104    00000004     mangled_BIOS_rom.obj (.text:ti_sysbios_knl_Task_destruct)
                  1001c108    00000004     mangled_BIOS_rom.obj (.text:ti_sysbios_knl_Task_startup__E)
                  1001c10c    00000002     mangled_BIOS_rom.obj (.text:ti_sysbios_knl_Swi_Instance_finalize__E)

.sysbios_rom_text 
*          0    1001c110    0000067c     
                  1001c110    000000f8     mangled_BIOS_rom.obj (.text:xdc_runtime_Startup_startMods__I)
                  1001c208    000000a8     mangled_BIOS_rom.obj (.text:xdc_runtime_Error_policyDefault__E)
                  1001c2b0    00000080     mangled_BIOS_rom.obj (.text:xdc_runtime_Core_createObject__I)
                  1001c330    0000006c     mangled_BIOS_rom.obj (.text:xdc_runtime_Memory_alloc__E)
                  1001c39c    0000005e     mangled_BIOS_rom.obj (.text:xdc_runtime_Core_deleteObject__I)
                  1001c3fa    00000002     mangled_BIOS_rom.obj (.text:xdc_runtime_Error_policySpin__E)
                  1001c3fc    00000050     mangled_BIOS_rom.obj (.text:xdc_runtime_Startup_exec__E)
                  1001c44c    00000048     mangled_BIOS_rom.obj (.text:xdc_runtime_Assert_raise__I)
                  1001c494    00000048     mangled_BIOS_rom.obj (.text:xdc_runtime_Core_assignParams__I)
                  1001c4dc    00000048     mangled_BIOS_rom.obj (.text:xdc_runtime_Core_constructObject__I)
                  1001c524    00000044     mangled_BIOS_rom.obj (.text:xdc_runtime_Error_setX__E)
                  1001c568    00000038     mangled_BIOS_rom.obj (.text:xdc_runtime_System_atexit__E)
                  1001c5a0    00000034     mangled_BIOS_rom.obj (.text:xdc_runtime_Core_assignLabel__I)
                  1001c5d4    00000034     mangled_BIOS_rom.obj (.text:xdc_runtime_System_processAtExit__E)
                  1001c608    0000002c     mangled_BIOS_rom.obj (.text:xdc_runtime_Text_cordText__E)
                  1001c634    00000020     mangled_BIOS_rom.obj (.text:xdc_runtime_System_abort__E)
                  1001c654    0000001c     mangled_BIOS_rom.obj (.text:xdc_runtime_Error_raiseX__E)
                  1001c670    0000001c     mangled_BIOS_rom.obj (.text:xdc_runtime_Memory_valloc__E)
                  1001c68c    00000018     mangled_BIOS_rom.obj (.text:xdc_runtime_Core_destructObject__I)
                  1001c6a4    00000018     mangled_BIOS_rom.obj (.text:xdc_runtime_Error_check__E)
                  1001c6bc    00000018     mangled_BIOS_rom.obj (.text:xdc_runtime_System_exit__E)
                  1001c6d4    00000018     mangled_BIOS_rom.obj (.text:xdc_runtime_Text_ropeText__E)
                  1001c6ec    00000010     mangled_BIOS_rom.obj (.text:xdc_runtime_Memory_free__E)
                  1001c6fc    00000010     mangled_BIOS_rom.obj (.text:xdc_runtime_SysCallback_abort__E)
                  1001c70c    00000010     mangled_BIOS_rom.obj (.text:xdc_runtime_SysCallback_exit__E)
                  1001c71c    00000010     mangled_BIOS_rom.obj (.text:xdc_runtime_Timestamp_SupportProxy_get32__E)
                  1001c72c    0000000c     mangled_BIOS_rom.obj (.text:xdc_runtime_Error_init__E)
                  1001c738    0000000c     mangled_BIOS_rom.obj (.text:xdc_runtime_Memory_calloc__E)
                  1001c744    0000000c     mangled_BIOS_rom.obj (.text:xdc_runtime_Memory_getMaxDefaultTypeAlign__E)
                  1001c750    0000000c     mangled_BIOS_rom.obj (.text:xdc_runtime_Startup_rtsDone__E)
                  1001c75c    0000000a     mangled_BIOS_rom.obj (.text:xdc_runtime_IHeap_alloc$65)
                  1001c766    0000000a     mangled_BIOS_rom.obj (.text:xdc_runtime_IHeap_free$65)
                  1001c770    00000006     mangled_BIOS_rom.obj (.text:xdc_runtime_Gate_leaveSystem__E)
                  1001c776    00000006     mangled_BIOS_rom.obj (.text:xdc_runtime_System_Module_startup__E)
                  1001c77c    00000004     mangled_BIOS_rom.obj (.text:xdc_runtime_Gate_enterSystem__E)
                  1001c780    00000004     mangled_BIOS_rom.obj (.text:xdc_runtime_System_Module_GateProxy_enter__E)
                  1001c784    00000004     mangled_BIOS_rom.obj (.text:xdc_runtime_System_Module_GateProxy_leave__E)
                  1001c788    00000002     mangled_BIOS_rom.obj (.text:xdc_runtime_System_abortSpin__E)
                  1001c78a    00000002     mangled_BIOS_rom.obj (.text:xdc_runtime_System_exitSpin__E)

.sysbios_rom_text 
*          0    1001c78c    000001d4     
                  1001c78c    000000c8     arm_m3_Hwi_asm_rom.obj (.text:ti_sysbios_family_arm_m3_Hwi_dispatch__I)
                  1001c854    0000004c     arm_m3_TaskSupport_asm_rom.obj (.text:ti_sysbios_family_arm_m3_TaskSupport_buildTaskStack)
                  1001c8a0    00000048     arm_m3_Hwi_asm_switch_rom.obj (.text:ti_sysbios_family_arm_m3_Hwi_initStacks__E)
                  1001c8e8    00000020     arm_m3_Hwi_asm_rom.obj (.text:ti_sysbios_family_arm_m3_Hwi_excHandlerAsm__I)
                  1001c908    0000001e     arm_m3_Hwi_asm_switch_rom.obj (.text:ti_sysbios_family_xxx_Hwi_switchAndRunFunc)
                  1001c926    0000001a     arm_m3_Hwi_asm_rom.obj (.text:ti_sysbios_family_arm_m3_Hwi_pendSV__I)
                  1001c940    00000010     arm_m3_TaskSupport_asm_rom.obj (.text:ti_sysbios_family_arm_m3_TaskSupport_glue)
                  1001c950    00000010     arm_m3_TaskSupport_asm_rom.obj (.text:ti_sysbios_family_arm_m3_TaskSupport_swap__E)

.sysbios_rom_text 
*          0    1001c960    000001c0     
                  1001c960    0000003c     CC26xx_r2_pem3.obj (.const:ti_sysbios_knl_Task_Object__PARAMS__C)
                  1001c99c    00000034     CC26xx_r2_pem3.obj (.const:ti_sysbios_knl_Mailbox_Object__PARAMS__C)
                  1001c9d0    00000030     CC26xx_r2_pem3.obj (.const:ti_sysbios_family_arm_m3_Hwi_Object__PARAMS__C)
                  1001ca00    0000002c     CC26xx_r2_pem3.obj (.const:ti_sysbios_hal_Hwi_Object__PARAMS__C)
                  1001ca2c    00000028     CC26xx_r2_pem3.obj (.const:ti_sysbios_knl_Swi_Object__PARAMS__C)
                  1001ca54    00000024     CC26xx_r2_pem3.obj (.const:ti_sysbios_heaps_HeapMem_Object__PARAMS__C)
                  1001ca78    00000024     CC26xx_r2_pem3.obj (.const:ti_sysbios_knl_Clock_Object__PARAMS__C)
                  1001ca9c    00000024     CC26xx_r2_pem3.obj (.const:ti_sysbios_knl_Semaphore_Object__PARAMS__C)
                  1001cac0    00000018     CC26xx_r2_pem3.obj (.const:ti_sysbios_gates_GateHwi_Object__PARAMS__C)
                  1001cad8    00000018     CC26xx_r2_pem3.obj (.const:ti_sysbios_gates_GateMutex_Object__PARAMS__C)
                  1001caf0    00000018     CC26xx_r2_pem3.obj (.const:ti_sysbios_knl_Event_Object__PARAMS__C)
                  1001cb08    00000018     CC26xx_r2_pem3.obj (.const:ti_sysbios_knl_Queue_Object__PARAMS__C)

.sysbios_rom_text 
*          0    1001cb20    0000002e     
                  1001cb20    00000018     CC26xx_r2.obj (.text:memcpy)
                  1001cb38    00000016     CC26xx_r2.obj (.text:memset)

.sysbios_rom_text 
*          0    1001cb50    00000024     
                  1001cb50    00000004     CC26xx_r2_pem3.obj (.const:ti_sysbios_gates_GateMutex_Instance_State_sem__O)
                  1001cb54    00000004     CC26xx_r2_pem3.obj (.const:ti_sysbios_knl_Clock_Module_State_clockQ__O)
                  1001cb58    00000004     CC26xx_r2_pem3.obj (.const:ti_sysbios_knl_Event_Instance_State_pendQ__O)
                  1001cb5c    00000004     CC26xx_r2_pem3.obj (.const:ti_sysbios_knl_Mailbox_Instance_State_dataQue__O)
                  1001cb60    00000004     CC26xx_r2_pem3.obj (.const:ti_sysbios_knl_Mailbox_Instance_State_dataSem__O)
                  1001cb64    00000004     CC26xx_r2_pem3.obj (.const:ti_sysbios_knl_Mailbox_Instance_State_freeQue__O)
                  1001cb68    00000004     CC26xx_r2_pem3.obj (.const:ti_sysbios_knl_Mailbox_Instance_State_freeSem__O)
                  1001cb6c    00000004     CC26xx_r2_pem3.obj (.const:ti_sysbios_knl_Semaphore_Instance_State_pendQ__O)
                  1001cb70    00000004     CC26xx_r2_pem3.obj (.const:ti_sysbios_knl_Task_Module_State_inactiveQ__O)

.vecs      0    20000000    000000c8     UNINITIALIZED
                  20000000    000000c8     CC26xx_r2_pem3.obj (.vecs)

.sysbios_rom_data 
*          0    20000100    000000f0     
                  20000100    00000044     CC26xx_r2_pem3.obj (.data:ti_sysbios_knl_Task_Module__state__V)
                  20000144    00000034     CC26xx_r2_pem3.obj (.data:ti_sysbios_family_arm_m3_Hwi_Module__state__V)
                  20000178    0000002c     CC26xx_r2_pem3.obj (.data:ti_sysbios_knl_Clock_Module__state__V)
                  200001a4    00000024     CC26xx_r2_pem3.obj (.data:ti_sysbios_BIOS_Module__state__V)
                  200001c8    0000001c     CC26xx_r2_pem3.obj (.data:ti_sysbios_knl_Swi_Module__state__V)
                  200001e4    00000008     CC26xx_r2_pem3.obj (.data:ti_sysbios_family_arm_cc26xx_Timer_Module__state__V)
                  200001ec    00000004     CC26xx_r2_pem3.obj (.data:ti_sysbios_family_arm_cc26xx_TimestampProvider_Module__state__V)

.sysbios_rom_data 
*          0    200001f0    00000016     
                  200001f0    00000008     CC26xx_r2_pem3.obj (.data:xdc_runtime_Startup_Module__state__V)
                  200001f8    00000008     CC26xx_r2_pem3.obj (.data:xdc_runtime_System_Module__state__V)
                  20000200    00000004     CC26xx_r2_pem3.obj (.data:xdc_runtime_Memory_Module__state__V)
                  20000204    00000002     CC26xx_r2_pem3.obj (.data:xdc_runtime_Error_Module__state__V)

xdc.meta   0    00000000    000000fc     COPY SECTION
                  00000000    000000fc     CC26xx_r2_pem3.obj (xdc.meta)

xdc.noload 
*          0    00000000    00000000     COPY SECTION

.TI.noinit 
*          0    20000600    00000000     UNINITIALIZED

.TI.persistent 
*          0    20000f08    00000000     UNINITIALIZED


FAR CALL TRAMPOLINES

callee name               trampoline name
   callee addr  tramp addr   call addr  call info
--------------  -----------  ---------  ----------------
xdc_runtime_System_exit__E  $Tramp$TT$L$PI$$xdc_runtime_System_exit__E
   1001c6bd     000024f4     00002188   boot.aem3 : boot.oem3 (.text)
memcpy                    $Tramp$TT$L$PI$$memcpy
   1001cb21     000024fc     000020b4   rtsv7M3_T_le_eabi.lib : cpy_tbl.obj (.text)
ti_sysbios_knl_Clock_start__E  $Tramp$TT$L$PI$$ti_sysbios_knl_Clock_start__E
   1001be03     00002504     00001b24   CC26xx_r2.obj (.text:main)
ti_sysbios_knl_Semaphore_post__E  $Tramp$TT$L$PI$$ti_sysbios_knl_Semaphore_post__E
   1001a51d     0000250c     00001b1e   CC26xx_r2.obj (.text:main)
ti_sysbios_knl_Semaphore_pend__E  $Tramp$TT$L$PI$$ti_sysbios_knl_Semaphore_pend__E
   10019b05     00002514     00001b18   CC26xx_r2.obj (.text:main)
ti_sysbios_knl_Event_post__E  $Tramp$TT$L$PI$$ti_sysbios_knl_Event_post__E
   1001a591     0000251c     00001b0e   CC26xx_r2.obj (.text:main)
ti_sysbios_knl_Event_pend__E  $Tramp$TT$L$PI$$ti_sysbios_knl_Event_pend__E
   10019bf9     00002524     00001b06   CC26xx_r2.obj (.text:main)
ti_sysbios_knl_Swi_construct  $Tramp$TT$L$PI$$ti_sysbios_knl_Swi_construct
   1001ad8d     0000252c     00001af8   CC26xx_r2.obj (.text:main)
ti_sysbios_family_arm_m3_Hwi_construct  $Tramp$TT$L$PI$$ti_sysbios_family_arm_m3_Hwi_construct
   1001ab81     00002534     00001aec   CC26xx_r2.obj (.text:main)
ti_sysbios_knl_Clock_construct  $Tramp$TT$L$PI$$ti_sysbios_knl_Clock_construct
   1001b27d     0000253c     00001adc   CC26xx_r2.obj (.text:main)
ti_sysbios_knl_Event_construct  $Tramp$TT$L$PI$$ti_sysbios_knl_Event_construct
   1001b5d5     00002544     00001ad0   CC26xx_r2.obj (.text:main)
ti_sysbios_knl_Semaphore_construct  $Tramp$TT$L$PI$$ti_sysbios_knl_Semaphore_construct
   1001b441     0000254c     00001ac8   CC26xx_r2.obj (.text:main)
ti_sysbios_knl_Task_construct  $Tramp$TT$L$PI$$ti_sysbios_knl_Task_construct
   1001ae2d     00002554     00001abe   CC26xx_r2.obj (.text:main)
ti_sysbios_knl_Swi_create  $Tramp$TT$L$PI$$ti_sysbios_knl_Swi_create
   1001ac31     0000255c     00001ab2   CC26xx_r2.obj (.text:main)
ti_sysbios_family_arm_m3_Hwi_create  $Tramp$TT$L$PI$$ti_sysbios_family_arm_m3_Hwi_create
   1001a94d     00002564     00001aa8   CC26xx_r2.obj (.text:main)
ti_sysbios_knl_Clock_create  $Tramp$TT$L$PI$$ti_sysbios_knl_Clock_create
   1001b211     0000256c     00001a9c   CC26xx_r2.obj (.text:main)
ti_sysbios_knl_Event_create  $Tramp$TT$L$PI$$ti_sysbios_knl_Event_create
   1001b411     00002574     00001a90   CC26xx_r2.obj (.text:main)
ti_sysbios_knl_Semaphore_create  $Tramp$TT$L$PI$$ti_sysbios_knl_Semaphore_create
   1001b2e5     0000257c     00001a88   CC26xx_r2.obj (.text:main)
ti_sysbios_knl_Task_create  $Tramp$TT$L$PI$$ti_sysbios_knl_Task_create
   1001ace1     00002584     00001a7e   CC26xx_r2.obj (.text:main)
ti_sysbios_knl_Swi_Params__init__S  $Tramp$TT$L$PI$$ti_sysbios_knl_Swi_Params__init__S
   1001bff9     0000258c     00001a72   CC26xx_r2.obj (.text:main)
ti_sysbios_family_arm_m3_Hwi_Params__init__S  $Tramp$TT$L$PI$$ti_sysbios_family_arm_m3_Hwi_Params__init__S
   1001bf5d     00002594     00001a66   CC26xx_r2.obj (.text:main)
ti_sysbios_knl_Event_Params__init__S  $Tramp$TT$L$PI$$ti_sysbios_knl_Event_Params__init__S
   1001bfbd     0000259c     00001a5a   CC26xx_r2.obj (.text:main)
ti_sysbios_knl_Semaphore_Params__init__S  $Tramp$TT$L$PI$$ti_sysbios_knl_Semaphore_Params__init__S
   1001bfed     000025a4     00001a4e   CC26xx_r2.obj (.text:main)
ti_sysbios_knl_Clock_Params__init__S  $Tramp$TT$L$PI$$ti_sysbios_knl_Clock_Params__init__S
   1001bfa5     000025ac     00001a42   CC26xx_r2.obj (.text:main)
ti_sysbios_knl_Task_Params__init__S  $Tramp$TT$L$PI$$ti_sysbios_knl_Task_Params__init__S
   1001c005     000025b4     00001a36   CC26xx_r2.obj (.text:main)
ti_sysbios_BIOS_start__E  $Tramp$TT$L$PI$$ti_sysbios_BIOS_start__E
   1001be95     000025bc     00001a2a   CC26xx_r2.obj (.text:main)
xdc_runtime_SysCallback_exit__E  $Tramp$TT$L$PI$$xdc_runtime_SysCallback_exit__E
   1001c70d     00002874     0000286a   CC26xx_r2_pem3.obj (.text:xdc_runtime_System_SupportProxy_exit__E)
xdc_runtime_SysCallback_abort__E  $Tramp$TT$L$PI$$xdc_runtime_SysCallback_abort__E
   1001c6fd     0000287c     0000285e   CC26xx_r2_pem3.obj (.text:xdc_runtime_System_SupportProxy_abort__E)
xdc_runtime_System_exit__E  $Tramp$TT$L$PI$$xdc_runtime_System_exit__E
   1001c6bd     00002884     000027cc   CC26xx_r2_pem3.obj (.text:ti_sysbios_BIOS_exitFunc__I)
ti_sysbios_knl_Swi_post__E  $Tramp$TT$L$PI$$ti_sysbios_knl_Swi_post__E
   1001b025     0000288c     00002798   CC26xx_r2_pem3.obj (.text:ti_sysbios_knl_Clock_doTick__I)
ti_sysbios_knl_Clock_logTick__E  $Tramp$TT$L$PI$$ti_sysbios_knl_Clock_logTick__E
   1001bda3     00002894     00002790   CC26xx_r2_pem3.obj (.text:ti_sysbios_knl_Clock_doTick__I)
ti_sysbios_BIOS_RtsGateProxy_leave__E  $Tramp$TT$L$PI$$ti_sysbios_BIOS_RtsGateProxy_leave__E
   1001c079     0000289c     000026f8   CC26xx_r2_pem3.obj (.text:ti_sysbios_BIOS_rtsUnlock__I)
ti_sysbios_knl_Task_startup__E  $Tramp$TT$L$PI$$ti_sysbios_knl_Task_startup__E
   1001c109     000028a4     000026d4   CC26xx_r2_pem3.obj (.text:ti_sysbios_BIOS_startFunc__I)
ti_sysbios_knl_Swi_startup__E  $Tramp$TT$L$PI$$ti_sysbios_knl_Swi_startup__E
   1001c069     000028ac     000026d0   CC26xx_r2_pem3.obj (.text:ti_sysbios_BIOS_startFunc__I)
ti_sysbios_hal_Hwi_startup__E  $Tramp$TT$L$PI$$ti_sysbios_hal_Hwi_startup__E
   1001c02f     000028b4     000026cc   CC26xx_r2_pem3.obj (.text:ti_sysbios_BIOS_startFunc__I)
ti_sysbios_family_arm_cc26xx_Timer_startup__E  $Tramp$TT$L$PI$$ti_sysbios_family_arm_cc26xx_Timer_startup__E
   1001b4cd     000028bc     000026c8   CC26xx_r2_pem3.obj (.text:ti_sysbios_BIOS_startFunc__I)
xdc_runtime_System_atexit__E  $Tramp$TT$L$PI$$xdc_runtime_System_atexit__E
   1001c569     000028c4     000026c0   CC26xx_r2_pem3.obj (.text:ti_sysbios_BIOS_startFunc__I)
ti_sysbios_BIOS_linkedWithIncorrectBootLibrary__E  $Tramp$TT$L$PI$$ti_sysbios_BIOS_linkedWithIncorrectBootLibrary__E
   1001b167     000028cc     000026ba   CC26xx_r2_pem3.obj (.text:ti_sysbios_BIOS_startFunc__I)
xdc_runtime_Startup_rtsDone__E  $Tramp$TT$L$PI$$xdc_runtime_Startup_rtsDone__E
   1001c751     000028d4     000026b2   CC26xx_r2_pem3.obj (.text:ti_sysbios_BIOS_startFunc__I)
ti_sysbios_BIOS_RtsGateProxy_enter__E  $Tramp$TT$L$PI$$ti_sysbios_BIOS_RtsGateProxy_enter__E
   1001c075     000028dc     00002686   CC26xx_r2_pem3.obj (.text:ti_sysbios_BIOS_rtsLock__I)
ti_sysbios_BIOS_setThreadType__E  $Tramp$TT$L$PI$$ti_sysbios_BIOS_setThreadType__E
   1001be85     000028e4     0000265e   CC26xx_r2_pem3.obj (.text:ti_sysbios_BIOS_atExitFunc__I)
                             00002746   CC26xx_r2_pem3.obj (.text:ti_sysbios_BIOS_errorRaiseHook__I)
                             000027c6   CC26xx_r2_pem3.obj (.text:ti_sysbios_BIOS_exitFunc__I)
ti_sysbios_knl_Task_disable__E  $Tramp$TT$L$PI$$ti_sysbios_knl_Task_disable__E
   1001bf15     000028ec     00002658   CC26xx_r2_pem3.obj (.text:ti_sysbios_BIOS_atExitFunc__I)
ti_sysbios_knl_Swi_disable__E  $Tramp$TT$L$PI$$ti_sysbios_knl_Swi_disable__E
   1001bef5     000028f4     00002654   CC26xx_r2_pem3.obj (.text:ti_sysbios_BIOS_atExitFunc__I)
ti_sysbios_knl_Clock_scheduleNextTick__E  $Tramp$TT$L$PI$$ti_sysbios_knl_Clock_scheduleNextTick__E
   1001bc8d     00002b28     0000297a   mangled_BIOS_rom.obj (.text:ti_sysbios_knl_Clock_workFuncDynamic__E__mangled__)
ti_sysbios_knl_Clock_walkQueueDynamic__E  $Tramp$TT$L$PI$$ti_sysbios_knl_Clock_walkQueueDynamic__E
   1001a42d     00002b30     00002942   mangled_BIOS_rom.obj (.text:ti_sysbios_knl_Clock_workFuncDynamic__E__mangled__)
                             0000295e   mangled_BIOS_rom.obj (.text:ti_sysbios_knl_Clock_workFuncDynamic__E__mangled__)
ti_sysbios_knl_Clock_TimerProxy_getCurrentTick__E  $Tramp$TT$L$PI$$ti_sysbios_knl_Clock_TimerProxy_getCurrentTick__E
   1001bec5     00002b38     00002910   mangled_BIOS_rom.obj (.text:ti_sysbios_knl_Clock_workFuncDynamic__E__mangled__)

[46 trampolines]
[49 trampoline calls]


GLOBAL SYMBOLS: SORTED ALPHABETICALLY BY Name 

address   name                                                                      
-------   ----                                                                      
000021a1  C$$EXIT                                                                   
00002265  NOROM_AONEventMcuWakeUpSet                                                
00002469  NOROM_AONRTCCurrent64BitValueGet                                          
00002391  NOROM_AONRTCCurrentCompareValueGet                                        
000024d3  NOROM_CPUcpsid                                                            
000024df  NOROM_CPUcpsie                                                            
000020cd  NOROM_ChipInfo_GetChipFamily                                              
00001ea1  NOROM_ChipInfo_GetHwRevision                                              
000021e5  NOROM_DDI16BitfieldRead                                                   
00002115  NOROM_DDI16BitfieldWrite                                                  
000022c5  NOROM_DDI32RegWrite                                                       
00002225  NOROM_IntPendClear                                                        
0000233d  NOROM_OSCClockSourceGet                                                   
00002035  NOROM_OSCClockSourceSet                                                   
00001e29  NOROM_SetupAfterColdResetWakeupFromShutDownCfg1                           
00001b35  NOROM_SetupAfterColdResetWakeupFromShutDownCfg2                           
000018f5  NOROM_SetupAfterColdResetWakeupFromShutDownCfg3                           
000023a9  NOROM_SetupGetTrimForAdcShModeEn                                          
000023c1  NOROM_SetupGetTrimForAdcShVbufEn                                          
00001f11  NOROM_SetupGetTrimForAmpcompCtrl                                          
000023d9  NOROM_SetupGetTrimForAmpcompTh1                                           
00002359  NOROM_SetupGetTrimForAmpcompTh2                                           
00001f7d  NOROM_SetupGetTrimForAnabypassValue1                                      
000023f1  NOROM_SetupGetTrimForDblrLoopFilterResetVoltage                           
000022f1  NOROM_SetupGetTrimForRadcExtCfg                                           
00002409  NOROM_SetupGetTrimForRcOscLfIBiasTrim                                     
00002375  NOROM_SetupGetTrimForRcOscLfRtuneCtuneTrim                                
0000231d  NOROM_SetupGetTrimForXoscHfCtl                                            
000024a5  NOROM_SetupGetTrimForXoscHfFastStart                                      
000024b5  NOROM_SetupGetTrimForXoscHfIbiastherm                                     
00002421  NOROM_SetupGetTrimForXoscLfRegulatorAndCmirrwrRatio                       
00002295  NOROM_SetupSetAonRtcSubSecInc                                             
00001fe5  NOROM_SetupSetCacheModeAccordingToCcfgSetting                             
000024c5  NOROM_SetupSignExtendVddrTrimValue                                        
00001ce5  NOROM_SetupTrimDevice                                                     
0000247d  NOROM_ThisCodeIsBuiltForCC26xxHwRev22AndLater_HaltIfViolated              
UNDEFED   SHT$$INIT_ARRAY$$Base                                                     
UNDEFED   SHT$$INIT_ARRAY$$Limit                                                    
00000000  __ASM__                                                                   
00000076  __ISA__                                                                   
00000088  __PLAT__                                                                  
20005000  __STACK_END                                                               
00001000  __STACK_SIZE                                                              
20005000  __STACK_TOP                                                               
000000af  __TARG__                                                                  
UNDEFED   __TI_CINIT_Base                                                           
UNDEFED   __TI_CINIT_Limit                                                          
UNDEFED   __TI_Handler_Table_Base                                                   
UNDEFED   __TI_Handler_Table_Limit                                                  
00001d89  __TI_auto_init                                                            
20001200  __TI_cleanup_ptr                                                          
20001204  __TI_dtors_ptr                                                            
00000000  __TI_static_base__                                                        
000000d4  __TRDR__                                                                  
00002451  __aeabi_lmul                                                              
[...]
1001be41  ti_sysbios_hal_Hwi_Module_startup__E                                      
1001be53  ti_sysbios_knl_Event_sync__E                                              
1001be65  ti_sysbios_BIOS_exit__E                                                   
1001be75  ti_sysbios_BIOS_getCpuFreq__E                                             
1001be85  ti_sysbios_BIOS_setThreadType__E                                          
1001be95  ti_sysbios_BIOS_start__E                                                  
1001bea5  ti_sysbios_gates_GateMutex_Instance_finalize__E                           
1001beb5  ti_sysbios_hal_Hwi_HwiProxy_Object__create__S                             
1001bec5  ti_sysbios_knl_Clock_TimerProxy_getCurrentTick__E                         
1001bed5  ti_sysbios_knl_Clock_TimerProxy_getMaxTicks__E                            
1001bee5  ti_sysbios_knl_Clock_TimerProxy_setNextTick__E                            
1001bef5  ti_sysbios_knl_Swi_disable__E                                             
1001bf05  ti_sysbios_knl_Swi_enabled__E                                             
1001bf15  ti_sysbios_knl_Task_disable__E                                            
1001bf25  ti_sysbios_heaps_HeapMem_restore__E                                       
1001bf33  ti_sysbios_knl_Queue_empty__E                                             
1001bf41  ti_sysbios_knl_Queue_remove__E                                            
1001bf4f  ti_sysbios_family_arm_cc26xx_TimestampProvider_getFreq__E                 
1001bf4f  xdc_runtime_Timestamp_SupportProxy_getFreq__E                             
1001bf4f  xdc_runtime_Timestamp_getFreq__E                                          
1001bf5b  ti_sysbios_knl_Clock_triggerFunc__I                                       
1001bf5d  ti_sysbios_family_arm_m3_Hwi_Params__init__S                              
1001bf5d  ti_sysbios_hal_Hwi_HwiProxy_Params__init__S                               
1001bf69  ti_sysbios_family_arm_m3_Hwi_disableFxn__E                                
1001bf75  ti_sysbios_family_arm_m3_Hwi_enableFxn__E                                 
1001bf81  ti_sysbios_family_arm_m3_TaskSupport_getStackAlignment__E                 
1001bf81  ti_sysbios_knl_Task_SupportProxy_getStackAlignment__E                     
1001bf8d  ti_sysbios_gates_GateHwi_enter__E                                         
1001bf99  ti_sysbios_BIOS_RtsGateProxy_Params__init__S                              
1001bf99  ti_sysbios_gates_GateMutex_Params__init__S                                
1001bf99  ti_sysbios_heaps_HeapMem_Module_GateProxy_Params__init__S                 
1001bfa5  ti_sysbios_knl_Clock_Params__init__S                                      
1001bfb1  ti_sysbios_knl_Clock_getTimerHandle__E                                    
1001bfbd  ti_sysbios_knl_Event_Params__init__S                                      
1001bfc9  ti_sysbios_knl_Mailbox_Params__init__S                                    
1001bfd5  ti_sysbios_knl_Queue_dequeue__E                                           
1001bfe1  ti_sysbios_knl_Queue_enqueue__E                                           
1001bfed  ti_sysbios_knl_Semaphore_Params__init__S                                  
1001bff9  ti_sysbios_knl_Swi_Params__init__S                                        
1001c005  ti_sysbios_knl_Task_Params__init__S                                       
1001c011  ti_sysbios_knl_Task_self__E                                               
1001c01d  ti_sysbios_hal_Hwi_Instance_finalize__E                                   
1001c027  ti_sysbios_family_arm_m3_Hwi_doSwiRestore__I                              
1001c02f  ti_sysbios_family_arm_m3_Hwi_startup__E                                   
1001c02f  ti_sysbios_hal_Hwi_HwiProxy_startup__E                                    
1001c02f  ti_sysbios_hal_Hwi_startup__E                                             
1001c037  ti_sysbios_knl_Idle_loop__E                                               
1001c03f  ti_sysbios_family_arm_m3_Hwi_doTaskRestore__I                             
1001c045  ti_sysbios_family_arm_m3_Hwi_restoreFxn__E                                
1001c04b  ti_sysbios_gates_GateHwi_leave__E                                         
1001c051  ti_sysbios_heaps_HeapMem_isBlocking__E                                    
1001c057  ti_sysbios_knl_Queue_Instance_init__E                                     
1001c05d  ti_sysbios_knl_Queue_elemClear__E                                         
1001c063  ti_sysbios_knl_Swi_Module_startup__E                                      
1001c069  ti_sysbios_knl_Swi_startup__E                                             
1001c06f  ti_sysbios_knl_Task_enable__E                                             
1001c075  ti_sysbios_BIOS_RtsGateProxy_enter__E                                     
1001c079  ti_sysbios_BIOS_RtsGateProxy_leave__E                                     
1001c07d  ti_sysbios_family_arm_cc26xx_Timer_getExpiredTicks__E                     
1001c081  ti_sysbios_family_arm_cc26xx_Timer_getPeriod__E                           
1001c085  ti_sysbios_family_arm_cc26xx_Timer_setPeriod__E                           
1001c089  ti_sysbios_family_arm_m3_Hwi_delete                                       
1001c08d  ti_sysbios_family_arm_m3_Hwi_destruct                                     
1001c091  ti_sysbios_family_arm_m3_TaskSupport_Module__startupDone__S               
1001c091  ti_sysbios_knl_Task_SupportProxy_Module__startupDone__S                   
1001c095  ti_sysbios_gates_GateHwi_query__E                                         
1001c095  xdc_runtime_System_Module_GateProxy_query__E                              
1001c099  ti_sysbios_gates_GateMutex_delete                                         
1001c09d  ti_sysbios_gates_GateMutex_destruct                                       
1001c0a1  ti_sysbios_BIOS_RtsGateProxy_query__E                                     
1001c0a1  ti_sysbios_gates_GateMutex_query__E                                       
1001c0a1  ti_sysbios_heaps_HeapMem_Module_GateProxy_query__E                        
1001c0a5  ti_sysbios_hal_Hwi_HwiProxy_delete                                        
1001c0a9  ti_sysbios_hal_Hwi_delete                                                 
1001c0ad  ti_sysbios_heaps_HeapMem_Module_GateProxy_enter__E                        
1001c0b1  ti_sysbios_heaps_HeapMem_Module_GateProxy_leave__E                        
1001c0b5  ti_sysbios_knl_Clock_TimerProxy_getExpiredTicks__E                        
1001c0b9  ti_sysbios_knl_Clock_TimerProxy_getPeriod__E                              
1001c0bd  ti_sysbios_knl_Clock_delete                                               
1001c0c1  ti_sysbios_knl_Clock_destruct                                             
1001c0c5  ti_sysbios_knl_Clock_removeI__E                                           
1001c0c9  ti_sysbios_knl_Clock_setTimeout__E                                        
1001c0cd  ti_sysbios_knl_Event_delete                                               
1001c0d1  ti_sysbios_knl_Event_destruct                                             
1001c0d5  ti_sysbios_knl_Mailbox_delete                                             
1001c0d9  ti_sysbios_knl_Mailbox_destruct                                           
1001c0dd  ti_sysbios_knl_Queue_delete                                               
1001c0e1  ti_sysbios_knl_Queue_destruct                                             
1001c0e5  ti_sysbios_knl_Queue_head__E                                              
1001c0e9  ti_sysbios_knl_Queue_next__E                                              
1001c0ed  ti_sysbios_knl_Semaphore_delete                                           
1001c0f1  ti_sysbios_knl_Semaphore_destruct                                         
1001c0f5  ti_sysbios_knl_Swi_delete                                                 
1001c0f9  ti_sysbios_knl_Swi_destruct                                               
1001c0fd  ti_sysbios_knl_Swi_postInit__I                                            
1001c101  ti_sysbios_knl_Task_delete                                                
1001c105  ti_sysbios_knl_Task_destruct                                              
1001c109  ti_sysbios_knl_Task_startup__E                                            
1001c10d  ti_sysbios_knl_Swi_Instance_finalize__E                                   
1001c111  xdc_runtime_Startup_startMods__I                                          
1001c209  xdc_runtime_Error_policyDefault__E                                        
1001c2b1  xdc_runtime_Core_createObject__I                                          
1001c331  xdc_runtime_Memory_alloc__E                                               
1001c39d  xdc_runtime_Core_deleteObject__I                                          
1001c3fb  xdc_runtime_Error_policySpin__E                                           
1001c3fd  xdc_runtime_Startup_exec__E                                               
1001c44d  xdc_runtime_Assert_raise__I                                               
1001c495  xdc_runtime_Core_assignParams__I                                          
1001c4dd  xdc_runtime_Core_constructObject__I                                       
1001c525  xdc_runtime_Error_setX__E                                                 
1001c569  xdc_runtime_System_atexit__E                                              
1001c5a1  xdc_runtime_Core_assignLabel__I                                           
1001c5d5  xdc_runtime_System_processAtExit__E                                       
1001c609  xdc_runtime_Text_cordText__E                                              
1001c635  xdc_runtime_System_abort__E                                               
1001c655  xdc_runtime_Error_raiseX__E                                               
1001c671  xdc_runtime_Memory_valloc__E                                              
1001c68d  xdc_runtime_Core_destructObject__I                                        
1001c6a5  xdc_runtime_Error_check__E                                                
1001c6bd  xdc_runtime_System_exit__E                                                
1001c6d5  xdc_runtime_Text_ropeText__E                                              
1001c6ed  xdc_runtime_Memory_free__E                                                
1001c6fd  xdc_runtime_SysCallback_abort__E                                          
1001c70d  xdc_runtime_SysCallback_exit__E                                           
1001c71d  xdc_runtime_Timestamp_SupportProxy_get32__E                               
1001c71d  xdc_runtime_Timestamp_get32__E                                            
1001c72d  xdc_runtime_Error_init__E                                                 
1001c739  xdc_runtime_Memory_calloc__E                                              
1001c745  xdc_runtime_Memory_getMaxDefaultTypeAlign__E                              
1001c751  xdc_runtime_Startup_rtsDone__E                                            
1001c75d  xdc_runtime_Memory_HeapProxy_alloc__E                                     
1001c767  xdc_runtime_Memory_HeapProxy_free__E                                      
1001c771  xdc_runtime_Gate_leaveSystem__E                                           
1001c777  xdc_runtime_System_Module_startup__E                                      
1001c77d  xdc_runtime_Gate_enterSystem__E                                           
1001c781  xdc_runtime_System_Module_GateProxy_enter__E                              
1001c785  xdc_runtime_System_Module_GateProxy_leave__E                              
1001c789  xdc_runtime_System_abortSpin__E                                           
1001c78b  xdc_runtime_System_exitSpin__E                                            
1001c78d  ti_sysbios_family_arm_m3_Hwi_dispatch__I                                  
1001c855  ti_sysbios_family_arm_m3_TaskSupport_buildTaskStack                       
1001c8a1  ti_sysbios_family_arm_m3_Hwi_initStacks__E                                
1001c8e9  ti_sysbios_family_arm_m3_Hwi_excHandlerAsm__I                             
1001c909  ti_sysbios_family_xxx_Hwi_switchAndRunFunc                                
1001c927  ti_sysbios_family_arm_m3_Hwi_pendSV__I                                    
1001c93f  ti_sysbios_family_arm_m3_Hwi_return                                       
1001c941  ti_sysbios_family_arm_m3_TaskSupport_glue                                 
1001c951  ti_sysbios_family_arm_m3_TaskSupport_swap__E                              
1001c951  ti_sysbios_knl_Task_SupportProxy_swap__E                                  
1001c959  ti_sysbios_knl_Task_swapReturn                                            
1001c960  ti_sysbios_knl_Task_Object__PARAMS__C                                     
1001c99c  ti_sysbios_knl_Mailbox_Object__PARAMS__C                                  
1001c9d0  ti_sysbios_family_arm_m3_Hwi_Object__PARAMS__C                            
1001ca00  ti_sysbios_hal_Hwi_Object__PARAMS__C                                      
1001ca2c  ti_sysbios_knl_Swi_Object__PARAMS__C                                      
1001ca54  ti_sysbios_heaps_HeapMem_Object__PARAMS__C                                
1001ca78  ti_sysbios_knl_Clock_Object__PARAMS__C                                    
1001ca9c  ti_sysbios_knl_Semaphore_Object__PARAMS__C                                
1001cac0  ti_sysbios_gates_GateHwi_Object__PARAMS__C                                
1001cad8  ti_sysbios_gates_GateMutex_Object__PARAMS__C                              
1001caf0  ti_sysbios_knl_Event_Object__PARAMS__C                                    
1001cb08  ti_sysbios_knl_Queue_Object__PARAMS__C                                    
1001cb21  memcpy                                                                    
1001cb39  memset                                                                    
1001cb50  ti_sysbios_gates_GateMutex_Instance_State_sem__O                          
1001cb54  ti_sysbios_knl_Clock_Module_State_clockQ__O                               
1001cb58  ti_sysbios_knl_Event_Instance_State_pendQ__O                              
1001cb5c  ti_sysbios_knl_Mailbox_Instance_State_dataQue__O                          
1001cb60  ti_sysbios_knl_Mailbox_Instance_State_dataSem__O                          
1001cb64  ti_sysbios_knl_Mailbox_Instance_State_freeQue__O                          
1001cb68  ti_sysbios_knl_Mailbox_Instance_State_freeSem__O                          
1001cb6c  ti_sysbios_knl_Semaphore_Instance_State_pendQ__O                          
1001cb70  ti_sysbios_knl_Task_Module_State_inactiveQ__O                             
20000000  ti_sysbios_family_arm_m3_Hwi_ramVectors                                   
20000100  ti_sysbios_knl_Task_Module__state__V                                      
20000144  ti_sysbios_family_arm_m3_Hwi_Module__state__V                             
20000178  ti_sysbios_knl_Clock_Module__state__V                                     
200001a4  ti_sysbios_BIOS_Module__state__V                                          
200001c8  ti_sysbios_knl_Swi_Module__state__V                                       
200001e4  ti_sysbios_family_arm_cc26xx_Timer_Module__state__V                       
200001ec  ti_sysbios_family_arm_cc26xx_TimestampProvider_Module__state__V           
200001f0  xdc_runtime_Startup_Module__state__V                                      
200001f8  xdc_runtime_System_Module__state__V                                       
20000200  xdc_runtime_Memory_Module__state__V                                       
20000204  xdc_runtime_Error_Module__state__V                                        
20000600  ti_sysbios_knl_Task_Instance_State_0_stack__A                             
20000e00  ti_sysbios_family_arm_m3_Hwi_dispatchTable                                
20000ec8  ti_sysbios_heaps_HeapMem_Instance_State_0_buf__A                          
20000f08  ti_sysbios_family_arm_cc26xx_Timer_Module__root__V                        
20000f10  ti_sysbios_family_arm_m3_Hwi_Module__root__V                              
20000f18  ti_sysbios_family_arm_m3_Hwi_Object__table__V                             
20000f30  ti_sysbios_family_arm_m3_Hwi_Module_State_0_excActive__A                  
20000f34  ti_sysbios_family_arm_m3_Hwi_Module_State_0_excContext__A                 
20000f38  ti_sysbios_family_arm_m3_Hwi_Module_State_0_excStack__A                   
20000f3c  ti_sysbios_gates_GateHwi_Module__root__V                                  
20000f44  ti_sysbios_gates_GateHwi_Object__table__V                                 
20000f48  ti_sysbios_gates_GateMutex_Module__root__V                                
20000f50  ti_sysbios_hal_Hwi_Module__root__V                                        
20000f58  ti_sysbios_heaps_HeapMem_Module__root__V                                  
20000f60  ti_sysbios_heaps_HeapMem_Object__table__V                                 
20000f78  ti_sysbios_knl_Clock_Module__root__V                                      
20000f80  ti_sysbios_knl_Clock_Object__table__V                                     
20000fa0  ti_sysbios_knl_Event_Module__root__V                                      
20000fa8  ti_sysbios_knl_Mailbox_Module__root__V                                    
20000fb0  ti_sysbios_knl_Queue_Module__root__V                                      
20000fb8  ti_sysbios_knl_Semaphore_Module__root__V                                  
20000fc0  ti_sysbios_knl_Swi_Module__root__V                                        
20000fc8  ti_sysbios_knl_Task_Module__root__V                                       
20000fd0  ti_sysbios_knl_Task_Module_State_0_idleTask__A                            
20000fd4  xdc_runtime_System_Module_State_0_atexitHandlers__A                       
20000ff4  __xdc__init__addr                                                         
20000ff8  ti_sysbios_knl_Swi_Module_State_0_readyQ__A                               
20001078  ti_sysbios_knl_Task_Module_State_0_readyQ__A                              
200010f8  ti_sysbios_knl_Task_Object__table__V                                      
20001144  main_func_sp                                                              
20001148  ti_sysbios_family_arm_cc26xx_Timer_Object__table__V                       
20001190  ti_sysbios_gates_GateMutex_Object__table__V                               
200011c8  ti_sysbios_knl_Swi_Object__table__V                                       
200011f8  _lock                                                                     
200011fc  _unlock                                                                   
20001200  __TI_cleanup_ptr                                                          
20001204  __TI_dtors_ptr                                                            
20004000  __stack                                                                   
20005000  __STACK_END                                                               
20005000  __STACK_TOP                                                               
e000e000  ti_sysbios_family_arm_m3_Hwi_nvic                                         
ffffffff  __binit__                                                                 
ffffffff  __c_args__                                                                
ffffffff  binit                                                                     
UNDEFED   SHT$$INIT_ARRAY$$Base                                                     
UNDEFED   SHT$$INIT_ARRAY$$Limit                                                    
UNDEFED   __TI_CINIT_Base                                                           
UNDEFED   __TI_CINIT_Limit                                                          
UNDEFED   __TI_Handler_Table_Base                                                   
UNDEFED   __TI_Handler_Table_Limit                                                  

[606 symbols]
